

================================================================
== Vitis HLS Report for 'srcnn_Pipeline_CopyW3_inft_CopyW3_ky_CopyW3_kx'
================================================================
* Date:           Tue Oct 21 00:21:35 2025

* Version:        2023.1 (Build 3854077 on May  4 2023)
* Project:        srcnn_hls
* Solution:       solution1 (Vivado IP Flow Target)
* Product family: zynquplus
* Target device:  xck26-sfvc784-2LV-c


================================================================
== Performance Estimates
================================================================
+ Timing: 
    * Summary: 
    +--------+----------+----------+------------+
    |  Clock |  Target  | Estimated| Uncertainty|
    +--------+----------+----------+------------+
    |ap_clk  |  10.00 ns|  7.300 ns|     2.70 ns|
    +--------+----------+----------+------------+

+ Latency: 
    * Summary: 
    +---------+---------+----------+----------+-----+-----+---------+
    |  Latency (cycles) |  Latency (absolute) |  Interval | Pipeline|
    |   min   |   max   |    min   |    max   | min | max |   Type  |
    +---------+---------+----------+----------+-----+-----+---------+
    |      803|      803|  8.030 us|  8.030 us|  803|  803|       no|
    +---------+---------+----------+----------+-----+-----+---------+

    + Detail: 
        * Instance: 
        N/A

        * Loop: 
        +-----------------------------------+---------+---------+----------+-----------+-----------+------+----------+
        |                                   |  Latency (cycles) | Iteration|  Initiation Interval  | Trip |          |
        |             Loop Name             |   min   |   max   |  Latency |  achieved |   target  | Count| Pipelined|
        +-----------------------------------+---------+---------+----------+-----------+-----------+------+----------+
        |- CopyW3_inft_CopyW3_ky_CopyW3_kx  |      801|      801|         3|          1|          1|   800|       yes|
        +-----------------------------------+---------+---------+----------+-----------+-----------+------+----------+

============================================================
+ Verbose Summary: Synthesis Manager
============================================================
InlineROM: 1
ExposeGlobal: 0
============================================================
+ Verbose Summary: CDFG Model
============================================================
IsTopModel: 0
ResetActiveHigh: 1
IsCombinational: 0
IsDatapathOnly: 0
HasWiredReturn: 1
HasMFsm: 2
HasVarLatency: 1
IsPipeline: 0
IsRtlPipelined: 0
IsInstanceOverlapped: 0
IsDontTouch: 0
HasImplIP: 0
IsGatedGlobalClock: 0

+ Individual pipeline summary: 
  * Pipeline-0: initiation interval (II) = 1, depth = 3


============================================================
+ Verbose Summary: Schedule
============================================================
* Number of FSM states : 3
* Pipeline : 1
  Pipeline-0 : II = 1, D = 3, States = { 1 2 3 }
* Dataflow Pipeline: 0

* FSM state transitions: 
1 --> 2 
2 --> 3 
3 --> 

* FSM state operations: 

State 1 <SV = 0> <Delay = 1.21>
ST_1 : Operation 6 [1/1] (0.00ns)   --->   "%kx = alloca i32 1"   --->   Operation 6 'alloca' 'kx' <Predicate = true> <Delay = 0.00>
ST_1 : Operation 7 [1/1] (0.00ns)   --->   "%ky = alloca i32 1"   --->   Operation 7 'alloca' 'ky' <Predicate = true> <Delay = 0.00>
ST_1 : Operation 8 [1/1] (0.00ns)   --->   "%indvar_flatten6 = alloca i32 1"   --->   Operation 8 'alloca' 'indvar_flatten6' <Predicate = true> <Delay = 0.00>
ST_1 : Operation 9 [1/1] (0.00ns)   --->   "%i3 = alloca i32 1"   --->   Operation 9 'alloca' 'i3' <Predicate = true> <Delay = 0.00>
ST_1 : Operation 10 [1/1] (0.00ns)   --->   "%indvar_flatten19 = alloca i32 1"   --->   Operation 10 'alloca' 'indvar_flatten19' <Predicate = true> <Delay = 0.00>
ST_1 : Operation 11 [1/1] (0.00ns)   --->   "%sext_ln399_read = read i62 @_ssdm_op_Read.ap_auto.i62, i62 %sext_ln399"   --->   Operation 11 'read' 'sext_ln399_read' <Predicate = true> <Delay = 0.00>
ST_1 : Operation 12 [1/1] (0.00ns)   --->   "%sext_ln399_cast = sext i62 %sext_ln399_read"   --->   Operation 12 'sext' 'sext_ln399_cast' <Predicate = true> <Delay = 0.00>
ST_1 : Operation 13 [1/1] (0.00ns)   --->   "%specmemcore_ln0 = specmemcore void @_ssdm_op_SpecMemCore, i32 %srcnn_float_255_255_float_1_9_9_float_float_64_1_1_f_7, i64 666, i64 18, i64 18446744073709551615"   --->   Operation 13 'specmemcore' 'specmemcore_ln0' <Predicate = true> <Delay = 0.00>
ST_1 : Operation 14 [1/1] (0.00ns)   --->   "%specmemcore_ln0 = specmemcore void @_ssdm_op_SpecMemCore, i32 %srcnn_float_255_255_float_1_9_9_float_float_64_1_1_f_1, i64 666, i64 18, i64 18446744073709551615"   --->   Operation 14 'specmemcore' 'specmemcore_ln0' <Predicate = true> <Delay = 0.00>
ST_1 : Operation 15 [1/1] (0.00ns)   --->   "%specmemcore_ln0 = specmemcore void @_ssdm_op_SpecMemCore, i32 %srcnn_float_255_255_float_1_9_9_float_float_64_1_1_f, i64 666, i64 18, i64 18446744073709551615"   --->   Operation 15 'specmemcore' 'specmemcore_ln0' <Predicate = true> <Delay = 0.00>
ST_1 : Operation 16 [1/1] (0.00ns)   --->   "%specmemcore_ln0 = specmemcore void @_ssdm_op_SpecMemCore, i32 %srcnn_float_255_255_float_1_9_9_float_float_64_1_1_f_6, i64 666, i64 18, i64 18446744073709551615"   --->   Operation 16 'specmemcore' 'specmemcore_ln0' <Predicate = true> <Delay = 0.00>
ST_1 : Operation 17 [1/1] (0.00ns)   --->   "%specmemcore_ln0 = specmemcore void @_ssdm_op_SpecMemCore, i32 %srcnn_float_255_255_float_1_9_9_float_float_64_1_1_f_5, i64 666, i64 18, i64 18446744073709551615"   --->   Operation 17 'specmemcore' 'specmemcore_ln0' <Predicate = true> <Delay = 0.00>
ST_1 : Operation 18 [1/1] (0.00ns)   --->   "%specmemcore_ln0 = specmemcore void @_ssdm_op_SpecMemCore, i32 %srcnn_float_255_255_float_1_9_9_float_float_64_1_1_f_4, i64 666, i64 18, i64 18446744073709551615"   --->   Operation 18 'specmemcore' 'specmemcore_ln0' <Predicate = true> <Delay = 0.00>
ST_1 : Operation 19 [1/1] (0.00ns)   --->   "%specmemcore_ln0 = specmemcore void @_ssdm_op_SpecMemCore, i32 %srcnn_float_255_255_float_1_9_9_float_float_64_1_1_f_3, i64 666, i64 18, i64 18446744073709551615"   --->   Operation 19 'specmemcore' 'specmemcore_ln0' <Predicate = true> <Delay = 0.00>
ST_1 : Operation 20 [1/1] (0.00ns)   --->   "%specmemcore_ln0 = specmemcore void @_ssdm_op_SpecMemCore, i32 %srcnn_float_255_255_float_1_9_9_float_float_64_1_1_f_2, i64 666, i64 18, i64 18446744073709551615"   --->   Operation 20 'specmemcore' 'specmemcore_ln0' <Predicate = true> <Delay = 0.00>
ST_1 : Operation 21 [1/1] (0.00ns)   --->   "%specinterface_ln0 = specinterface void @_ssdm_op_SpecInterface, i32 %gmem_w3, void @empty_35, i32 0, i32 0, void @empty_36, i32 0, i32 800, void @empty_8, void @empty_37, void @empty_36, i32 16, i32 16, i32 16, i32 16, void @empty_36, void @empty_36, i32 4294967295, i32 0"   --->   Operation 21 'specinterface' 'specinterface_ln0' <Predicate = true> <Delay = 0.00>
ST_1 : Operation 22 [1/1] (0.42ns)   --->   "%store_ln0 = store i10 0, i10 %indvar_flatten19"   --->   Operation 22 'store' 'store_ln0' <Predicate = true> <Delay = 0.42>
ST_1 : Operation 23 [1/1] (0.42ns)   --->   "%store_ln0 = store i6 0, i6 %i3"   --->   Operation 23 'store' 'store_ln0' <Predicate = true> <Delay = 0.42>
ST_1 : Operation 24 [1/1] (0.42ns)   --->   "%store_ln0 = store i6 0, i6 %indvar_flatten6"   --->   Operation 24 'store' 'store_ln0' <Predicate = true> <Delay = 0.42>
ST_1 : Operation 25 [1/1] (0.42ns)   --->   "%store_ln0 = store i3 0, i3 %ky"   --->   Operation 25 'store' 'store_ln0' <Predicate = true> <Delay = 0.42>
ST_1 : Operation 26 [1/1] (0.42ns)   --->   "%store_ln0 = store i3 0, i3 %kx"   --->   Operation 26 'store' 'store_ln0' <Predicate = true> <Delay = 0.42>
ST_1 : Operation 27 [1/1] (0.00ns)   --->   "%br_ln0 = br void %for.inc109"   --->   Operation 27 'br' 'br_ln0' <Predicate = true> <Delay = 0.00>
ST_1 : Operation 28 [1/1] (0.00ns)   --->   "%indvar_flatten19_load = load i10 %indvar_flatten19" [src/srcnn.cpp:399]   --->   Operation 28 'load' 'indvar_flatten19_load' <Predicate = true> <Delay = 0.00>
ST_1 : Operation 29 [1/1] (0.78ns)   --->   "%icmp_ln399 = icmp_eq  i10 %indvar_flatten19_load, i10 800" [src/srcnn.cpp:399]   --->   Operation 29 'icmp' 'icmp_ln399' <Predicate = true> <Delay = 0.78> <CoreInst = "Cmp">   --->   Core 9 'Cmp' <Latency = 0> <II = 1> <Delay = 0.78> <FuncUnit> <Opcode : 'icmp'> <InPorts = 2> <OutPorts = 1>
ST_1 : Operation 30 [1/1] (0.78ns)   --->   "%add_ln399_1 = add i10 %indvar_flatten19_load, i10 1" [src/srcnn.cpp:399]   --->   Operation 30 'add' 'add_ln399_1' <Predicate = true> <Delay = 0.78> <CoreInst = "Adder">   --->   Core 1 'Adder' <Latency = 0> <II = 1> <Delay = 0.78> <FuncUnit> <Opcode : 'add' 'sub'> <InPorts = 2> <OutPorts = 1>
ST_1 : Operation 31 [1/1] (0.00ns)   --->   "%br_ln399 = br i1 %icmp_ln399, void %for.inc115, void %for.end117.exitStub" [src/srcnn.cpp:399]   --->   Operation 31 'br' 'br_ln399' <Predicate = true> <Delay = 0.00>
ST_1 : Operation 32 [1/1] (0.42ns)   --->   "%store_ln405 = store i10 %add_ln399_1, i10 %indvar_flatten19" [src/srcnn.cpp:405]   --->   Operation 32 'store' 'store_ln405' <Predicate = (!icmp_ln399)> <Delay = 0.42>

State 2 <SV = 1> <Delay = 7.30>
ST_2 : Operation 33 [1/1] (0.00ns)   --->   "%indvar_flatten6_load = load i6 %indvar_flatten6" [src/srcnn.cpp:402]   --->   Operation 33 'load' 'indvar_flatten6_load' <Predicate = true> <Delay = 0.00>
ST_2 : Operation 34 [1/1] (0.00ns)   --->   "%specbitsmap_ln0 = specbitsmap void @_ssdm_op_SpecBitsMap, i32 %gmem_w3"   --->   Operation 34 'specbitsmap' 'specbitsmap_ln0' <Predicate = true> <Delay = 0.00>
ST_2 : Operation 35 [1/1] (0.00ns)   --->   "%gmem_w3_addr = getelementptr i32 %gmem_w3, i64 %sext_ln399_cast" [src/srcnn.cpp:399]   --->   Operation 35 'getelementptr' 'gmem_w3_addr' <Predicate = true> <Delay = 0.00>
ST_2 : Operation 36 [1/1] (0.00ns)   --->   "%specpipeline_ln0 = specpipeline void @_ssdm_op_SpecPipeline, i32 4294967295, i32 0, i32 1, i32 0, void @p_str"   --->   Operation 36 'specpipeline' 'specpipeline_ln0' <Predicate = true> <Delay = 0.00>
ST_2 : Operation 37 [1/1] (0.78ns)   --->   "%icmp_ln402 = icmp_eq  i6 %indvar_flatten6_load, i6 25" [src/srcnn.cpp:402]   --->   Operation 37 'icmp' 'icmp_ln402' <Predicate = (!icmp_ln399)> <Delay = 0.78> <CoreInst = "Cmp">   --->   Core 9 'Cmp' <Latency = 0> <II = 1> <Delay = 0.78> <FuncUnit> <Opcode : 'icmp'> <InPorts = 2> <OutPorts = 1>
ST_2 : Operation 38 [1/1] (7.30ns)   --->   "%gmem_w3_addr_read = read i32 @_ssdm_op_Read.m_axi.p1i32, i32 %gmem_w3_addr" [src/srcnn.cpp:407]   --->   Operation 38 'read' 'gmem_w3_addr_read' <Predicate = (!icmp_ln399)> <Delay = 7.30> <CoreInst = "m_axi">   --->   Core 121 'm_axi' <Latency = 0> <II = 1> <Delay = 1.00> <Adapter> <Opcode : 'read' 'write' 'readreq' 'writereq' 'writeresp'>
ST_2 : Operation 39 [1/1] (0.78ns)   --->   "%add_ln402_1 = add i6 %indvar_flatten6_load, i6 1" [src/srcnn.cpp:402]   --->   Operation 39 'add' 'add_ln402_1' <Predicate = (!icmp_ln399)> <Delay = 0.78> <CoreInst = "Adder">   --->   Core 1 'Adder' <Latency = 0> <II = 1> <Delay = 0.78> <FuncUnit> <Opcode : 'add' 'sub'> <InPorts = 2> <OutPorts = 1>
ST_2 : Operation 40 [1/1] (0.38ns)   --->   "%select_ln402_2 = select i1 %icmp_ln402, i6 1, i6 %add_ln402_1" [src/srcnn.cpp:402]   --->   Operation 40 'select' 'select_ln402_2' <Predicate = (!icmp_ln399)> <Delay = 0.38> <CoreInst = "Sel">   --->   Core 73 'Sel' <Latency = 0> <II = 1> <Delay = 0.38> <FuncUnit> <Opcode : 'select'> <InPorts = 3> <OutPorts = 1>
ST_2 : Operation 41 [1/1] (0.42ns)   --->   "%store_ln405 = store i6 %select_ln402_2, i6 %indvar_flatten6" [src/srcnn.cpp:405]   --->   Operation 41 'store' 'store_ln405' <Predicate = (!icmp_ln399)> <Delay = 0.42>
ST_2 : Operation 104 [1/1] (0.00ns)   --->   "%ret_ln0 = ret"   --->   Operation 104 'ret' 'ret_ln0' <Predicate = (icmp_ln399)> <Delay = 0.00>

State 3 <SV = 2> <Delay = 4.10>
ST_3 : Operation 42 [1/1] (0.00ns)   --->   "%kx_load = load i3 %kx" [src/srcnn.cpp:405]   --->   Operation 42 'load' 'kx_load' <Predicate = true> <Delay = 0.00>
ST_3 : Operation 43 [1/1] (0.00ns)   --->   "%ky_load = load i3 %ky" [src/srcnn.cpp:399]   --->   Operation 43 'load' 'ky_load' <Predicate = (!icmp_ln402)> <Delay = 0.00>
ST_3 : Operation 44 [1/1] (0.00ns)   --->   "%i3_load = load i6 %i3" [src/srcnn.cpp:399]   --->   Operation 44 'load' 'i3_load' <Predicate = true> <Delay = 0.00>
ST_3 : Operation 45 [1/1] (0.78ns)   --->   "%add_ln399 = add i6 %i3_load, i6 1" [src/srcnn.cpp:399]   --->   Operation 45 'add' 'add_ln399' <Predicate = (icmp_ln402)> <Delay = 0.78> <CoreInst = "Adder">   --->   Core 1 'Adder' <Latency = 0> <II = 1> <Delay = 0.78> <FuncUnit> <Opcode : 'add' 'sub'> <InPorts = 2> <OutPorts = 1>
ST_3 : Operation 46 [1/1] (0.00ns)   --->   "%specloopname_ln0 = specloopname void @_ssdm_op_SpecLoopName, void @CopyW3_inft_CopyW3_ky_CopyW3_kx_str"   --->   Operation 46 'specloopname' 'specloopname_ln0' <Predicate = true> <Delay = 0.00>
ST_3 : Operation 47 [1/1] (0.00ns)   --->   "%speclooptripcount_ln0 = speclooptripcount void @_ssdm_op_SpecLoopTripCount, i64 800, i64 800, i64 800"   --->   Operation 47 'speclooptripcount' 'speclooptripcount_ln0' <Predicate = true> <Delay = 0.00>
ST_3 : Operation 48 [1/1] (0.20ns)   --->   "%select_ln399 = select i1 %icmp_ln402, i3 0, i3 %ky_load" [src/srcnn.cpp:399]   --->   Operation 48 'select' 'select_ln399' <Predicate = true> <Delay = 0.20> <CoreInst = "Sel">   --->   Core 73 'Sel' <Latency = 0> <II = 1> <Delay = 0.20> <FuncUnit> <Opcode : 'select'> <InPorts = 3> <OutPorts = 1>
ST_3 : Operation 49 [1/1] (0.38ns)   --->   "%select_ln399_1 = select i1 %icmp_ln402, i6 %add_ln399, i6 %i3_load" [src/srcnn.cpp:399]   --->   Operation 49 'select' 'select_ln399_1' <Predicate = true> <Delay = 0.38> <CoreInst = "Sel">   --->   Core 73 'Sel' <Latency = 0> <II = 1> <Delay = 0.38> <FuncUnit> <Opcode : 'select'> <InPorts = 3> <OutPorts = 1>
ST_3 : Operation 50 [1/1] (0.00ns)   --->   "%trunc_ln399 = trunc i6 %select_ln399_1" [src/srcnn.cpp:399]   --->   Operation 50 'trunc' 'trunc_ln399' <Predicate = true> <Delay = 0.00>
ST_3 : Operation 51 [1/1] (0.00ns)   --->   "%zext_ln399_mid2_v = partselect i2 @_ssdm_op_PartSelect.i2.i6.i32.i32, i6 %select_ln399_1, i32 3, i32 4" [src/srcnn.cpp:399]   --->   Operation 51 'partselect' 'zext_ln399_mid2_v' <Predicate = true> <Delay = 0.00>
ST_3 : Operation 52 [1/1] (0.00ns)   --->   "%or_ln = bitconcatenate i4 @_ssdm_op_BitConcatenate.i4.i2.i2, i2 %zext_ln399_mid2_v, i2 %zext_ln399_mid2_v" [src/srcnn.cpp:407]   --->   Operation 52 'bitconcatenate' 'or_ln' <Predicate = true> <Delay = 0.00>
ST_3 : Operation 53 [1/1] (0.00ns)   --->   "%zext_ln402 = zext i4 %or_ln" [src/srcnn.cpp:402]   --->   Operation 53 'zext' 'zext_ln402' <Predicate = true> <Delay = 0.00>
ST_3 : Operation 54 [1/1] (0.00ns)   --->   "%specpipeline_ln0 = specpipeline void @_ssdm_op_SpecPipeline, i32 4294967295, i32 0, i32 1, i32 0, void @p_str"   --->   Operation 54 'specpipeline' 'specpipeline_ln0' <Predicate = true> <Delay = 0.00>
ST_3 : Operation 55 [1/1] (0.00ns) (grouped into LUT with out node and_ln399)   --->   "%xor_ln399 = xor i1 %icmp_ln402, i1 1" [src/srcnn.cpp:399]   --->   Operation 55 'xor' 'xor_ln399' <Predicate = true> <Delay = 0.00> <CoreInst = "LogicGate">   --->   Core 74 'LogicGate' <Latency = 0> <II = 1> <Delay = 0.28> <FuncUnit> <Opcode : 'and' 'or' 'xor'> <InPorts = 2> <OutPorts = 1>
ST_3 : Operation 56 [1/1] (0.67ns)   --->   "%icmp_ln405 = icmp_eq  i3 %kx_load, i3 5" [src/srcnn.cpp:405]   --->   Operation 56 'icmp' 'icmp_ln405' <Predicate = true> <Delay = 0.67> <CoreInst = "Cmp">   --->   Core 9 'Cmp' <Latency = 0> <II = 1> <Delay = 0.67> <FuncUnit> <Opcode : 'icmp'> <InPorts = 2> <OutPorts = 1>
ST_3 : Operation 57 [1/1] (0.28ns) (out node of the LUT)   --->   "%and_ln399 = and i1 %icmp_ln405, i1 %xor_ln399" [src/srcnn.cpp:399]   --->   Operation 57 'and' 'and_ln399' <Predicate = true> <Delay = 0.28> <CoreInst = "LogicGate">   --->   Core 74 'LogicGate' <Latency = 0> <II = 1> <Delay = 0.28> <FuncUnit> <Opcode : 'and' 'or' 'xor'> <InPorts = 2> <OutPorts = 1>
ST_3 : Operation 58 [1/1] (0.67ns)   --->   "%add_ln402 = add i3 %select_ln399, i3 1" [src/srcnn.cpp:402]   --->   Operation 58 'add' 'add_ln402' <Predicate = true> <Delay = 0.67> <CoreInst = "Adder">   --->   Core 1 'Adder' <Latency = 0> <II = 1> <Delay = 0.67> <FuncUnit> <Opcode : 'add' 'sub'> <InPorts = 2> <OutPorts = 1>
ST_3 : Operation 59 [1/1] (0.00ns)   --->   "%specloopname_ln0 = specloopname void @_ssdm_op_SpecLoopName, void @CopyW3_ky_CopyW3_kx_str"   --->   Operation 59 'specloopname' 'specloopname_ln0' <Predicate = true> <Delay = 0.00>
ST_3 : Operation 60 [1/1] (0.00ns) (grouped into LUT with out node select_ln402)   --->   "%or_ln402 = or i1 %and_ln399, i1 %icmp_ln402" [src/srcnn.cpp:402]   --->   Operation 60 'or' 'or_ln402' <Predicate = true> <Delay = 0.00> <CoreInst = "LogicGate">   --->   Core 74 'LogicGate' <Latency = 0> <II = 1> <Delay = 0.28> <FuncUnit> <Opcode : 'and' 'or' 'xor'> <InPorts = 2> <OutPorts = 1>
ST_3 : Operation 61 [1/1] (0.28ns) (out node of the LUT)   --->   "%select_ln402 = select i1 %or_ln402, i3 0, i3 %kx_load" [src/srcnn.cpp:402]   --->   Operation 61 'select' 'select_ln402' <Predicate = true> <Delay = 0.28> <CoreInst = "Sel">   --->   Core 73 'Sel' <Latency = 0> <II = 1> <Delay = 0.20> <FuncUnit> <Opcode : 'select'> <InPorts = 3> <OutPorts = 1>
ST_3 : Operation 62 [1/1] (0.20ns)   --->   "%select_ln402_1 = select i1 %and_ln399, i3 %add_ln402, i3 %select_ln399" [src/srcnn.cpp:402]   --->   Operation 62 'select' 'select_ln402_1' <Predicate = true> <Delay = 0.20> <CoreInst = "Sel">   --->   Core 73 'Sel' <Latency = 0> <II = 1> <Delay = 0.20> <FuncUnit> <Opcode : 'select'> <InPorts = 3> <OutPorts = 1>
ST_3 : Operation 63 [1/1] (0.00ns)   --->   "%zext_ln407 = zext i3 %select_ln402_1" [src/srcnn.cpp:407]   --->   Operation 63 'zext' 'zext_ln407' <Predicate = true> <Delay = 0.00>
ST_3 : Operation 64 [1/1] (0.79ns)   --->   "%add_ln407 = add i5 %zext_ln402, i5 %zext_ln407" [src/srcnn.cpp:407]   --->   Operation 64 'add' 'add_ln407' <Predicate = true> <Delay = 0.79> <CoreInst = "Adder">   --->   Core 1 'Adder' <Latency = 0> <II = 1> <Delay = 0.79> <FuncUnit> <Opcode : 'add' 'sub'> <InPorts = 2> <OutPorts = 1>
ST_3 : Operation 65 [1/1] (0.00ns)   --->   "%zext_ln407_1 = zext i5 %add_ln407" [src/srcnn.cpp:407]   --->   Operation 65 'zext' 'zext_ln407_1' <Predicate = true> <Delay = 0.00>
ST_3 : Operation 66 [1/1] (0.00ns)   --->   "%p_shl = bitconcatenate i7 @_ssdm_op_BitConcatenate.i7.i5.i2, i5 %add_ln407, i2 0" [src/srcnn.cpp:407]   --->   Operation 66 'bitconcatenate' 'p_shl' <Predicate = true> <Delay = 0.00>
ST_3 : Operation 67 [1/1] (0.00ns) (grouped into TernaryAdder)   --->   "%add_ln407_1 = add i7 %p_shl, i7 %zext_ln407_1" [src/srcnn.cpp:407]   --->   Operation 67 'add' 'add_ln407_1' <Predicate = true> <Delay = 0.00> <CoreInst = "TAddSub">   --->   Core 10 'TAddSub' <Latency = 0> <II = 1> <Delay = 0.45> <IPBlock> <Opcode : '<invalid operator> ' 'add' 'sub'> <InPorts = 3> <OutPorts = 1> <Sync> <CReg>
ST_3 : Operation 68 [1/1] (0.00ns)   --->   "%specpipeline_ln0 = specpipeline void @_ssdm_op_SpecPipeline, i32 4294967295, i32 0, i32 1, i32 0, void @p_str"   --->   Operation 68 'specpipeline' 'specpipeline_ln0' <Predicate = true> <Delay = 0.00>
ST_3 : Operation 69 [1/1] (0.00ns)   --->   "%zext_ln407_2 = zext i3 %select_ln402" [src/srcnn.cpp:407]   --->   Operation 69 'zext' 'zext_ln407_2' <Predicate = true> <Delay = 0.00>
ST_3 : Operation 70 [1/1] (0.90ns) (root node of TernaryAdder)   --->   "%add_ln407_2 = add i7 %add_ln407_1, i7 %zext_ln407_2" [src/srcnn.cpp:407]   --->   Operation 70 'add' 'add_ln407_2' <Predicate = true> <Delay = 0.90> <CoreInst = "TAddSub">   --->   Core 10 'TAddSub' <Latency = 0> <II = 1> <Delay = 0.45> <IPBlock> <Opcode : '<invalid operator> ' 'add' 'sub'> <InPorts = 3> <OutPorts = 1> <Sync> <CReg>
ST_3 : Operation 71 [1/1] (0.00ns)   --->   "%zext_ln407_3 = zext i7 %add_ln407_2" [src/srcnn.cpp:407]   --->   Operation 71 'zext' 'zext_ln407_3' <Predicate = true> <Delay = 0.00>
ST_3 : Operation 72 [1/1] (0.00ns)   --->   "%srcnn_float_255_255_float_1_9_9_float_float_64_1_1_f_37 = getelementptr i32 %srcnn_float_255_255_float_1_9_9_float_float_64_1_1_f_7, i64 0, i64 %zext_ln407_3" [src/srcnn.cpp:407]   --->   Operation 72 'getelementptr' 'srcnn_float_255_255_float_1_9_9_float_float_64_1_1_f_37' <Predicate = true> <Delay = 0.00>
ST_3 : Operation 73 [1/1] (0.00ns)   --->   "%srcnn_float_255_255_float_1_9_9_float_float_64_1_1_f_38 = getelementptr i32 %srcnn_float_255_255_float_1_9_9_float_float_64_1_1_f_6, i64 0, i64 %zext_ln407_3" [src/srcnn.cpp:407]   --->   Operation 73 'getelementptr' 'srcnn_float_255_255_float_1_9_9_float_float_64_1_1_f_38' <Predicate = true> <Delay = 0.00>
ST_3 : Operation 74 [1/1] (0.00ns)   --->   "%srcnn_float_255_255_float_1_9_9_float_float_64_1_1_f_39 = getelementptr i32 %srcnn_float_255_255_float_1_9_9_float_float_64_1_1_f_5, i64 0, i64 %zext_ln407_3" [src/srcnn.cpp:407]   --->   Operation 74 'getelementptr' 'srcnn_float_255_255_float_1_9_9_float_float_64_1_1_f_39' <Predicate = true> <Delay = 0.00>
ST_3 : Operation 75 [1/1] (0.00ns)   --->   "%srcnn_float_255_255_float_1_9_9_float_float_64_1_1_f_40 = getelementptr i32 %srcnn_float_255_255_float_1_9_9_float_float_64_1_1_f_4, i64 0, i64 %zext_ln407_3" [src/srcnn.cpp:407]   --->   Operation 75 'getelementptr' 'srcnn_float_255_255_float_1_9_9_float_float_64_1_1_f_40' <Predicate = true> <Delay = 0.00>
ST_3 : Operation 76 [1/1] (0.00ns)   --->   "%srcnn_float_255_255_float_1_9_9_float_float_64_1_1_f_41 = getelementptr i32 %srcnn_float_255_255_float_1_9_9_float_float_64_1_1_f_3, i64 0, i64 %zext_ln407_3" [src/srcnn.cpp:407]   --->   Operation 76 'getelementptr' 'srcnn_float_255_255_float_1_9_9_float_float_64_1_1_f_41' <Predicate = true> <Delay = 0.00>
ST_3 : Operation 77 [1/1] (0.00ns)   --->   "%srcnn_float_255_255_float_1_9_9_float_float_64_1_1_f_42 = getelementptr i32 %srcnn_float_255_255_float_1_9_9_float_float_64_1_1_f_2, i64 0, i64 %zext_ln407_3" [src/srcnn.cpp:407]   --->   Operation 77 'getelementptr' 'srcnn_float_255_255_float_1_9_9_float_float_64_1_1_f_42' <Predicate = true> <Delay = 0.00>
ST_3 : Operation 78 [1/1] (0.00ns)   --->   "%srcnn_float_255_255_float_1_9_9_float_float_64_1_1_f_43 = getelementptr i32 %srcnn_float_255_255_float_1_9_9_float_float_64_1_1_f_1, i64 0, i64 %zext_ln407_3" [src/srcnn.cpp:407]   --->   Operation 78 'getelementptr' 'srcnn_float_255_255_float_1_9_9_float_float_64_1_1_f_43' <Predicate = true> <Delay = 0.00>
ST_3 : Operation 79 [1/1] (0.00ns)   --->   "%srcnn_float_255_255_float_1_9_9_float_float_64_1_1_f_44 = getelementptr i32 %srcnn_float_255_255_float_1_9_9_float_float_64_1_1_f, i64 0, i64 %zext_ln407_3" [src/srcnn.cpp:407]   --->   Operation 79 'getelementptr' 'srcnn_float_255_255_float_1_9_9_float_float_64_1_1_f_44' <Predicate = true> <Delay = 0.00>
ST_3 : Operation 80 [1/1] (0.00ns)   --->   "%specloopname_ln405 = specloopname void @_ssdm_op_SpecLoopName, void @empty_14" [src/srcnn.cpp:405]   --->   Operation 80 'specloopname' 'specloopname_ln405' <Predicate = true> <Delay = 0.00>
ST_3 : Operation 81 [1/1] (0.00ns)   --->   "%bitcast_ln407 = bitcast i32 %gmem_w3_addr_read" [src/srcnn.cpp:407]   --->   Operation 81 'bitcast' 'bitcast_ln407' <Predicate = true> <Delay = 0.00>
ST_3 : Operation 82 [1/1] (0.73ns)   --->   "%switch_ln407 = switch i3 %trunc_ln399, void %arrayidx10810.case.7, i3 0, void %arrayidx10810.case.0, i3 1, void %arrayidx10810.case.1, i3 2, void %arrayidx10810.case.2, i3 3, void %arrayidx10810.case.3, i3 4, void %arrayidx10810.case.4, i3 5, void %arrayidx10810.case.5, i3 6, void %arrayidx10810.case.6" [src/srcnn.cpp:407]   --->   Operation 82 'switch' 'switch_ln407' <Predicate = true> <Delay = 0.73>
ST_3 : Operation 83 [1/1] (1.23ns)   --->   "%store_ln407 = store i32 %bitcast_ln407, i7 %srcnn_float_255_255_float_1_9_9_float_float_64_1_1_f_41" [src/srcnn.cpp:407]   --->   Operation 83 'store' 'store_ln407' <Predicate = (trunc_ln399 == 6)> <Delay = 1.23> <CoreInst = "RAM_1P_BRAM">   --->   Core 90 'RAM_1P_BRAM' <Latency = 1> <II = 1> <Delay = 1.23> <Storage> <Opcode : 'load' 'store'> <Ports = 1> <Width = 32> <Depth = 100> <RAM>
ST_3 : Operation 84 [1/1] (0.00ns)   --->   "%br_ln407 = br void %arrayidx10810.exit" [src/srcnn.cpp:407]   --->   Operation 84 'br' 'br_ln407' <Predicate = (trunc_ln399 == 6)> <Delay = 0.00>
ST_3 : Operation 85 [1/1] (1.23ns)   --->   "%store_ln407 = store i32 %bitcast_ln407, i7 %srcnn_float_255_255_float_1_9_9_float_float_64_1_1_f_40" [src/srcnn.cpp:407]   --->   Operation 85 'store' 'store_ln407' <Predicate = (trunc_ln399 == 5)> <Delay = 1.23> <CoreInst = "RAM_1P_BRAM">   --->   Core 90 'RAM_1P_BRAM' <Latency = 1> <II = 1> <Delay = 1.23> <Storage> <Opcode : 'load' 'store'> <Ports = 1> <Width = 32> <Depth = 100> <RAM>
ST_3 : Operation 86 [1/1] (0.00ns)   --->   "%br_ln407 = br void %arrayidx10810.exit" [src/srcnn.cpp:407]   --->   Operation 86 'br' 'br_ln407' <Predicate = (trunc_ln399 == 5)> <Delay = 0.00>
ST_3 : Operation 87 [1/1] (1.23ns)   --->   "%store_ln407 = store i32 %bitcast_ln407, i7 %srcnn_float_255_255_float_1_9_9_float_float_64_1_1_f_39" [src/srcnn.cpp:407]   --->   Operation 87 'store' 'store_ln407' <Predicate = (trunc_ln399 == 4)> <Delay = 1.23> <CoreInst = "RAM_1P_BRAM">   --->   Core 90 'RAM_1P_BRAM' <Latency = 1> <II = 1> <Delay = 1.23> <Storage> <Opcode : 'load' 'store'> <Ports = 1> <Width = 32> <Depth = 100> <RAM>
ST_3 : Operation 88 [1/1] (0.00ns)   --->   "%br_ln407 = br void %arrayidx10810.exit" [src/srcnn.cpp:407]   --->   Operation 88 'br' 'br_ln407' <Predicate = (trunc_ln399 == 4)> <Delay = 0.00>
ST_3 : Operation 89 [1/1] (1.23ns)   --->   "%store_ln407 = store i32 %bitcast_ln407, i7 %srcnn_float_255_255_float_1_9_9_float_float_64_1_1_f_38" [src/srcnn.cpp:407]   --->   Operation 89 'store' 'store_ln407' <Predicate = (trunc_ln399 == 3)> <Delay = 1.23> <CoreInst = "RAM_1P_BRAM">   --->   Core 90 'RAM_1P_BRAM' <Latency = 1> <II = 1> <Delay = 1.23> <Storage> <Opcode : 'load' 'store'> <Ports = 1> <Width = 32> <Depth = 100> <RAM>
ST_3 : Operation 90 [1/1] (0.00ns)   --->   "%br_ln407 = br void %arrayidx10810.exit" [src/srcnn.cpp:407]   --->   Operation 90 'br' 'br_ln407' <Predicate = (trunc_ln399 == 3)> <Delay = 0.00>
ST_3 : Operation 91 [1/1] (1.23ns)   --->   "%store_ln407 = store i32 %bitcast_ln407, i7 %srcnn_float_255_255_float_1_9_9_float_float_64_1_1_f_44" [src/srcnn.cpp:407]   --->   Operation 91 'store' 'store_ln407' <Predicate = (trunc_ln399 == 2)> <Delay = 1.23> <CoreInst = "RAM_1P_BRAM">   --->   Core 90 'RAM_1P_BRAM' <Latency = 1> <II = 1> <Delay = 1.23> <Storage> <Opcode : 'load' 'store'> <Ports = 1> <Width = 32> <Depth = 100> <RAM>
ST_3 : Operation 92 [1/1] (0.00ns)   --->   "%br_ln407 = br void %arrayidx10810.exit" [src/srcnn.cpp:407]   --->   Operation 92 'br' 'br_ln407' <Predicate = (trunc_ln399 == 2)> <Delay = 0.00>
ST_3 : Operation 93 [1/1] (1.23ns)   --->   "%store_ln407 = store i32 %bitcast_ln407, i7 %srcnn_float_255_255_float_1_9_9_float_float_64_1_1_f_43" [src/srcnn.cpp:407]   --->   Operation 93 'store' 'store_ln407' <Predicate = (trunc_ln399 == 1)> <Delay = 1.23> <CoreInst = "RAM_1P_BRAM">   --->   Core 90 'RAM_1P_BRAM' <Latency = 1> <II = 1> <Delay = 1.23> <Storage> <Opcode : 'load' 'store'> <Ports = 1> <Width = 32> <Depth = 100> <RAM>
ST_3 : Operation 94 [1/1] (0.00ns)   --->   "%br_ln407 = br void %arrayidx10810.exit" [src/srcnn.cpp:407]   --->   Operation 94 'br' 'br_ln407' <Predicate = (trunc_ln399 == 1)> <Delay = 0.00>
ST_3 : Operation 95 [1/1] (1.23ns)   --->   "%store_ln407 = store i32 %bitcast_ln407, i7 %srcnn_float_255_255_float_1_9_9_float_float_64_1_1_f_37" [src/srcnn.cpp:407]   --->   Operation 95 'store' 'store_ln407' <Predicate = (trunc_ln399 == 0)> <Delay = 1.23> <CoreInst = "RAM_1P_BRAM">   --->   Core 90 'RAM_1P_BRAM' <Latency = 1> <II = 1> <Delay = 1.23> <Storage> <Opcode : 'load' 'store'> <Ports = 1> <Width = 32> <Depth = 100> <RAM>
ST_3 : Operation 96 [1/1] (0.00ns)   --->   "%br_ln407 = br void %arrayidx10810.exit" [src/srcnn.cpp:407]   --->   Operation 96 'br' 'br_ln407' <Predicate = (trunc_ln399 == 0)> <Delay = 0.00>
ST_3 : Operation 97 [1/1] (1.23ns)   --->   "%store_ln407 = store i32 %bitcast_ln407, i7 %srcnn_float_255_255_float_1_9_9_float_float_64_1_1_f_42" [src/srcnn.cpp:407]   --->   Operation 97 'store' 'store_ln407' <Predicate = (trunc_ln399 == 7)> <Delay = 1.23> <CoreInst = "RAM_1P_BRAM">   --->   Core 90 'RAM_1P_BRAM' <Latency = 1> <II = 1> <Delay = 1.23> <Storage> <Opcode : 'load' 'store'> <Ports = 1> <Width = 32> <Depth = 100> <RAM>
ST_3 : Operation 98 [1/1] (0.00ns)   --->   "%br_ln407 = br void %arrayidx10810.exit" [src/srcnn.cpp:407]   --->   Operation 98 'br' 'br_ln407' <Predicate = (trunc_ln399 == 7)> <Delay = 0.00>
ST_3 : Operation 99 [1/1] (0.67ns)   --->   "%add_ln405 = add i3 %select_ln402, i3 1" [src/srcnn.cpp:405]   --->   Operation 99 'add' 'add_ln405' <Predicate = true> <Delay = 0.67> <CoreInst = "Adder">   --->   Core 1 'Adder' <Latency = 0> <II = 1> <Delay = 0.67> <FuncUnit> <Opcode : 'add' 'sub'> <InPorts = 2> <OutPorts = 1>
ST_3 : Operation 100 [1/1] (0.42ns)   --->   "%store_ln405 = store i6 %select_ln399_1, i6 %i3" [src/srcnn.cpp:405]   --->   Operation 100 'store' 'store_ln405' <Predicate = true> <Delay = 0.42>
ST_3 : Operation 101 [1/1] (0.42ns)   --->   "%store_ln405 = store i3 %select_ln402_1, i3 %ky" [src/srcnn.cpp:405]   --->   Operation 101 'store' 'store_ln405' <Predicate = true> <Delay = 0.42>
ST_3 : Operation 102 [1/1] (0.42ns)   --->   "%store_ln405 = store i3 %add_ln405, i3 %kx" [src/srcnn.cpp:405]   --->   Operation 102 'store' 'store_ln405' <Predicate = true> <Delay = 0.42>
ST_3 : Operation 103 [1/1] (0.00ns)   --->   "%br_ln405 = br void %for.inc109" [src/srcnn.cpp:405]   --->   Operation 103 'br' 'br_ln405' <Predicate = true> <Delay = 0.00>


============================================================
+ Verbose Summary: Binding
============================================================
STG Binding: 
---------------- STG Properties BEGIN ----------------
- Is combinational: 0
- Is one-state seq: 0
- Is datapath-only: 0
- Is pipelined: 0
- Is top level: 0
Port [ Return ] is wired: 1; IO mode=ap_ctrl_hs:ce=0
Port [ gmem_w3]:  wired=1; compound=1; hidden=0; nouse=0; global=0; static=0; extern=0; dir=0; type=4; pingpong=0; private_global=0; IO mode=m_axi:ce=0
Port [ sext_ln399]:  wired=1; compound=0; hidden=0; nouse=0; global=0; static=0; extern=0; dir=0; type=0; pingpong=0; private_global=0; IO mode=ap_none:ce=0
Port [ srcnn_float_255_255_float_1_9_9_float_float_64_1_1_f_7]:  wired=1; compound=1; hidden=0; nouse=0; global=1; static=1; extern=0; dir=1; type=1; pingpong=0; private_global=0; MemPort=[0]; IO mode=ap_memory:ce=0
Port [ srcnn_float_255_255_float_1_9_9_float_float_64_1_1_f_1]:  wired=1; compound=1; hidden=0; nouse=0; global=1; static=1; extern=0; dir=1; type=1; pingpong=0; private_global=0; MemPort=[0]; IO mode=ap_memory:ce=0
Port [ srcnn_float_255_255_float_1_9_9_float_float_64_1_1_f]:  wired=1; compound=1; hidden=0; nouse=0; global=1; static=1; extern=0; dir=1; type=1; pingpong=0; private_global=0; MemPort=[0]; IO mode=ap_memory:ce=0
Port [ srcnn_float_255_255_float_1_9_9_float_float_64_1_1_f_6]:  wired=1; compound=1; hidden=0; nouse=0; global=1; static=1; extern=0; dir=1; type=1; pingpong=0; private_global=0; MemPort=[0]; IO mode=ap_memory:ce=0
Port [ srcnn_float_255_255_float_1_9_9_float_float_64_1_1_f_5]:  wired=1; compound=1; hidden=0; nouse=0; global=1; static=1; extern=0; dir=1; type=1; pingpong=0; private_global=0; MemPort=[0]; IO mode=ap_memory:ce=0
Port [ srcnn_float_255_255_float_1_9_9_float_float_64_1_1_f_4]:  wired=1; compound=1; hidden=0; nouse=0; global=1; static=1; extern=0; dir=1; type=1; pingpong=0; private_global=0; MemPort=[0]; IO mode=ap_memory:ce=0
Port [ srcnn_float_255_255_float_1_9_9_float_float_64_1_1_f_3]:  wired=1; compound=1; hidden=0; nouse=0; global=1; static=1; extern=0; dir=1; type=1; pingpong=0; private_global=0; MemPort=[0]; IO mode=ap_memory:ce=0
Port [ srcnn_float_255_255_float_1_9_9_float_float_64_1_1_f_2]:  wired=1; compound=1; hidden=0; nouse=0; global=1; static=1; extern=0; dir=1; type=1; pingpong=0; private_global=0; MemPort=[0]; IO mode=ap_memory:ce=0
---------------- STG Properties END ------------------

---------------- Datapath Model BEGIN ----------------

<LifeTime>
<method=bitvector/>
kx                                                      (alloca           ) [ 0111]
ky                                                      (alloca           ) [ 0111]
indvar_flatten6                                         (alloca           ) [ 0110]
i3                                                      (alloca           ) [ 0111]
indvar_flatten19                                        (alloca           ) [ 0100]
sext_ln399_read                                         (read             ) [ 0000]
sext_ln399_cast                                         (sext             ) [ 0110]
specmemcore_ln0                                         (specmemcore      ) [ 0000]
specmemcore_ln0                                         (specmemcore      ) [ 0000]
specmemcore_ln0                                         (specmemcore      ) [ 0000]
specmemcore_ln0                                         (specmemcore      ) [ 0000]
specmemcore_ln0                                         (specmemcore      ) [ 0000]
specmemcore_ln0                                         (specmemcore      ) [ 0000]
specmemcore_ln0                                         (specmemcore      ) [ 0000]
specmemcore_ln0                                         (specmemcore      ) [ 0000]
specinterface_ln0                                       (specinterface    ) [ 0000]
store_ln0                                               (store            ) [ 0000]
store_ln0                                               (store            ) [ 0000]
store_ln0                                               (store            ) [ 0000]
store_ln0                                               (store            ) [ 0000]
store_ln0                                               (store            ) [ 0000]
br_ln0                                                  (br               ) [ 0000]
indvar_flatten19_load                                   (load             ) [ 0000]
icmp_ln399                                              (icmp             ) [ 0110]
add_ln399_1                                             (add              ) [ 0000]
br_ln399                                                (br               ) [ 0000]
store_ln405                                             (store            ) [ 0000]
indvar_flatten6_load                                    (load             ) [ 0000]
specbitsmap_ln0                                         (specbitsmap      ) [ 0000]
gmem_w3_addr                                            (getelementptr    ) [ 0000]
specpipeline_ln0                                        (specpipeline     ) [ 0000]
icmp_ln402                                              (icmp             ) [ 0101]
gmem_w3_addr_read                                       (read             ) [ 0101]
add_ln402_1                                             (add              ) [ 0000]
select_ln402_2                                          (select           ) [ 0000]
store_ln405                                             (store            ) [ 0000]
kx_load                                                 (load             ) [ 0000]
ky_load                                                 (load             ) [ 0000]
i3_load                                                 (load             ) [ 0000]
add_ln399                                               (add              ) [ 0000]
specloopname_ln0                                        (specloopname     ) [ 0000]
speclooptripcount_ln0                                   (speclooptripcount) [ 0000]
select_ln399                                            (select           ) [ 0000]
select_ln399_1                                          (select           ) [ 0000]
trunc_ln399                                             (trunc            ) [ 0101]
zext_ln399_mid2_v                                       (partselect       ) [ 0000]
or_ln                                                   (bitconcatenate   ) [ 0000]
zext_ln402                                              (zext             ) [ 0000]
specpipeline_ln0                                        (specpipeline     ) [ 0000]
xor_ln399                                               (xor              ) [ 0000]
icmp_ln405                                              (icmp             ) [ 0000]
and_ln399                                               (and              ) [ 0000]
add_ln402                                               (add              ) [ 0000]
specloopname_ln0                                        (specloopname     ) [ 0000]
or_ln402                                                (or               ) [ 0000]
select_ln402                                            (select           ) [ 0000]
select_ln402_1                                          (select           ) [ 0000]
zext_ln407                                              (zext             ) [ 0000]
add_ln407                                               (add              ) [ 0000]
zext_ln407_1                                            (zext             ) [ 0000]
p_shl                                                   (bitconcatenate   ) [ 0000]
add_ln407_1                                             (add              ) [ 0000]
specpipeline_ln0                                        (specpipeline     ) [ 0000]
zext_ln407_2                                            (zext             ) [ 0000]
add_ln407_2                                             (add              ) [ 0000]
zext_ln407_3                                            (zext             ) [ 0000]
srcnn_float_255_255_float_1_9_9_float_float_64_1_1_f_37 (getelementptr    ) [ 0000]
srcnn_float_255_255_float_1_9_9_float_float_64_1_1_f_38 (getelementptr    ) [ 0000]
srcnn_float_255_255_float_1_9_9_float_float_64_1_1_f_39 (getelementptr    ) [ 0000]
srcnn_float_255_255_float_1_9_9_float_float_64_1_1_f_40 (getelementptr    ) [ 0000]
srcnn_float_255_255_float_1_9_9_float_float_64_1_1_f_41 (getelementptr    ) [ 0000]
srcnn_float_255_255_float_1_9_9_float_float_64_1_1_f_42 (getelementptr    ) [ 0000]
srcnn_float_255_255_float_1_9_9_float_float_64_1_1_f_43 (getelementptr    ) [ 0000]
srcnn_float_255_255_float_1_9_9_float_float_64_1_1_f_44 (getelementptr    ) [ 0000]
specloopname_ln405                                      (specloopname     ) [ 0000]
bitcast_ln407                                           (bitcast          ) [ 0000]
switch_ln407                                            (switch           ) [ 0000]
store_ln407                                             (store            ) [ 0000]
br_ln407                                                (br               ) [ 0000]
store_ln407                                             (store            ) [ 0000]
br_ln407                                                (br               ) [ 0000]
store_ln407                                             (store            ) [ 0000]
br_ln407                                                (br               ) [ 0000]
store_ln407                                             (store            ) [ 0000]
br_ln407                                                (br               ) [ 0000]
store_ln407                                             (store            ) [ 0000]
br_ln407                                                (br               ) [ 0000]
store_ln407                                             (store            ) [ 0000]
br_ln407                                                (br               ) [ 0000]
store_ln407                                             (store            ) [ 0000]
br_ln407                                                (br               ) [ 0000]
store_ln407                                             (store            ) [ 0000]
br_ln407                                                (br               ) [ 0000]
add_ln405                                               (add              ) [ 0000]
store_ln405                                             (store            ) [ 0000]
store_ln405                                             (store            ) [ 0000]
store_ln405                                             (store            ) [ 0000]
br_ln405                                                (br               ) [ 0000]
ret_ln0                                                 (ret              ) [ 0000]
</LifeTime>

<model>

<comp_list>
<comp id="0" class="1000" name="gmem_w3">
<pin_list>
<pin id="1" dir="1" index="0" bw="1" slack="0"/>
</pin_list>
<bind>
<StgValue><ssdm name="gmem_w3"/></StgValue>
</bind>
</comp>

<comp id="2" class="1000" name="sext_ln399">
<pin_list>
<pin id="3" dir="1" index="0" bw="1" slack="0"/>
</pin_list>
<bind>
<StgValue><ssdm name="sext_ln399"/></StgValue>
</bind>
</comp>

<comp id="4" class="1000" name="srcnn_float_255_255_float_1_9_9_float_float_64_1_1_f_7">
<pin_list>
<pin id="5" dir="1" index="0" bw="1" slack="0"/>
</pin_list>
<bind>
<StgValue><ssdm name="srcnn_float_255_255_float_1_9_9_float_float_64_1_1_f_7"/><MemPortTyVec>0 </MemPortTyVec>
</StgValue>
</bind>
</comp>

<comp id="6" class="1000" name="srcnn_float_255_255_float_1_9_9_float_float_64_1_1_f_1">
<pin_list>
<pin id="7" dir="1" index="0" bw="1" slack="0"/>
</pin_list>
<bind>
<StgValue><ssdm name="srcnn_float_255_255_float_1_9_9_float_float_64_1_1_f_1"/><MemPortTyVec>0 </MemPortTyVec>
</StgValue>
</bind>
</comp>

<comp id="8" class="1000" name="srcnn_float_255_255_float_1_9_9_float_float_64_1_1_f">
<pin_list>
<pin id="9" dir="1" index="0" bw="1" slack="0"/>
</pin_list>
<bind>
<StgValue><ssdm name="srcnn_float_255_255_float_1_9_9_float_float_64_1_1_f"/><MemPortTyVec>0 </MemPortTyVec>
</StgValue>
</bind>
</comp>

<comp id="10" class="1000" name="srcnn_float_255_255_float_1_9_9_float_float_64_1_1_f_6">
<pin_list>
<pin id="11" dir="1" index="0" bw="1" slack="0"/>
</pin_list>
<bind>
<StgValue><ssdm name="srcnn_float_255_255_float_1_9_9_float_float_64_1_1_f_6"/><MemPortTyVec>0 </MemPortTyVec>
</StgValue>
</bind>
</comp>

<comp id="12" class="1000" name="srcnn_float_255_255_float_1_9_9_float_float_64_1_1_f_5">
<pin_list>
<pin id="13" dir="1" index="0" bw="1" slack="0"/>
</pin_list>
<bind>
<StgValue><ssdm name="srcnn_float_255_255_float_1_9_9_float_float_64_1_1_f_5"/><MemPortTyVec>0 </MemPortTyVec>
</StgValue>
</bind>
</comp>

<comp id="14" class="1000" name="srcnn_float_255_255_float_1_9_9_float_float_64_1_1_f_4">
<pin_list>
<pin id="15" dir="1" index="0" bw="1" slack="0"/>
</pin_list>
<bind>
<StgValue><ssdm name="srcnn_float_255_255_float_1_9_9_float_float_64_1_1_f_4"/><MemPortTyVec>0 </MemPortTyVec>
</StgValue>
</bind>
</comp>

<comp id="16" class="1000" name="srcnn_float_255_255_float_1_9_9_float_float_64_1_1_f_3">
<pin_list>
<pin id="17" dir="1" index="0" bw="1" slack="0"/>
</pin_list>
<bind>
<StgValue><ssdm name="srcnn_float_255_255_float_1_9_9_float_float_64_1_1_f_3"/><MemPortTyVec>0 </MemPortTyVec>
</StgValue>
</bind>
</comp>

<comp id="18" class="1000" name="srcnn_float_255_255_float_1_9_9_float_float_64_1_1_f_2">
<pin_list>
<pin id="19" dir="1" index="0" bw="1" slack="0"/>
</pin_list>
<bind>
<StgValue><ssdm name="srcnn_float_255_255_float_1_9_9_float_float_64_1_1_f_2"/><MemPortTyVec>0 </MemPortTyVec>
</StgValue>
</bind>
</comp>

<comp id="20" class="1001" name="const_20">
<pin_list>
<pin id="21" dir="1" index="0" bw="1" slack="0"/>
</pin_list>
<bind>
<StgValue><ssdm name=""/></StgValue>
</bind>
</comp>

<comp id="22" class="1001" name="const_22">
<pin_list>
<pin id="23" dir="1" index="0" bw="1" slack="0"/>
</pin_list>
<bind>
<StgValue><ssdm name="_ssdm_op_Read.ap_auto.i62"/></StgValue>
</bind>
</comp>

<comp id="24" class="1001" name="const_24">
<pin_list>
<pin id="25" dir="1" index="0" bw="1" slack="2147483647"/>
</pin_list>
<bind>
<StgValue><ssdm name="_ssdm_op_SpecMemCore"/></StgValue>
</bind>
</comp>

<comp id="26" class="1001" name="const_26">
<pin_list>
<pin id="27" dir="1" index="0" bw="1" slack="2147483647"/>
</pin_list>
<bind>
<StgValue><ssdm name=""/></StgValue>
</bind>
</comp>

<comp id="28" class="1001" name="const_28">
<pin_list>
<pin id="29" dir="1" index="0" bw="1" slack="2147483647"/>
</pin_list>
<bind>
<StgValue><ssdm name=""/></StgValue>
</bind>
</comp>

<comp id="30" class="1001" name="const_30">
<pin_list>
<pin id="31" dir="1" index="0" bw="1" slack="2147483647"/>
</pin_list>
<bind>
<StgValue><ssdm name=""/></StgValue>
</bind>
</comp>

<comp id="32" class="1001" name="const_32">
<pin_list>
<pin id="33" dir="1" index="0" bw="1" slack="2147483647"/>
</pin_list>
<bind>
<StgValue><ssdm name="_ssdm_op_SpecInterface"/></StgValue>
</bind>
</comp>

<comp id="34" class="1001" name="const_34">
<pin_list>
<pin id="35" dir="1" index="0" bw="1" slack="2147483647"/>
</pin_list>
<bind>
<StgValue><ssdm name="empty_35"/></StgValue>
</bind>
</comp>

<comp id="36" class="1001" name="const_36">
<pin_list>
<pin id="37" dir="1" index="0" bw="1" slack="2147483647"/>
</pin_list>
<bind>
<StgValue><ssdm name=""/></StgValue>
</bind>
</comp>

<comp id="38" class="1001" name="const_38">
<pin_list>
<pin id="39" dir="1" index="0" bw="1" slack="2147483647"/>
</pin_list>
<bind>
<StgValue><ssdm name="empty_36"/></StgValue>
</bind>
</comp>

<comp id="40" class="1001" name="const_40">
<pin_list>
<pin id="41" dir="1" index="0" bw="1" slack="2147483647"/>
</pin_list>
<bind>
<StgValue><ssdm name=""/></StgValue>
</bind>
</comp>

<comp id="42" class="1001" name="const_42">
<pin_list>
<pin id="43" dir="1" index="0" bw="1" slack="2147483647"/>
</pin_list>
<bind>
<StgValue><ssdm name="empty_8"/></StgValue>
</bind>
</comp>

<comp id="44" class="1001" name="const_44">
<pin_list>
<pin id="45" dir="1" index="0" bw="1" slack="2147483647"/>
</pin_list>
<bind>
<StgValue><ssdm name="empty_37"/></StgValue>
</bind>
</comp>

<comp id="46" class="1001" name="const_46">
<pin_list>
<pin id="47" dir="1" index="0" bw="1" slack="2147483647"/>
</pin_list>
<bind>
<StgValue><ssdm name=""/></StgValue>
</bind>
</comp>

<comp id="48" class="1001" name="const_48">
<pin_list>
<pin id="49" dir="1" index="0" bw="1" slack="2147483647"/>
</pin_list>
<bind>
<StgValue><ssdm name=""/></StgValue>
</bind>
</comp>

<comp id="50" class="1001" name="const_50">
<pin_list>
<pin id="51" dir="1" index="0" bw="1" slack="0"/>
</pin_list>
<bind>
<StgValue><ssdm name=""/></StgValue>
</bind>
</comp>

<comp id="52" class="1001" name="const_52">
<pin_list>
<pin id="53" dir="1" index="0" bw="1" slack="0"/>
</pin_list>
<bind>
<StgValue><ssdm name=""/></StgValue>
</bind>
</comp>

<comp id="54" class="1001" name="const_54">
<pin_list>
<pin id="55" dir="1" index="0" bw="1" slack="0"/>
</pin_list>
<bind>
<StgValue><ssdm name=""/></StgValue>
</bind>
</comp>

<comp id="56" class="1001" name="const_56">
<pin_list>
<pin id="57" dir="1" index="0" bw="1" slack="0"/>
</pin_list>
<bind>
<StgValue><ssdm name=""/></StgValue>
</bind>
</comp>

<comp id="58" class="1001" name="const_58">
<pin_list>
<pin id="59" dir="1" index="0" bw="1" slack="0"/>
</pin_list>
<bind>
<StgValue><ssdm name=""/></StgValue>
</bind>
</comp>

<comp id="60" class="1001" name="const_60">
<pin_list>
<pin id="61" dir="1" index="0" bw="1" slack="2147483647"/>
</pin_list>
<bind>
<StgValue><ssdm name="_ssdm_op_SpecBitsMap"/></StgValue>
</bind>
</comp>

<comp id="62" class="1001" name="const_62">
<pin_list>
<pin id="63" dir="1" index="0" bw="1" slack="2147483647"/>
</pin_list>
<bind>
<StgValue><ssdm name="_ssdm_op_SpecPipeline"/></StgValue>
</bind>
</comp>

<comp id="64" class="1001" name="const_64">
<pin_list>
<pin id="65" dir="1" index="0" bw="1" slack="2147483647"/>
</pin_list>
<bind>
<StgValue><ssdm name="p_str"/></StgValue>
</bind>
</comp>

<comp id="66" class="1001" name="const_66">
<pin_list>
<pin id="67" dir="1" index="0" bw="1" slack="0"/>
</pin_list>
<bind>
<StgValue><ssdm name=""/></StgValue>
</bind>
</comp>

<comp id="68" class="1001" name="const_68">
<pin_list>
<pin id="69" dir="1" index="0" bw="1" slack="0"/>
</pin_list>
<bind>
<StgValue><ssdm name="_ssdm_op_Read.m_axi.p1i32"/></StgValue>
</bind>
</comp>

<comp id="70" class="1001" name="const_70">
<pin_list>
<pin id="71" dir="1" index="0" bw="1" slack="0"/>
</pin_list>
<bind>
<StgValue><ssdm name=""/></StgValue>
</bind>
</comp>

<comp id="72" class="1001" name="const_72">
<pin_list>
<pin id="73" dir="1" index="0" bw="1" slack="2147483647"/>
</pin_list>
<bind>
<StgValue><ssdm name="_ssdm_op_SpecLoopName"/></StgValue>
</bind>
</comp>

<comp id="74" class="1001" name="const_74">
<pin_list>
<pin id="75" dir="1" index="0" bw="1" slack="2147483647"/>
</pin_list>
<bind>
<StgValue><ssdm name="CopyW3_inft_CopyW3_ky_CopyW3_kx_str"/></StgValue>
</bind>
</comp>

<comp id="76" class="1001" name="const_76">
<pin_list>
<pin id="77" dir="1" index="0" bw="1" slack="2147483647"/>
</pin_list>
<bind>
<StgValue><ssdm name="_ssdm_op_SpecLoopTripCount"/></StgValue>
</bind>
</comp>

<comp id="78" class="1001" name="const_78">
<pin_list>
<pin id="79" dir="1" index="0" bw="1" slack="2147483647"/>
</pin_list>
<bind>
<StgValue><ssdm name=""/></StgValue>
</bind>
</comp>

<comp id="80" class="1001" name="const_80">
<pin_list>
<pin id="81" dir="1" index="0" bw="1" slack="0"/>
</pin_list>
<bind>
<StgValue><ssdm name="_ssdm_op_PartSelect.i2.i6.i32.i32"/></StgValue>
</bind>
</comp>

<comp id="82" class="1001" name="const_82">
<pin_list>
<pin id="83" dir="1" index="0" bw="1" slack="0"/>
</pin_list>
<bind>
<StgValue><ssdm name=""/></StgValue>
</bind>
</comp>

<comp id="84" class="1001" name="const_84">
<pin_list>
<pin id="85" dir="1" index="0" bw="1" slack="0"/>
</pin_list>
<bind>
<StgValue><ssdm name=""/></StgValue>
</bind>
</comp>

<comp id="86" class="1001" name="const_86">
<pin_list>
<pin id="87" dir="1" index="0" bw="1" slack="0"/>
</pin_list>
<bind>
<StgValue><ssdm name="_ssdm_op_BitConcatenate.i4.i2.i2"/></StgValue>
</bind>
</comp>

<comp id="88" class="1001" name="const_88">
<pin_list>
<pin id="89" dir="1" index="0" bw="1" slack="0"/>
</pin_list>
<bind>
<StgValue><ssdm name=""/></StgValue>
</bind>
</comp>

<comp id="90" class="1001" name="const_90">
<pin_list>
<pin id="91" dir="1" index="0" bw="1" slack="0"/>
</pin_list>
<bind>
<StgValue><ssdm name=""/></StgValue>
</bind>
</comp>

<comp id="92" class="1001" name="const_92">
<pin_list>
<pin id="93" dir="1" index="0" bw="1" slack="0"/>
</pin_list>
<bind>
<StgValue><ssdm name=""/></StgValue>
</bind>
</comp>

<comp id="94" class="1001" name="const_94">
<pin_list>
<pin id="95" dir="1" index="0" bw="1" slack="2147483647"/>
</pin_list>
<bind>
<StgValue><ssdm name="CopyW3_ky_CopyW3_kx_str"/></StgValue>
</bind>
</comp>

<comp id="96" class="1001" name="const_96">
<pin_list>
<pin id="97" dir="1" index="0" bw="1" slack="0"/>
</pin_list>
<bind>
<StgValue><ssdm name="_ssdm_op_BitConcatenate.i7.i5.i2"/></StgValue>
</bind>
</comp>

<comp id="98" class="1001" name="const_98">
<pin_list>
<pin id="99" dir="1" index="0" bw="1" slack="0"/>
</pin_list>
<bind>
<StgValue><ssdm name=""/></StgValue>
</bind>
</comp>

<comp id="100" class="1001" name="const_100">
<pin_list>
<pin id="101" dir="1" index="0" bw="1" slack="0"/>
</pin_list>
<bind>
<StgValue><ssdm name=""/></StgValue>
</bind>
</comp>

<comp id="102" class="1001" name="const_102">
<pin_list>
<pin id="103" dir="1" index="0" bw="1" slack="2147483647"/>
</pin_list>
<bind>
<StgValue><ssdm name="empty_14"/></StgValue>
</bind>
</comp>

<comp id="104" class="1001" name="const_104">
<pin_list>
<pin id="105" dir="1" index="0" bw="1" slack="2147483647"/>
</pin_list>
<bind>
<StgValue><ssdm name=""/></StgValue>
</bind>
</comp>

<comp id="106" class="1001" name="const_106">
<pin_list>
<pin id="107" dir="1" index="0" bw="1" slack="2147483647"/>
</pin_list>
<bind>
<StgValue><ssdm name=""/></StgValue>
</bind>
</comp>

<comp id="108" class="1001" name="const_108">
<pin_list>
<pin id="109" dir="1" index="0" bw="1" slack="2147483647"/>
</pin_list>
<bind>
<StgValue><ssdm name=""/></StgValue>
</bind>
</comp>

<comp id="110" class="1001" name="const_110">
<pin_list>
<pin id="111" dir="1" index="0" bw="1" slack="2147483647"/>
</pin_list>
<bind>
<StgValue><ssdm name=""/></StgValue>
</bind>
</comp>

<comp id="112" class="1004" name="kx_fu_112">
<pin_list>
<pin id="113" dir="0" index="0" bw="1" slack="0"/>
<pin id="114" dir="1" index="1" bw="3" slack="0"/>
</pin_list>
<bind>
<opcode="alloca(26) " fcode="alloca"/>
<opset="kx/1 "/>
</bind>
</comp>

<comp id="116" class="1004" name="ky_fu_116">
<pin_list>
<pin id="117" dir="0" index="0" bw="1" slack="0"/>
<pin id="118" dir="1" index="1" bw="3" slack="0"/>
</pin_list>
<bind>
<opcode="alloca(26) " fcode="alloca"/>
<opset="ky/1 "/>
</bind>
</comp>

<comp id="120" class="1004" name="indvar_flatten6_fu_120">
<pin_list>
<pin id="121" dir="0" index="0" bw="1" slack="0"/>
<pin id="122" dir="1" index="1" bw="6" slack="0"/>
</pin_list>
<bind>
<opcode="alloca(26) " fcode="alloca"/>
<opset="indvar_flatten6/1 "/>
</bind>
</comp>

<comp id="124" class="1004" name="i3_fu_124">
<pin_list>
<pin id="125" dir="0" index="0" bw="1" slack="0"/>
<pin id="126" dir="1" index="1" bw="6" slack="0"/>
</pin_list>
<bind>
<opcode="alloca(26) " fcode="alloca"/>
<opset="i3/1 "/>
</bind>
</comp>

<comp id="128" class="1004" name="indvar_flatten19_fu_128">
<pin_list>
<pin id="129" dir="0" index="0" bw="1" slack="0"/>
<pin id="130" dir="1" index="1" bw="10" slack="0"/>
</pin_list>
<bind>
<opcode="alloca(26) " fcode="alloca"/>
<opset="indvar_flatten19/1 "/>
</bind>
</comp>

<comp id="132" class="1004" name="sext_ln399_read_read_fu_132">
<pin_list>
<pin id="133" dir="0" index="0" bw="62" slack="0"/>
<pin id="134" dir="0" index="1" bw="62" slack="0"/>
<pin id="135" dir="1" index="2" bw="62" slack="0"/>
</pin_list>
<bind>
<opcode="read(1150) " fcode="read"/>
<opset="sext_ln399_read/1 "/>
</bind>
</comp>

<comp id="138" class="1004" name="gmem_w3_addr_read_read_fu_138">
<pin_list>
<pin id="139" dir="0" index="0" bw="32" slack="0"/>
<pin id="140" dir="0" index="1" bw="32" slack="0"/>
<pin id="141" dir="1" index="2" bw="32" slack="1"/>
</pin_list>
<bind>
<opcode="read(1150) " fcode="read"/>
<opset="gmem_w3_addr_read/2 "/>
</bind>
</comp>

<comp id="143" class="1004" name="srcnn_float_255_255_float_1_9_9_float_float_64_1_1_f_37_gep_fu_143">
<pin_list>
<pin id="144" dir="0" index="0" bw="32" slack="0"/>
<pin id="145" dir="0" index="1" bw="1" slack="0"/>
<pin id="146" dir="0" index="2" bw="7" slack="0"/>
<pin id="147" dir="1" index="3" bw="7" slack="0"/>
</pin_list>
<bind>
<opcode="getelementptr(29) " fcode="getelementptr"/>
<opset="srcnn_float_255_255_float_1_9_9_float_float_64_1_1_f_37/3 "/>
</bind>
</comp>

<comp id="150" class="1004" name="srcnn_float_255_255_float_1_9_9_float_float_64_1_1_f_38_gep_fu_150">
<pin_list>
<pin id="151" dir="0" index="0" bw="32" slack="0"/>
<pin id="152" dir="0" index="1" bw="1" slack="0"/>
<pin id="153" dir="0" index="2" bw="7" slack="0"/>
<pin id="154" dir="1" index="3" bw="7" slack="0"/>
</pin_list>
<bind>
<opcode="getelementptr(29) " fcode="getelementptr"/>
<opset="srcnn_float_255_255_float_1_9_9_float_float_64_1_1_f_38/3 "/>
</bind>
</comp>

<comp id="157" class="1004" name="srcnn_float_255_255_float_1_9_9_float_float_64_1_1_f_39_gep_fu_157">
<pin_list>
<pin id="158" dir="0" index="0" bw="32" slack="0"/>
<pin id="159" dir="0" index="1" bw="1" slack="0"/>
<pin id="160" dir="0" index="2" bw="7" slack="0"/>
<pin id="161" dir="1" index="3" bw="7" slack="0"/>
</pin_list>
<bind>
<opcode="getelementptr(29) " fcode="getelementptr"/>
<opset="srcnn_float_255_255_float_1_9_9_float_float_64_1_1_f_39/3 "/>
</bind>
</comp>

<comp id="164" class="1004" name="srcnn_float_255_255_float_1_9_9_float_float_64_1_1_f_40_gep_fu_164">
<pin_list>
<pin id="165" dir="0" index="0" bw="32" slack="0"/>
<pin id="166" dir="0" index="1" bw="1" slack="0"/>
<pin id="167" dir="0" index="2" bw="7" slack="0"/>
<pin id="168" dir="1" index="3" bw="7" slack="0"/>
</pin_list>
<bind>
<opcode="getelementptr(29) " fcode="getelementptr"/>
<opset="srcnn_float_255_255_float_1_9_9_float_float_64_1_1_f_40/3 "/>
</bind>
</comp>

<comp id="171" class="1004" name="srcnn_float_255_255_float_1_9_9_float_float_64_1_1_f_41_gep_fu_171">
<pin_list>
<pin id="172" dir="0" index="0" bw="32" slack="0"/>
<pin id="173" dir="0" index="1" bw="1" slack="0"/>
<pin id="174" dir="0" index="2" bw="7" slack="0"/>
<pin id="175" dir="1" index="3" bw="7" slack="0"/>
</pin_list>
<bind>
<opcode="getelementptr(29) " fcode="getelementptr"/>
<opset="srcnn_float_255_255_float_1_9_9_float_float_64_1_1_f_41/3 "/>
</bind>
</comp>

<comp id="178" class="1004" name="srcnn_float_255_255_float_1_9_9_float_float_64_1_1_f_42_gep_fu_178">
<pin_list>
<pin id="179" dir="0" index="0" bw="32" slack="0"/>
<pin id="180" dir="0" index="1" bw="1" slack="0"/>
<pin id="181" dir="0" index="2" bw="7" slack="0"/>
<pin id="182" dir="1" index="3" bw="7" slack="0"/>
</pin_list>
<bind>
<opcode="getelementptr(29) " fcode="getelementptr"/>
<opset="srcnn_float_255_255_float_1_9_9_float_float_64_1_1_f_42/3 "/>
</bind>
</comp>

<comp id="185" class="1004" name="srcnn_float_255_255_float_1_9_9_float_float_64_1_1_f_43_gep_fu_185">
<pin_list>
<pin id="186" dir="0" index="0" bw="32" slack="0"/>
<pin id="187" dir="0" index="1" bw="1" slack="0"/>
<pin id="188" dir="0" index="2" bw="7" slack="0"/>
<pin id="189" dir="1" index="3" bw="7" slack="0"/>
</pin_list>
<bind>
<opcode="getelementptr(29) " fcode="getelementptr"/>
<opset="srcnn_float_255_255_float_1_9_9_float_float_64_1_1_f_43/3 "/>
</bind>
</comp>

<comp id="192" class="1004" name="srcnn_float_255_255_float_1_9_9_float_float_64_1_1_f_44_gep_fu_192">
<pin_list>
<pin id="193" dir="0" index="0" bw="32" slack="0"/>
<pin id="194" dir="0" index="1" bw="1" slack="0"/>
<pin id="195" dir="0" index="2" bw="7" slack="0"/>
<pin id="196" dir="1" index="3" bw="7" slack="0"/>
</pin_list>
<bind>
<opcode="getelementptr(29) " fcode="getelementptr"/>
<opset="srcnn_float_255_255_float_1_9_9_float_float_64_1_1_f_44/3 "/>
</bind>
</comp>

<comp id="199" class="1004" name="store_ln407_access_fu_199">
<pin_list>
<pin id="200" dir="0" index="0" bw="7" slack="0"/>
<pin id="201" dir="0" index="1" bw="32" slack="0"/>
<pin id="202" dir="0" index="2" bw="0" slack="2147483647"/>
<pin id="203" dir="1" index="3" bw="32" slack="2147483647"/>
</pin_list>
<bind>
<opcode="store(28) " fcode="store"/>
<opset="store_ln407/3 "/>
</bind>
</comp>

<comp id="205" class="1004" name="store_ln407_access_fu_205">
<pin_list>
<pin id="206" dir="0" index="0" bw="7" slack="0"/>
<pin id="207" dir="0" index="1" bw="32" slack="0"/>
<pin id="208" dir="0" index="2" bw="0" slack="2147483647"/>
<pin id="209" dir="1" index="3" bw="32" slack="2147483647"/>
</pin_list>
<bind>
<opcode="store(28) " fcode="store"/>
<opset="store_ln407/3 "/>
</bind>
</comp>

<comp id="211" class="1004" name="store_ln407_access_fu_211">
<pin_list>
<pin id="212" dir="0" index="0" bw="7" slack="0"/>
<pin id="213" dir="0" index="1" bw="32" slack="0"/>
<pin id="214" dir="0" index="2" bw="0" slack="2147483647"/>
<pin id="215" dir="1" index="3" bw="32" slack="2147483647"/>
</pin_list>
<bind>
<opcode="store(28) " fcode="store"/>
<opset="store_ln407/3 "/>
</bind>
</comp>

<comp id="217" class="1004" name="store_ln407_access_fu_217">
<pin_list>
<pin id="218" dir="0" index="0" bw="7" slack="0"/>
<pin id="219" dir="0" index="1" bw="32" slack="0"/>
<pin id="220" dir="0" index="2" bw="0" slack="2147483647"/>
<pin id="221" dir="1" index="3" bw="32" slack="2147483647"/>
</pin_list>
<bind>
<opcode="store(28) " fcode="store"/>
<opset="store_ln407/3 "/>
</bind>
</comp>

<comp id="223" class="1004" name="store_ln407_access_fu_223">
<pin_list>
<pin id="224" dir="0" index="0" bw="7" slack="0"/>
<pin id="225" dir="0" index="1" bw="32" slack="0"/>
<pin id="226" dir="0" index="2" bw="0" slack="2147483647"/>
<pin id="227" dir="1" index="3" bw="32" slack="2147483647"/>
</pin_list>
<bind>
<opcode="store(28) " fcode="store"/>
<opset="store_ln407/3 "/>
</bind>
</comp>

<comp id="229" class="1004" name="store_ln407_access_fu_229">
<pin_list>
<pin id="230" dir="0" index="0" bw="7" slack="0"/>
<pin id="231" dir="0" index="1" bw="32" slack="0"/>
<pin id="232" dir="0" index="2" bw="0" slack="2147483647"/>
<pin id="233" dir="1" index="3" bw="32" slack="2147483647"/>
</pin_list>
<bind>
<opcode="store(28) " fcode="store"/>
<opset="store_ln407/3 "/>
</bind>
</comp>

<comp id="235" class="1004" name="store_ln407_access_fu_235">
<pin_list>
<pin id="236" dir="0" index="0" bw="7" slack="0"/>
<pin id="237" dir="0" index="1" bw="32" slack="0"/>
<pin id="238" dir="0" index="2" bw="0" slack="2147483647"/>
<pin id="239" dir="1" index="3" bw="32" slack="2147483647"/>
</pin_list>
<bind>
<opcode="store(28) " fcode="store"/>
<opset="store_ln407/3 "/>
</bind>
</comp>

<comp id="241" class="1004" name="store_ln407_access_fu_241">
<pin_list>
<pin id="242" dir="0" index="0" bw="7" slack="0"/>
<pin id="243" dir="0" index="1" bw="32" slack="0"/>
<pin id="244" dir="0" index="2" bw="0" slack="2147483647"/>
<pin id="245" dir="1" index="3" bw="32" slack="2147483647"/>
</pin_list>
<bind>
<opcode="store(28) " fcode="store"/>
<opset="store_ln407/3 "/>
</bind>
</comp>

<comp id="247" class="1004" name="sext_ln399_cast_fu_247">
<pin_list>
<pin id="248" dir="0" index="0" bw="62" slack="0"/>
<pin id="249" dir="1" index="1" bw="64" slack="1"/>
</pin_list>
<bind>
<opcode="sext(35) " fcode="sext"/>
<opset="sext_ln399_cast/1 "/>
</bind>
</comp>

<comp id="251" class="1004" name="store_ln0_store_fu_251">
<pin_list>
<pin id="252" dir="0" index="0" bw="1" slack="0"/>
<pin id="253" dir="0" index="1" bw="10" slack="0"/>
<pin id="254" dir="1" index="2" bw="0" slack="2147483647"/>
</pin_list>
<bind>
<opcode="store(28) " fcode="store"/>
<opset="store_ln0/1 "/>
</bind>
</comp>

<comp id="256" class="1004" name="store_ln0_store_fu_256">
<pin_list>
<pin id="257" dir="0" index="0" bw="1" slack="0"/>
<pin id="258" dir="0" index="1" bw="6" slack="0"/>
<pin id="259" dir="1" index="2" bw="0" slack="2147483647"/>
</pin_list>
<bind>
<opcode="store(28) " fcode="store"/>
<opset="store_ln0/1 "/>
</bind>
</comp>

<comp id="261" class="1004" name="store_ln0_store_fu_261">
<pin_list>
<pin id="262" dir="0" index="0" bw="1" slack="0"/>
<pin id="263" dir="0" index="1" bw="6" slack="0"/>
<pin id="264" dir="1" index="2" bw="0" slack="2147483647"/>
</pin_list>
<bind>
<opcode="store(28) " fcode="store"/>
<opset="store_ln0/1 "/>
</bind>
</comp>

<comp id="266" class="1004" name="store_ln0_store_fu_266">
<pin_list>
<pin id="267" dir="0" index="0" bw="1" slack="0"/>
<pin id="268" dir="0" index="1" bw="3" slack="0"/>
<pin id="269" dir="1" index="2" bw="0" slack="2147483647"/>
</pin_list>
<bind>
<opcode="store(28) " fcode="store"/>
<opset="store_ln0/1 "/>
</bind>
</comp>

<comp id="271" class="1004" name="store_ln0_store_fu_271">
<pin_list>
<pin id="272" dir="0" index="0" bw="1" slack="0"/>
<pin id="273" dir="0" index="1" bw="3" slack="0"/>
<pin id="274" dir="1" index="2" bw="0" slack="2147483647"/>
</pin_list>
<bind>
<opcode="store(28) " fcode="store"/>
<opset="store_ln0/1 "/>
</bind>
</comp>

<comp id="276" class="1004" name="indvar_flatten19_load_load_fu_276">
<pin_list>
<pin id="277" dir="0" index="0" bw="10" slack="0"/>
<pin id="278" dir="1" index="1" bw="10" slack="0"/>
</pin_list>
<bind>
<opcode="load(27) " fcode="load"/>
<opset="indvar_flatten19_load/1 "/>
</bind>
</comp>

<comp id="279" class="1004" name="icmp_ln399_fu_279">
<pin_list>
<pin id="280" dir="0" index="0" bw="10" slack="0"/>
<pin id="281" dir="0" index="1" bw="9" slack="0"/>
<pin id="282" dir="1" index="2" bw="1" slack="1"/>
</pin_list>
<bind>
<opcode="icmp(45) " fcode="icmp"/>
<opset="icmp_ln399/1 "/>
</bind>
</comp>

<comp id="285" class="1004" name="add_ln399_1_fu_285">
<pin_list>
<pin id="286" dir="0" index="0" bw="10" slack="0"/>
<pin id="287" dir="0" index="1" bw="1" slack="0"/>
<pin id="288" dir="1" index="2" bw="10" slack="0"/>
</pin_list>
<bind>
<opcode="add(8) " fcode="add"/>
<opset="add_ln399_1/1 "/>
</bind>
</comp>

<comp id="291" class="1004" name="store_ln405_store_fu_291">
<pin_list>
<pin id="292" dir="0" index="0" bw="10" slack="0"/>
<pin id="293" dir="0" index="1" bw="10" slack="0"/>
<pin id="294" dir="1" index="2" bw="0" slack="2147483647"/>
</pin_list>
<bind>
<opcode="store(28) " fcode="store"/>
<opset="store_ln405/1 "/>
</bind>
</comp>

<comp id="296" class="1004" name="indvar_flatten6_load_load_fu_296">
<pin_list>
<pin id="297" dir="0" index="0" bw="6" slack="1"/>
<pin id="298" dir="1" index="1" bw="6" slack="0"/>
</pin_list>
<bind>
<opcode="load(27) " fcode="load"/>
<opset="indvar_flatten6_load/2 "/>
</bind>
</comp>

<comp id="299" class="1004" name="gmem_w3_addr_fu_299">
<pin_list>
<pin id="300" dir="0" index="0" bw="32" slack="0"/>
<pin id="301" dir="0" index="1" bw="62" slack="1"/>
<pin id="302" dir="1" index="2" bw="32" slack="0"/>
</pin_list>
<bind>
<opcode="getelementptr(29) " fcode="getelementptr"/>
<opset="gmem_w3_addr/2 "/>
</bind>
</comp>

<comp id="305" class="1004" name="icmp_ln402_fu_305">
<pin_list>
<pin id="306" dir="0" index="0" bw="6" slack="0"/>
<pin id="307" dir="0" index="1" bw="6" slack="0"/>
<pin id="308" dir="1" index="2" bw="1" slack="0"/>
</pin_list>
<bind>
<opcode="icmp(45) " fcode="icmp"/>
<opset="icmp_ln402/2 "/>
</bind>
</comp>

<comp id="311" class="1004" name="add_ln402_1_fu_311">
<pin_list>
<pin id="312" dir="0" index="0" bw="6" slack="0"/>
<pin id="313" dir="0" index="1" bw="1" slack="0"/>
<pin id="314" dir="1" index="2" bw="6" slack="0"/>
</pin_list>
<bind>
<opcode="add(8) " fcode="add"/>
<opset="add_ln402_1/2 "/>
</bind>
</comp>

<comp id="317" class="1004" name="select_ln402_2_fu_317">
<pin_list>
<pin id="318" dir="0" index="0" bw="1" slack="0"/>
<pin id="319" dir="0" index="1" bw="1" slack="0"/>
<pin id="320" dir="0" index="2" bw="6" slack="0"/>
<pin id="321" dir="1" index="3" bw="6" slack="0"/>
</pin_list>
<bind>
<opcode="select(49) " fcode="select"/>
<opset="select_ln402_2/2 "/>
</bind>
</comp>

<comp id="325" class="1004" name="store_ln405_store_fu_325">
<pin_list>
<pin id="326" dir="0" index="0" bw="6" slack="0"/>
<pin id="327" dir="0" index="1" bw="6" slack="1"/>
<pin id="328" dir="1" index="2" bw="0" slack="2147483647"/>
</pin_list>
<bind>
<opcode="store(28) " fcode="store"/>
<opset="store_ln405/2 "/>
</bind>
</comp>

<comp id="330" class="1004" name="kx_load_load_fu_330">
<pin_list>
<pin id="331" dir="0" index="0" bw="3" slack="2"/>
<pin id="332" dir="1" index="1" bw="3" slack="0"/>
</pin_list>
<bind>
<opcode="load(27) " fcode="load"/>
<opset="kx_load/3 "/>
</bind>
</comp>

<comp id="333" class="1004" name="ky_load_load_fu_333">
<pin_list>
<pin id="334" dir="0" index="0" bw="3" slack="2"/>
<pin id="335" dir="1" index="1" bw="3" slack="0"/>
</pin_list>
<bind>
<opcode="load(27) " fcode="load"/>
<opset="ky_load/3 "/>
</bind>
</comp>

<comp id="336" class="1004" name="i3_load_load_fu_336">
<pin_list>
<pin id="337" dir="0" index="0" bw="6" slack="2"/>
<pin id="338" dir="1" index="1" bw="6" slack="0"/>
</pin_list>
<bind>
<opcode="load(27) " fcode="load"/>
<opset="i3_load/3 "/>
</bind>
</comp>

<comp id="339" class="1004" name="add_ln399_fu_339">
<pin_list>
<pin id="340" dir="0" index="0" bw="6" slack="0"/>
<pin id="341" dir="0" index="1" bw="1" slack="0"/>
<pin id="342" dir="1" index="2" bw="6" slack="0"/>
</pin_list>
<bind>
<opcode="add(8) " fcode="add"/>
<opset="add_ln399/3 "/>
</bind>
</comp>

<comp id="345" class="1004" name="select_ln399_fu_345">
<pin_list>
<pin id="346" dir="0" index="0" bw="1" slack="1"/>
<pin id="347" dir="0" index="1" bw="1" slack="0"/>
<pin id="348" dir="0" index="2" bw="3" slack="0"/>
<pin id="349" dir="1" index="3" bw="3" slack="0"/>
</pin_list>
<bind>
<opcode="select(49) " fcode="select"/>
<opset="select_ln399/3 "/>
</bind>
</comp>

<comp id="352" class="1004" name="select_ln399_1_fu_352">
<pin_list>
<pin id="353" dir="0" index="0" bw="1" slack="1"/>
<pin id="354" dir="0" index="1" bw="6" slack="0"/>
<pin id="355" dir="0" index="2" bw="6" slack="0"/>
<pin id="356" dir="1" index="3" bw="6" slack="0"/>
</pin_list>
<bind>
<opcode="select(49) " fcode="select"/>
<opset="select_ln399_1/3 "/>
</bind>
</comp>

<comp id="359" class="1004" name="trunc_ln399_fu_359">
<pin_list>
<pin id="360" dir="0" index="0" bw="6" slack="0"/>
<pin id="361" dir="1" index="1" bw="3" slack="2147483647"/>
</pin_list>
<bind>
<opcode="trunc(33) " fcode="trunc"/>
<opset="trunc_ln399/3 "/>
</bind>
</comp>

<comp id="363" class="1004" name="zext_ln399_mid2_v_fu_363">
<pin_list>
<pin id="364" dir="0" index="0" bw="2" slack="0"/>
<pin id="365" dir="0" index="1" bw="6" slack="0"/>
<pin id="366" dir="0" index="2" bw="3" slack="0"/>
<pin id="367" dir="0" index="3" bw="4" slack="0"/>
<pin id="368" dir="1" index="4" bw="2" slack="0"/>
</pin_list>
<bind>
<opcode="partselect(1002) " fcode="partselect"/>
<opset="zext_ln399_mid2_v/3 "/>
</bind>
</comp>

<comp id="373" class="1004" name="or_ln_fu_373">
<pin_list>
<pin id="374" dir="0" index="0" bw="4" slack="0"/>
<pin id="375" dir="0" index="1" bw="2" slack="0"/>
<pin id="376" dir="0" index="2" bw="2" slack="0"/>
<pin id="377" dir="1" index="3" bw="4" slack="0"/>
</pin_list>
<bind>
<opcode="bitconcatenate(1004) " fcode="bitconcatenate"/>
<opset="or_ln/3 "/>
</bind>
</comp>

<comp id="381" class="1004" name="zext_ln402_fu_381">
<pin_list>
<pin id="382" dir="0" index="0" bw="4" slack="0"/>
<pin id="383" dir="1" index="1" bw="5" slack="0"/>
</pin_list>
<bind>
<opcode="zext(34) " fcode="zext"/>
<opset="zext_ln402/3 "/>
</bind>
</comp>

<comp id="385" class="1004" name="xor_ln399_fu_385">
<pin_list>
<pin id="386" dir="0" index="0" bw="1" slack="1"/>
<pin id="387" dir="0" index="1" bw="1" slack="0"/>
<pin id="388" dir="1" index="2" bw="1" slack="0"/>
</pin_list>
<bind>
<opcode="xor(25) " fcode="xor"/>
<opset="xor_ln399/3 "/>
</bind>
</comp>

<comp id="390" class="1004" name="icmp_ln405_fu_390">
<pin_list>
<pin id="391" dir="0" index="0" bw="3" slack="0"/>
<pin id="392" dir="0" index="1" bw="3" slack="0"/>
<pin id="393" dir="1" index="2" bw="1" slack="0"/>
</pin_list>
<bind>
<opcode="icmp(45) " fcode="icmp"/>
<opset="icmp_ln405/3 "/>
</bind>
</comp>

<comp id="396" class="1004" name="and_ln399_fu_396">
<pin_list>
<pin id="397" dir="0" index="0" bw="1" slack="0"/>
<pin id="398" dir="0" index="1" bw="1" slack="0"/>
<pin id="399" dir="1" index="2" bw="1" slack="0"/>
</pin_list>
<bind>
<opcode="and(23) " fcode="and"/>
<opset="and_ln399/3 "/>
</bind>
</comp>

<comp id="402" class="1004" name="add_ln402_fu_402">
<pin_list>
<pin id="403" dir="0" index="0" bw="3" slack="0"/>
<pin id="404" dir="0" index="1" bw="1" slack="0"/>
<pin id="405" dir="1" index="2" bw="3" slack="0"/>
</pin_list>
<bind>
<opcode="add(8) " fcode="add"/>
<opset="add_ln402/3 "/>
</bind>
</comp>

<comp id="408" class="1004" name="or_ln402_fu_408">
<pin_list>
<pin id="409" dir="0" index="0" bw="1" slack="0"/>
<pin id="410" dir="0" index="1" bw="1" slack="1"/>
<pin id="411" dir="1" index="2" bw="1" slack="0"/>
</pin_list>
<bind>
<opcode="or(24) " fcode="or"/>
<opset="or_ln402/3 "/>
</bind>
</comp>

<comp id="413" class="1004" name="select_ln402_fu_413">
<pin_list>
<pin id="414" dir="0" index="0" bw="1" slack="0"/>
<pin id="415" dir="0" index="1" bw="1" slack="0"/>
<pin id="416" dir="0" index="2" bw="3" slack="0"/>
<pin id="417" dir="1" index="3" bw="3" slack="0"/>
</pin_list>
<bind>
<opcode="select(49) " fcode="select"/>
<opset="select_ln402/3 "/>
</bind>
</comp>

<comp id="421" class="1004" name="select_ln402_1_fu_421">
<pin_list>
<pin id="422" dir="0" index="0" bw="1" slack="0"/>
<pin id="423" dir="0" index="1" bw="3" slack="0"/>
<pin id="424" dir="0" index="2" bw="3" slack="0"/>
<pin id="425" dir="1" index="3" bw="3" slack="0"/>
</pin_list>
<bind>
<opcode="select(49) " fcode="select"/>
<opset="select_ln402_1/3 "/>
</bind>
</comp>

<comp id="429" class="1004" name="zext_ln407_fu_429">
<pin_list>
<pin id="430" dir="0" index="0" bw="3" slack="0"/>
<pin id="431" dir="1" index="1" bw="5" slack="0"/>
</pin_list>
<bind>
<opcode="zext(34) " fcode="zext"/>
<opset="zext_ln407/3 "/>
</bind>
</comp>

<comp id="433" class="1004" name="add_ln407_fu_433">
<pin_list>
<pin id="434" dir="0" index="0" bw="4" slack="0"/>
<pin id="435" dir="0" index="1" bw="3" slack="0"/>
<pin id="436" dir="1" index="2" bw="5" slack="0"/>
</pin_list>
<bind>
<opcode="add(8) " fcode="add"/>
<opset="add_ln407/3 "/>
</bind>
</comp>

<comp id="439" class="1004" name="zext_ln407_1_fu_439">
<pin_list>
<pin id="440" dir="0" index="0" bw="5" slack="0"/>
<pin id="441" dir="1" index="1" bw="7" slack="0"/>
</pin_list>
<bind>
<opcode="zext(34) " fcode="zext"/>
<opset="zext_ln407_1/3 "/>
</bind>
</comp>

<comp id="443" class="1004" name="p_shl_fu_443">
<pin_list>
<pin id="444" dir="0" index="0" bw="7" slack="0"/>
<pin id="445" dir="0" index="1" bw="5" slack="0"/>
<pin id="446" dir="0" index="2" bw="1" slack="0"/>
<pin id="447" dir="1" index="3" bw="7" slack="0"/>
</pin_list>
<bind>
<opcode="bitconcatenate(1004) " fcode="bitconcatenate"/>
<opset="p_shl/3 "/>
</bind>
</comp>

<comp id="451" class="1004" name="add_ln407_1_fu_451">
<pin_list>
<pin id="452" dir="0" index="0" bw="7" slack="0"/>
<pin id="453" dir="0" index="1" bw="5" slack="0"/>
<pin id="454" dir="1" index="2" bw="7" slack="0"/>
</pin_list>
<bind>
<opcode="add(8) " fcode="add"/>
<opset="add_ln407_1/3 "/>
</bind>
</comp>

<comp id="457" class="1004" name="zext_ln407_2_fu_457">
<pin_list>
<pin id="458" dir="0" index="0" bw="3" slack="0"/>
<pin id="459" dir="1" index="1" bw="7" slack="0"/>
</pin_list>
<bind>
<opcode="zext(34) " fcode="zext"/>
<opset="zext_ln407_2/3 "/>
</bind>
</comp>

<comp id="461" class="1004" name="add_ln407_2_fu_461">
<pin_list>
<pin id="462" dir="0" index="0" bw="7" slack="0"/>
<pin id="463" dir="0" index="1" bw="3" slack="0"/>
<pin id="464" dir="1" index="2" bw="7" slack="0"/>
</pin_list>
<bind>
<opcode="add(8) " fcode="add"/>
<opset="add_ln407_2/3 "/>
</bind>
</comp>

<comp id="467" class="1004" name="zext_ln407_3_fu_467">
<pin_list>
<pin id="468" dir="0" index="0" bw="7" slack="0"/>
<pin id="469" dir="1" index="1" bw="64" slack="0"/>
</pin_list>
<bind>
<opcode="zext(34) " fcode="zext"/>
<opset="zext_ln407_3/3 "/>
</bind>
</comp>

<comp id="479" class="1004" name="bitcast_ln407_fu_479">
<pin_list>
<pin id="480" dir="0" index="0" bw="32" slack="1"/>
<pin id="481" dir="1" index="1" bw="32" slack="0"/>
</pin_list>
<bind>
<opcode="bitcast(44) " fcode="bitcast"/>
<opset="bitcast_ln407/3 "/>
</bind>
</comp>

<comp id="490" class="1004" name="add_ln405_fu_490">
<pin_list>
<pin id="491" dir="0" index="0" bw="3" slack="0"/>
<pin id="492" dir="0" index="1" bw="1" slack="0"/>
<pin id="493" dir="1" index="2" bw="3" slack="0"/>
</pin_list>
<bind>
<opcode="add(8) " fcode="add"/>
<opset="add_ln405/3 "/>
</bind>
</comp>

<comp id="496" class="1004" name="store_ln405_store_fu_496">
<pin_list>
<pin id="497" dir="0" index="0" bw="6" slack="0"/>
<pin id="498" dir="0" index="1" bw="6" slack="2"/>
<pin id="499" dir="1" index="2" bw="0" slack="2147483647"/>
</pin_list>
<bind>
<opcode="store(28) " fcode="store"/>
<opset="store_ln405/3 "/>
</bind>
</comp>

<comp id="501" class="1004" name="store_ln405_store_fu_501">
<pin_list>
<pin id="502" dir="0" index="0" bw="3" slack="0"/>
<pin id="503" dir="0" index="1" bw="3" slack="2"/>
<pin id="504" dir="1" index="2" bw="0" slack="2147483647"/>
</pin_list>
<bind>
<opcode="store(28) " fcode="store"/>
<opset="store_ln405/3 "/>
</bind>
</comp>

<comp id="506" class="1004" name="store_ln405_store_fu_506">
<pin_list>
<pin id="507" dir="0" index="0" bw="3" slack="0"/>
<pin id="508" dir="0" index="1" bw="3" slack="2"/>
<pin id="509" dir="1" index="2" bw="0" slack="2147483647"/>
</pin_list>
<bind>
<opcode="store(28) " fcode="store"/>
<opset="store_ln405/3 "/>
</bind>
</comp>

<comp id="511" class="1005" name="kx_reg_511">
<pin_list>
<pin id="512" dir="0" index="0" bw="3" slack="0"/>
<pin id="513" dir="1" index="1" bw="3" slack="0"/>
</pin_list>
<bind>
<opset="kx "/>
</bind>
</comp>

<comp id="518" class="1005" name="ky_reg_518">
<pin_list>
<pin id="519" dir="0" index="0" bw="3" slack="0"/>
<pin id="520" dir="1" index="1" bw="3" slack="0"/>
</pin_list>
<bind>
<opset="ky "/>
</bind>
</comp>

<comp id="525" class="1005" name="indvar_flatten6_reg_525">
<pin_list>
<pin id="526" dir="0" index="0" bw="6" slack="0"/>
<pin id="527" dir="1" index="1" bw="6" slack="0"/>
</pin_list>
<bind>
<opset="indvar_flatten6 "/>
</bind>
</comp>

<comp id="532" class="1005" name="i3_reg_532">
<pin_list>
<pin id="533" dir="0" index="0" bw="6" slack="0"/>
<pin id="534" dir="1" index="1" bw="6" slack="0"/>
</pin_list>
<bind>
<opset="i3 "/>
</bind>
</comp>

<comp id="539" class="1005" name="indvar_flatten19_reg_539">
<pin_list>
<pin id="540" dir="0" index="0" bw="10" slack="0"/>
<pin id="541" dir="1" index="1" bw="10" slack="0"/>
</pin_list>
<bind>
<opset="indvar_flatten19 "/>
</bind>
</comp>

<comp id="546" class="1005" name="sext_ln399_cast_reg_546">
<pin_list>
<pin id="547" dir="0" index="0" bw="64" slack="1"/>
<pin id="548" dir="1" index="1" bw="64" slack="1"/>
</pin_list>
<bind>
<opset="sext_ln399_cast "/>
</bind>
</comp>

<comp id="551" class="1005" name="icmp_ln399_reg_551">
<pin_list>
<pin id="552" dir="0" index="0" bw="1" slack="1"/>
<pin id="553" dir="1" index="1" bw="1" slack="2147483647"/>
</pin_list>
<bind>
<opset="icmp_ln399 "/>
</bind>
</comp>

<comp id="555" class="1005" name="icmp_ln402_reg_555">
<pin_list>
<pin id="556" dir="0" index="0" bw="1" slack="1"/>
<pin id="557" dir="1" index="1" bw="1" slack="1"/>
</pin_list>
<bind>
<opset="icmp_ln402 "/>
</bind>
</comp>

<comp id="563" class="1005" name="gmem_w3_addr_read_reg_563">
<pin_list>
<pin id="564" dir="0" index="0" bw="32" slack="1"/>
<pin id="565" dir="1" index="1" bw="32" slack="1"/>
</pin_list>
<bind>
<opset="gmem_w3_addr_read "/>
</bind>
</comp>

</comp_list>

<net_list>
<net id="115"><net_src comp="20" pin="0"/><net_sink comp="112" pin=0"/></net>

<net id="119"><net_src comp="20" pin="0"/><net_sink comp="116" pin=0"/></net>

<net id="123"><net_src comp="20" pin="0"/><net_sink comp="120" pin=0"/></net>

<net id="127"><net_src comp="20" pin="0"/><net_sink comp="124" pin=0"/></net>

<net id="131"><net_src comp="20" pin="0"/><net_sink comp="128" pin=0"/></net>

<net id="136"><net_src comp="22" pin="0"/><net_sink comp="132" pin=0"/></net>

<net id="137"><net_src comp="2" pin="0"/><net_sink comp="132" pin=1"/></net>

<net id="142"><net_src comp="68" pin="0"/><net_sink comp="138" pin=0"/></net>

<net id="148"><net_src comp="4" pin="0"/><net_sink comp="143" pin=0"/></net>

<net id="149"><net_src comp="100" pin="0"/><net_sink comp="143" pin=1"/></net>

<net id="155"><net_src comp="10" pin="0"/><net_sink comp="150" pin=0"/></net>

<net id="156"><net_src comp="100" pin="0"/><net_sink comp="150" pin=1"/></net>

<net id="162"><net_src comp="12" pin="0"/><net_sink comp="157" pin=0"/></net>

<net id="163"><net_src comp="100" pin="0"/><net_sink comp="157" pin=1"/></net>

<net id="169"><net_src comp="14" pin="0"/><net_sink comp="164" pin=0"/></net>

<net id="170"><net_src comp="100" pin="0"/><net_sink comp="164" pin=1"/></net>

<net id="176"><net_src comp="16" pin="0"/><net_sink comp="171" pin=0"/></net>

<net id="177"><net_src comp="100" pin="0"/><net_sink comp="171" pin=1"/></net>

<net id="183"><net_src comp="18" pin="0"/><net_sink comp="178" pin=0"/></net>

<net id="184"><net_src comp="100" pin="0"/><net_sink comp="178" pin=1"/></net>

<net id="190"><net_src comp="6" pin="0"/><net_sink comp="185" pin=0"/></net>

<net id="191"><net_src comp="100" pin="0"/><net_sink comp="185" pin=1"/></net>

<net id="197"><net_src comp="8" pin="0"/><net_sink comp="192" pin=0"/></net>

<net id="198"><net_src comp="100" pin="0"/><net_sink comp="192" pin=1"/></net>

<net id="204"><net_src comp="171" pin="3"/><net_sink comp="199" pin=0"/></net>

<net id="210"><net_src comp="164" pin="3"/><net_sink comp="205" pin=0"/></net>

<net id="216"><net_src comp="157" pin="3"/><net_sink comp="211" pin=0"/></net>

<net id="222"><net_src comp="150" pin="3"/><net_sink comp="217" pin=0"/></net>

<net id="228"><net_src comp="192" pin="3"/><net_sink comp="223" pin=0"/></net>

<net id="234"><net_src comp="185" pin="3"/><net_sink comp="229" pin=0"/></net>

<net id="240"><net_src comp="143" pin="3"/><net_sink comp="235" pin=0"/></net>

<net id="246"><net_src comp="178" pin="3"/><net_sink comp="241" pin=0"/></net>

<net id="250"><net_src comp="132" pin="2"/><net_sink comp="247" pin=0"/></net>

<net id="255"><net_src comp="50" pin="0"/><net_sink comp="251" pin=0"/></net>

<net id="260"><net_src comp="52" pin="0"/><net_sink comp="256" pin=0"/></net>

<net id="265"><net_src comp="52" pin="0"/><net_sink comp="261" pin=0"/></net>

<net id="270"><net_src comp="54" pin="0"/><net_sink comp="266" pin=0"/></net>

<net id="275"><net_src comp="54" pin="0"/><net_sink comp="271" pin=0"/></net>

<net id="283"><net_src comp="276" pin="1"/><net_sink comp="279" pin=0"/></net>

<net id="284"><net_src comp="56" pin="0"/><net_sink comp="279" pin=1"/></net>

<net id="289"><net_src comp="276" pin="1"/><net_sink comp="285" pin=0"/></net>

<net id="290"><net_src comp="58" pin="0"/><net_sink comp="285" pin=1"/></net>

<net id="295"><net_src comp="285" pin="2"/><net_sink comp="291" pin=0"/></net>

<net id="303"><net_src comp="0" pin="0"/><net_sink comp="299" pin=0"/></net>

<net id="304"><net_src comp="299" pin="2"/><net_sink comp="138" pin=1"/></net>

<net id="309"><net_src comp="296" pin="1"/><net_sink comp="305" pin=0"/></net>

<net id="310"><net_src comp="66" pin="0"/><net_sink comp="305" pin=1"/></net>

<net id="315"><net_src comp="296" pin="1"/><net_sink comp="311" pin=0"/></net>

<net id="316"><net_src comp="70" pin="0"/><net_sink comp="311" pin=1"/></net>

<net id="322"><net_src comp="305" pin="2"/><net_sink comp="317" pin=0"/></net>

<net id="323"><net_src comp="70" pin="0"/><net_sink comp="317" pin=1"/></net>

<net id="324"><net_src comp="311" pin="2"/><net_sink comp="317" pin=2"/></net>

<net id="329"><net_src comp="317" pin="3"/><net_sink comp="325" pin=0"/></net>

<net id="343"><net_src comp="336" pin="1"/><net_sink comp="339" pin=0"/></net>

<net id="344"><net_src comp="70" pin="0"/><net_sink comp="339" pin=1"/></net>

<net id="350"><net_src comp="54" pin="0"/><net_sink comp="345" pin=1"/></net>

<net id="351"><net_src comp="333" pin="1"/><net_sink comp="345" pin=2"/></net>

<net id="357"><net_src comp="339" pin="2"/><net_sink comp="352" pin=1"/></net>

<net id="358"><net_src comp="336" pin="1"/><net_sink comp="352" pin=2"/></net>

<net id="362"><net_src comp="352" pin="3"/><net_sink comp="359" pin=0"/></net>

<net id="369"><net_src comp="80" pin="0"/><net_sink comp="363" pin=0"/></net>

<net id="370"><net_src comp="352" pin="3"/><net_sink comp="363" pin=1"/></net>

<net id="371"><net_src comp="82" pin="0"/><net_sink comp="363" pin=2"/></net>

<net id="372"><net_src comp="84" pin="0"/><net_sink comp="363" pin=3"/></net>

<net id="378"><net_src comp="86" pin="0"/><net_sink comp="373" pin=0"/></net>

<net id="379"><net_src comp="363" pin="4"/><net_sink comp="373" pin=1"/></net>

<net id="380"><net_src comp="363" pin="4"/><net_sink comp="373" pin=2"/></net>

<net id="384"><net_src comp="373" pin="3"/><net_sink comp="381" pin=0"/></net>

<net id="389"><net_src comp="88" pin="0"/><net_sink comp="385" pin=1"/></net>

<net id="394"><net_src comp="330" pin="1"/><net_sink comp="390" pin=0"/></net>

<net id="395"><net_src comp="90" pin="0"/><net_sink comp="390" pin=1"/></net>

<net id="400"><net_src comp="390" pin="2"/><net_sink comp="396" pin=0"/></net>

<net id="401"><net_src comp="385" pin="2"/><net_sink comp="396" pin=1"/></net>

<net id="406"><net_src comp="345" pin="3"/><net_sink comp="402" pin=0"/></net>

<net id="407"><net_src comp="92" pin="0"/><net_sink comp="402" pin=1"/></net>

<net id="412"><net_src comp="396" pin="2"/><net_sink comp="408" pin=0"/></net>

<net id="418"><net_src comp="408" pin="2"/><net_sink comp="413" pin=0"/></net>

<net id="419"><net_src comp="54" pin="0"/><net_sink comp="413" pin=1"/></net>

<net id="420"><net_src comp="330" pin="1"/><net_sink comp="413" pin=2"/></net>

<net id="426"><net_src comp="396" pin="2"/><net_sink comp="421" pin=0"/></net>

<net id="427"><net_src comp="402" pin="2"/><net_sink comp="421" pin=1"/></net>

<net id="428"><net_src comp="345" pin="3"/><net_sink comp="421" pin=2"/></net>

<net id="432"><net_src comp="421" pin="3"/><net_sink comp="429" pin=0"/></net>

<net id="437"><net_src comp="381" pin="1"/><net_sink comp="433" pin=0"/></net>

<net id="438"><net_src comp="429" pin="1"/><net_sink comp="433" pin=1"/></net>

<net id="442"><net_src comp="433" pin="2"/><net_sink comp="439" pin=0"/></net>

<net id="448"><net_src comp="96" pin="0"/><net_sink comp="443" pin=0"/></net>

<net id="449"><net_src comp="433" pin="2"/><net_sink comp="443" pin=1"/></net>

<net id="450"><net_src comp="98" pin="0"/><net_sink comp="443" pin=2"/></net>

<net id="455"><net_src comp="443" pin="3"/><net_sink comp="451" pin=0"/></net>

<net id="456"><net_src comp="439" pin="1"/><net_sink comp="451" pin=1"/></net>

<net id="460"><net_src comp="413" pin="3"/><net_sink comp="457" pin=0"/></net>

<net id="465"><net_src comp="451" pin="2"/><net_sink comp="461" pin=0"/></net>

<net id="466"><net_src comp="457" pin="1"/><net_sink comp="461" pin=1"/></net>

<net id="470"><net_src comp="461" pin="2"/><net_sink comp="467" pin=0"/></net>

<net id="471"><net_src comp="467" pin="1"/><net_sink comp="143" pin=2"/></net>

<net id="472"><net_src comp="467" pin="1"/><net_sink comp="150" pin=2"/></net>

<net id="473"><net_src comp="467" pin="1"/><net_sink comp="157" pin=2"/></net>

<net id="474"><net_src comp="467" pin="1"/><net_sink comp="164" pin=2"/></net>

<net id="475"><net_src comp="467" pin="1"/><net_sink comp="171" pin=2"/></net>

<net id="476"><net_src comp="467" pin="1"/><net_sink comp="178" pin=2"/></net>

<net id="477"><net_src comp="467" pin="1"/><net_sink comp="185" pin=2"/></net>

<net id="478"><net_src comp="467" pin="1"/><net_sink comp="192" pin=2"/></net>

<net id="482"><net_src comp="479" pin="1"/><net_sink comp="199" pin=1"/></net>

<net id="483"><net_src comp="479" pin="1"/><net_sink comp="205" pin=1"/></net>

<net id="484"><net_src comp="479" pin="1"/><net_sink comp="211" pin=1"/></net>

<net id="485"><net_src comp="479" pin="1"/><net_sink comp="217" pin=1"/></net>

<net id="486"><net_src comp="479" pin="1"/><net_sink comp="223" pin=1"/></net>

<net id="487"><net_src comp="479" pin="1"/><net_sink comp="229" pin=1"/></net>

<net id="488"><net_src comp="479" pin="1"/><net_sink comp="235" pin=1"/></net>

<net id="489"><net_src comp="479" pin="1"/><net_sink comp="241" pin=1"/></net>

<net id="494"><net_src comp="413" pin="3"/><net_sink comp="490" pin=0"/></net>

<net id="495"><net_src comp="92" pin="0"/><net_sink comp="490" pin=1"/></net>

<net id="500"><net_src comp="352" pin="3"/><net_sink comp="496" pin=0"/></net>

<net id="505"><net_src comp="421" pin="3"/><net_sink comp="501" pin=0"/></net>

<net id="510"><net_src comp="490" pin="2"/><net_sink comp="506" pin=0"/></net>

<net id="514"><net_src comp="112" pin="1"/><net_sink comp="511" pin=0"/></net>

<net id="515"><net_src comp="511" pin="1"/><net_sink comp="271" pin=1"/></net>

<net id="516"><net_src comp="511" pin="1"/><net_sink comp="330" pin=0"/></net>

<net id="517"><net_src comp="511" pin="1"/><net_sink comp="506" pin=1"/></net>

<net id="521"><net_src comp="116" pin="1"/><net_sink comp="518" pin=0"/></net>

<net id="522"><net_src comp="518" pin="1"/><net_sink comp="266" pin=1"/></net>

<net id="523"><net_src comp="518" pin="1"/><net_sink comp="333" pin=0"/></net>

<net id="524"><net_src comp="518" pin="1"/><net_sink comp="501" pin=1"/></net>

<net id="528"><net_src comp="120" pin="1"/><net_sink comp="525" pin=0"/></net>

<net id="529"><net_src comp="525" pin="1"/><net_sink comp="261" pin=1"/></net>

<net id="530"><net_src comp="525" pin="1"/><net_sink comp="296" pin=0"/></net>

<net id="531"><net_src comp="525" pin="1"/><net_sink comp="325" pin=1"/></net>

<net id="535"><net_src comp="124" pin="1"/><net_sink comp="532" pin=0"/></net>

<net id="536"><net_src comp="532" pin="1"/><net_sink comp="256" pin=1"/></net>

<net id="537"><net_src comp="532" pin="1"/><net_sink comp="336" pin=0"/></net>

<net id="538"><net_src comp="532" pin="1"/><net_sink comp="496" pin=1"/></net>

<net id="542"><net_src comp="128" pin="1"/><net_sink comp="539" pin=0"/></net>

<net id="543"><net_src comp="539" pin="1"/><net_sink comp="251" pin=1"/></net>

<net id="544"><net_src comp="539" pin="1"/><net_sink comp="276" pin=0"/></net>

<net id="545"><net_src comp="539" pin="1"/><net_sink comp="291" pin=1"/></net>

<net id="549"><net_src comp="247" pin="1"/><net_sink comp="546" pin=0"/></net>

<net id="550"><net_src comp="546" pin="1"/><net_sink comp="299" pin=1"/></net>

<net id="554"><net_src comp="279" pin="2"/><net_sink comp="551" pin=0"/></net>

<net id="558"><net_src comp="305" pin="2"/><net_sink comp="555" pin=0"/></net>

<net id="559"><net_src comp="555" pin="1"/><net_sink comp="345" pin=0"/></net>

<net id="560"><net_src comp="555" pin="1"/><net_sink comp="352" pin=0"/></net>

<net id="561"><net_src comp="555" pin="1"/><net_sink comp="385" pin=0"/></net>

<net id="562"><net_src comp="555" pin="1"/><net_sink comp="408" pin=1"/></net>

<net id="566"><net_src comp="138" pin="2"/><net_sink comp="563" pin=0"/></net>

<net id="567"><net_src comp="563" pin="1"/><net_sink comp="479" pin=0"/></net>

</net_list>

</model> 
---------------- Datapath Model END ------------------

* FSMD analyzer results:
  - Output states:
	Port: srcnn_float_255_255_float_1_9_9_float_float_64_1_1_f_7 | {3 }
	Port: srcnn_float_255_255_float_1_9_9_float_float_64_1_1_f_1 | {3 }
	Port: srcnn_float_255_255_float_1_9_9_float_float_64_1_1_f | {3 }
	Port: srcnn_float_255_255_float_1_9_9_float_float_64_1_1_f_6 | {3 }
	Port: srcnn_float_255_255_float_1_9_9_float_float_64_1_1_f_5 | {3 }
	Port: srcnn_float_255_255_float_1_9_9_float_float_64_1_1_f_4 | {3 }
	Port: srcnn_float_255_255_float_1_9_9_float_float_64_1_1_f_3 | {3 }
	Port: srcnn_float_255_255_float_1_9_9_float_float_64_1_1_f_2 | {3 }
 - Input state : 
	Port: srcnn_Pipeline_CopyW3_inft_CopyW3_ky_CopyW3_kx : gmem_w3 | {2 }
	Port: srcnn_Pipeline_CopyW3_inft_CopyW3_ky_CopyW3_kx : sext_ln399 | {1 }
  - Chain level:
	State 1
		store_ln0 : 1
		store_ln0 : 1
		store_ln0 : 1
		store_ln0 : 1
		store_ln0 : 1
		indvar_flatten19_load : 1
		icmp_ln399 : 2
		add_ln399_1 : 2
		br_ln399 : 3
		store_ln405 : 3
	State 2
		icmp_ln402 : 1
		gmem_w3_addr_read : 1
		add_ln402_1 : 1
		select_ln402_2 : 2
		store_ln405 : 3
	State 3
		add_ln399 : 1
		select_ln399 : 1
		select_ln399_1 : 2
		trunc_ln399 : 3
		zext_ln399_mid2_v : 3
		or_ln : 4
		zext_ln402 : 5
		icmp_ln405 : 1
		and_ln399 : 2
		add_ln402 : 2
		or_ln402 : 2
		select_ln402 : 2
		select_ln402_1 : 3
		zext_ln407 : 4
		add_ln407 : 6
		zext_ln407_1 : 7
		p_shl : 7
		add_ln407_1 : 8
		zext_ln407_2 : 3
		add_ln407_2 : 9
		zext_ln407_3 : 10
		srcnn_float_255_255_float_1_9_9_float_float_64_1_1_f_37 : 11
		srcnn_float_255_255_float_1_9_9_float_float_64_1_1_f_38 : 11
		srcnn_float_255_255_float_1_9_9_float_float_64_1_1_f_39 : 11
		srcnn_float_255_255_float_1_9_9_float_float_64_1_1_f_40 : 11
		srcnn_float_255_255_float_1_9_9_float_float_64_1_1_f_41 : 11
		srcnn_float_255_255_float_1_9_9_float_float_64_1_1_f_42 : 11
		srcnn_float_255_255_float_1_9_9_float_float_64_1_1_f_43 : 11
		srcnn_float_255_255_float_1_9_9_float_float_64_1_1_f_44 : 11
		switch_ln407 : 4
		store_ln407 : 12
		store_ln407 : 12
		store_ln407 : 12
		store_ln407 : 12
		store_ln407 : 12
		store_ln407 : 12
		store_ln407 : 12
		store_ln407 : 12
		add_ln405 : 3
		store_ln405 : 3
		store_ln405 : 4
		store_ln405 : 4


============================================================
+ Verbose Summary: Datapath Resource usage 
============================================================

* Functional unit list:
|----------|-------------------------------|---------|---------|
| Operation|        Functional Unit        |    FF   |   LUT   |
|----------|-------------------------------|---------|---------|
|          |       add_ln399_1_fu_285      |    0    |    17   |
|          |       add_ln402_1_fu_311      |    0    |    13   |
|          |        add_ln399_fu_339       |    0    |    13   |
|    add   |        add_ln402_fu_402       |    0    |    10   |
|          |        add_ln407_fu_433       |    0    |    12   |
|          |       add_ln407_1_fu_451      |    0    |    16   |
|          |       add_ln407_2_fu_461      |    0    |    16   |
|          |        add_ln405_fu_490       |    0    |    10   |
|----------|-------------------------------|---------|---------|
|          |       icmp_ln399_fu_279       |    0    |    17   |
|   icmp   |       icmp_ln402_fu_305       |    0    |    13   |
|          |       icmp_ln405_fu_390       |    0    |    10   |
|----------|-------------------------------|---------|---------|
|          |     select_ln402_2_fu_317     |    0    |    6    |
|          |      select_ln399_fu_345      |    0    |    3    |
|  select  |     select_ln399_1_fu_352     |    0    |    6    |
|          |      select_ln402_fu_413      |    0    |    3    |
|          |     select_ln402_1_fu_421     |    0    |    3    |
|----------|-------------------------------|---------|---------|
|    xor   |        xor_ln399_fu_385       |    0    |    2    |
|----------|-------------------------------|---------|---------|
|    and   |        and_ln399_fu_396       |    0    |    2    |
|----------|-------------------------------|---------|---------|
|    or    |        or_ln402_fu_408        |    0    |    2    |
|----------|-------------------------------|---------|---------|
|   read   |  sext_ln399_read_read_fu_132  |    0    |    0    |
|          | gmem_w3_addr_read_read_fu_138 |    0    |    0    |
|----------|-------------------------------|---------|---------|
|   sext   |     sext_ln399_cast_fu_247    |    0    |    0    |
|----------|-------------------------------|---------|---------|
|   trunc  |       trunc_ln399_fu_359      |    0    |    0    |
|----------|-------------------------------|---------|---------|
|partselect|    zext_ln399_mid2_v_fu_363   |    0    |    0    |
|----------|-------------------------------|---------|---------|
|bitconcatenate|          or_ln_fu_373         |    0    |    0    |
|          |          p_shl_fu_443         |    0    |    0    |
|----------|-------------------------------|---------|---------|
|          |       zext_ln402_fu_381       |    0    |    0    |
|          |       zext_ln407_fu_429       |    0    |    0    |
|   zext   |      zext_ln407_1_fu_439      |    0    |    0    |
|          |      zext_ln407_2_fu_457      |    0    |    0    |
|          |      zext_ln407_3_fu_467      |    0    |    0    |
|----------|-------------------------------|---------|---------|
|   Total  |                               |    0    |   174   |
|----------|-------------------------------|---------|---------|

Memories:
N/A

* Register list:
+-------------------------+--------+
|                         |   FF   |
+-------------------------+--------+
|gmem_w3_addr_read_reg_563|   32   |
|        i3_reg_532       |    6   |
|    icmp_ln399_reg_551   |    1   |
|    icmp_ln402_reg_555   |    1   |
| indvar_flatten19_reg_539|   10   |
| indvar_flatten6_reg_525 |    6   |
|        kx_reg_511       |    3   |
|        ky_reg_518       |    3   |
| sext_ln399_cast_reg_546 |   64   |
+-------------------------+--------+
|          Total          |   126  |
+-------------------------+--------+

* Multiplexer (MUX) list: 
|--------|------|------|------|--------|
|  Comp  |  Pin | Size |  BW  | S x BW |
|--------|------|------|------|--------|
|  Total |      |      |      |    0   |
|--------|------|------|------|--------|



* Summary:
+-----------+--------+--------+
|           |   FF   |   LUT  |
+-----------+--------+--------+
|  Function |    0   |   174  |
|   Memory  |    -   |    -   |
|Multiplexer|    -   |    -   |
|  Register |   126  |    -   |
+-----------+--------+--------+
|   Total   |   126  |   174  |
+-----------+--------+--------+
