

================================================================
== Vitis HLS Report for 'compute_tile_Pipeline_Conv1_ky'
================================================================
* Date:           Sun Oct 26 20:31:47 2025

* Version:        2023.1 (Build 3854077 on May  4 2023)
* Project:        srcnn_hls
* Solution:       solution1 (Vivado IP Flow Target)
* Product family: zynquplus
* Target device:  xck26-sfvc784-2LV-c


================================================================
== Performance Estimates
================================================================
+ Timing: 
    * Summary: 
    +--------+----------+----------+------------+
    |  Clock |  Target  | Estimated| Uncertainty|
    +--------+----------+----------+------------+
    |ap_clk  |  10.00 ns|  7.016 ns|     2.70 ns|
    +--------+----------+----------+------------+

+ Latency: 
    * Summary: 
    +---------+---------+----------+----------+-----+-----+---------+
    |  Latency (cycles) |  Latency (absolute) |  Interval | Pipeline|
    |   min   |   max   |    min   |    max   | min | max |   Type  |
    +---------+---------+----------+----------+-----+-----+---------+
    |       36|       36|  0.360 us|  0.360 us|   36|   36|       no|
    +---------+---------+----------+----------+-----+-----+---------+

    + Detail: 
        * Instance: 
        N/A

        * Loop: 
        +------------+---------+---------+----------+-----------+-----------+------+----------+
        |            |  Latency (cycles) | Iteration|  Initiation Interval  | Trip |          |
        |  Loop Name |   min   |   max   |  Latency |  achieved |   target  | Count| Pipelined|
        +------------+---------+---------+----------+-----------+-----------+------+----------+
        |- Conv1_ky  |       34|       34|        11|          3|          3|     9|       yes|
        +------------+---------+---------+----------+-----------+-----------+------+----------+



================================================================
== Utilization Estimates
================================================================
* Summary: 
+-----------------+---------+------+--------+--------+-----+
|       Name      | BRAM_18K|  DSP |   FF   |   LUT  | URAM|
+-----------------+---------+------+--------+--------+-----+
|DSP              |        -|     -|       -|       -|    -|
|Expression       |        -|     -|       0|     110|    -|
|FIFO             |        -|     -|       -|       -|    -|
|Instance         |        -|     -|       0|    1332|    -|
|Memory           |        -|     -|       -|       -|    -|
|Multiplexer      |        -|     -|       -|     554|    -|
|Register         |        -|     -|    1338|      32|    -|
+-----------------+---------+------+--------+--------+-----+
|Total            |        0|     0|    1338|    2028|    0|
+-----------------+---------+------+--------+--------+-----+
|Available        |      288|  1248|  234240|  117120|   64|
+-----------------+---------+------+--------+--------+-----+
|Utilization (%)  |        0|     0|      ~0|       1|    0|
+-----------------+---------+------+--------+--------+-----+

+ Detail: 
    * Instance: 
    +-----------------------+-----------------+---------+----+---+-----+-----+
    |        Instance       |      Module     | BRAM_18K| DSP| FF| LUT | URAM|
    +-----------------------+-----------------+---------+----+---+-----+-----+
    |mux_32_5_32_1_1_U1867  |mux_32_5_32_1_1  |        0|   0|  0|  148|    0|
    |mux_32_5_32_1_1_U1868  |mux_32_5_32_1_1  |        0|   0|  0|  148|    0|
    |mux_32_5_32_1_1_U1869  |mux_32_5_32_1_1  |        0|   0|  0|  148|    0|
    |mux_32_5_32_1_1_U1870  |mux_32_5_32_1_1  |        0|   0|  0|  148|    0|
    |mux_32_5_32_1_1_U1871  |mux_32_5_32_1_1  |        0|   0|  0|  148|    0|
    |mux_32_5_32_1_1_U1872  |mux_32_5_32_1_1  |        0|   0|  0|  148|    0|
    |mux_32_5_32_1_1_U1873  |mux_32_5_32_1_1  |        0|   0|  0|  148|    0|
    |mux_32_5_32_1_1_U1874  |mux_32_5_32_1_1  |        0|   0|  0|  148|    0|
    |mux_32_5_32_1_1_U1875  |mux_32_5_32_1_1  |        0|   0|  0|  148|    0|
    +-----------------------+-----------------+---------+----+---+-----+-----+
    |Total                  |                 |        0|   0|  0| 1332|    0|
    +-----------------------+-----------------+---------+----+---+-----+-----+

    * DSP: 
    N/A

    * Memory: 
    N/A

    * FIFO: 
    N/A

    * Expression: 
    +------------------------+----------+----+---+----+------------+------------+
    |      Variable Name     | Operation| DSP| FF| LUT| Bitwidth P0| Bitwidth P1|
    +------------------------+----------+----+---+----+------------+------------+
    |add_ln165_fu_2381_p2    |         +|   0|  0|  12|           4|           1|
    |add_ln172_1_fu_2391_p2  |         +|   0|  0|  18|          11|          11|
    |add_ln172_2_fu_3061_p2  |         +|   0|  0|  18|          11|           1|
    |add_ln172_3_fu_3073_p2  |         +|   0|  0|  18|          11|           2|
    |empty_fu_2420_p2        |         +|   0|  0|  12|           5|           5|
    |sub_ln172_fu_2403_p2    |         -|   0|  0|  18|          11|          11|
    |icmp_ln165_fu_2375_p2   |      icmp|   0|  0|  12|           4|           4|
    |ap_enable_pp0           |       xor|   0|  0|   2|           1|           2|
    +------------------------+----------+----+---+----+------------+------------+
    |Total                   |          |   0|  0| 110|          58|          37|
    +------------------------+----------+----+---+----+------------+------------+

    * Multiplexer: 
    +------------------------------------------------------------------+----+-----------+-----+-----------+
    |                               Name                               | LUT| Input Size| Bits| Total Bits|
    +------------------------------------------------------------------+----+-----------+-----+-----------+
    |add51242_i_i_fu_584                                               |   9|          2|   32|         64|
    |add51_1243_i_i_fu_588                                             |   9|          2|   32|         64|
    |add51_2244_i_i_fu_592                                             |   9|          2|   32|         64|
    |add51_3245_i_i_fu_596                                             |   9|          2|   32|         64|
    |add51_4246_i_i_fu_600                                             |   9|          2|   32|         64|
    |add51_5247_i_i_fu_604                                             |   9|          2|   32|         64|
    |add51_6248_i_i_fu_608                                             |   9|          2|   32|         64|
    |add51_7249_i_i_fu_612                                             |   9|          2|   32|         64|
    |add51_8250_i_i_fu_616                                             |   9|          2|   32|         64|
    |ap_NS_fsm                                                         |  20|          4|    1|          4|
    |ap_done_int                                                       |   9|          2|    1|          2|
    |ap_enable_reg_pp0_iter0                                           |   9|          2|    1|          2|
    |ap_enable_reg_pp0_iter1                                           |   9|          2|    1|          2|
    |ap_enable_reg_pp0_iter3                                           |   9|          2|    1|          2|
    |ap_loop_exit_ready_pp0_iter1_reg                                  |   9|          2|    1|          2|
    |ap_loop_exit_ready_pp0_iter2_reg                                  |   9|          2|    1|          2|
    |ap_sig_allocacmp_add51242_i_i_load                                |   9|          2|   32|         64|
    |ap_sig_allocacmp_add51_1243_i_i_load                              |   9|          2|   32|         64|
    |ap_sig_allocacmp_add51_2244_i_i_load                              |   9|          2|   32|         64|
    |ap_sig_allocacmp_add51_3245_i_i_load                              |   9|          2|   32|         64|
    |ap_sig_allocacmp_add51_4246_i_i_load                              |   9|          2|   32|         64|
    |ap_sig_allocacmp_add51_5247_i_i_load                              |   9|          2|   32|         64|
    |ap_sig_allocacmp_add51_6248_i_i_load                              |   9|          2|   32|         64|
    |ap_sig_allocacmp_add51_7249_i_i_load                              |   9|          2|   32|         64|
    |ap_sig_allocacmp_add51_8250_i_i_load                              |   9|          2|   32|         64|
    |ap_sig_allocacmp_ky_2                                             |   9|          2|    4|          8|
    |grp_fu_2298_p0                                                    |  20|          4|   32|        128|
    |grp_fu_2298_p1                                                    |  20|          4|   32|        128|
    |grp_fu_2302_p0                                                    |  20|          4|   32|        128|
    |grp_fu_2302_p1                                                    |  20|          4|   32|        128|
    |grp_fu_2306_p0                                                    |  20|          4|   32|        128|
    |grp_fu_2306_p1                                                    |  20|          4|   32|        128|
    |grp_fu_2310_p0                                                    |  20|          4|   32|        128|
    |grp_fu_2310_p1                                                    |  20|          4|   32|        128|
    |grp_fu_2314_p0                                                    |  20|          4|   32|        128|
    |grp_fu_2314_p1                                                    |  20|          4|   32|        128|
    |grp_fu_2318_p0                                                    |  20|          4|   32|        128|
    |grp_fu_2318_p1                                                    |  20|          4|   32|        128|
    |ky_fu_620                                                         |   9|          2|    4|          8|
    |srcnn_float_255_255_float_1_9_9_float_float_64_1_1_f_10_address0  |  20|          4|   11|         44|
    |srcnn_float_255_255_float_1_9_9_float_float_64_1_1_f_8_address0   |  20|          4|   11|         44|
    |srcnn_float_255_255_float_1_9_9_float_float_64_1_1_f_9_address0   |  20|          4|   11|         44|
    +------------------------------------------------------------------+----+-----------+-----+-----------+
    |Total                                                             | 554|        116| 1008|       2852|
    +------------------------------------------------------------------+----+-----------+-----+-----------+

    * Register: 
    +-------------------------------------------------------------------+----+----+-----+-----------+
    |                                Name                               | FF | LUT| Bits| Const Bits|
    +-------------------------------------------------------------------+----+----+-----+-----------+
    |add51242_i_i_fu_584                                                |  32|   0|   32|          0|
    |add51_1243_i_i_fu_588                                              |  32|   0|   32|          0|
    |add51_2244_i_i_fu_592                                              |  32|   0|   32|          0|
    |add51_3245_i_i_fu_596                                              |  32|   0|   32|          0|
    |add51_4246_i_i_fu_600                                              |  32|   0|   32|          0|
    |add51_5247_i_i_fu_604                                              |  32|   0|   32|          0|
    |add51_6248_i_i_fu_608                                              |  32|   0|   32|          0|
    |add51_7249_i_i_fu_612                                              |  32|   0|   32|          0|
    |add51_8250_i_i_fu_616                                              |  32|   0|   32|          0|
    |ap_CS_fsm                                                          |   3|   0|    3|          0|
    |ap_done_reg                                                        |   1|   0|    1|          0|
    |ap_enable_reg_pp0_iter0_reg                                        |   1|   0|    1|          0|
    |ap_enable_reg_pp0_iter1                                            |   1|   0|    1|          0|
    |ap_enable_reg_pp0_iter2                                            |   1|   0|    1|          0|
    |ap_enable_reg_pp0_iter3                                            |   1|   0|    1|          0|
    |ap_loop_exit_ready_pp0_iter1_reg                                   |   1|   0|    1|          0|
    |ap_loop_exit_ready_pp0_iter2_reg                                   |   1|   0|    1|          0|
    |icmp_ln165_reg_3281                                                |   1|   0|    1|          0|
    |ky_fu_620                                                          |   4|   0|    4|          0|
    |mul_1_i_i_reg_3431                                                 |  32|   0|   32|          0|
    |mul_2_i_i_reg_3436                                                 |  32|   0|   32|          0|
    |mul_3_i_i_reg_3456                                                 |  32|   0|   32|          0|
    |mul_4_i_i_reg_3461                                                 |  32|   0|   32|          0|
    |mul_5_i_i_reg_3466                                                 |  32|   0|   32|          0|
    |mul_6_i_i_reg_3486                                                 |  32|   0|   32|          0|
    |mul_7_i_i_reg_3491                                                 |  32|   0|   32|          0|
    |mul_8_i_i_reg_3496                                                 |  32|   0|   32|          0|
    |mul_i_i_reg_3426                                                   |  32|   0|   32|          0|
    |srcnn_float_255_255_float_1_9_9_float_float_64_1_1_f_271_reg_3366  |  32|   0|   32|          0|
    |srcnn_float_255_255_float_1_9_9_float_float_64_1_1_f_272_reg_3371  |  32|   0|   32|          0|
    |srcnn_float_255_255_float_1_9_9_float_float_64_1_1_f_273_reg_3376  |  32|   0|   32|          0|
    |srcnn_float_255_255_float_1_9_9_float_float_64_1_1_f_274_reg_3396  |  32|   0|   32|          0|
    |srcnn_float_255_255_float_1_9_9_float_float_64_1_1_f_275_reg_3401  |  32|   0|   32|          0|
    |srcnn_float_255_255_float_1_9_9_float_float_64_1_1_f_276_reg_3406  |  32|   0|   32|          0|
    |srcnn_float_255_255_float_1_9_9_float_float_64_1_1_f_277_reg_3411  |  32|   0|   32|          0|
    |srcnn_float_255_255_float_1_9_9_float_float_64_1_1_f_278_reg_3416  |  32|   0|   32|          0|
    |srcnn_float_255_255_float_1_9_9_float_float_64_1_1_f_279_reg_3421  |  32|   0|   32|          0|
    |sub_ln172_reg_3285                                                 |  11|   0|   11|          0|
    |tmp_274_i_i_reg_3306                                               |  32|   0|   32|          0|
    |tmp_275_i_i_reg_3311                                               |  32|   0|   32|          0|
    |tmp_276_i_i_reg_3316                                               |  32|   0|   32|          0|
    |tmp_277_i_i_reg_3321                                               |  32|   0|   32|          0|
    |tmp_278_i_i_reg_3326                                               |  32|   0|   32|          0|
    |tmp_279_i_i_reg_3331                                               |  32|   0|   32|          0|
    |tmp_280_i_i_reg_3336                                               |  32|   0|   32|          0|
    |tmp_280_i_i_reg_3336_pp0_iter1_reg                                 |  32|   0|   32|          0|
    |tmp_281_i_i_reg_3341                                               |  32|   0|   32|          0|
    |tmp_281_i_i_reg_3341_pp0_iter1_reg                                 |  32|   0|   32|          0|
    |tmp_282_i_i_reg_3346                                               |  32|   0|   32|          0|
    |tmp_282_i_i_reg_3346_pp0_iter1_reg                                 |  32|   0|   32|          0|
    |icmp_ln165_reg_3281                                                |  64|  32|    1|          0|
    +-------------------------------------------------------------------+----+----+-----+-----------+
    |Total                                                              |1338|  32| 1275|          0|
    +-------------------------------------------------------------------+----+----+-----+-----------+



================================================================
== Interface
================================================================
* Summary: 
+------------------------------------------------------------------+-----+-----+------------+---------------------------------------------------------+--------------+
|                             RTL Ports                            | Dir | Bits|  Protocol  |                      Source Object                      |    C Type    |
+------------------------------------------------------------------+-----+-----+------------+---------------------------------------------------------+--------------+
|ap_clk                                                            |   in|    1|  ap_ctrl_hs|                           compute_tile_Pipeline_Conv1_ky|  return value|
|ap_rst                                                            |   in|    1|  ap_ctrl_hs|                           compute_tile_Pipeline_Conv1_ky|  return value|
|ap_start                                                          |   in|    1|  ap_ctrl_hs|                           compute_tile_Pipeline_Conv1_ky|  return value|
|ap_done                                                           |  out|    1|  ap_ctrl_hs|                           compute_tile_Pipeline_Conv1_ky|  return value|
|ap_idle                                                           |  out|    1|  ap_ctrl_hs|                           compute_tile_Pipeline_Conv1_ky|  return value|
|ap_ready                                                          |  out|    1|  ap_ctrl_hs|                           compute_tile_Pipeline_Conv1_ky|  return value|
|grp_fu_21203_p_din0                                               |  out|   32|  ap_ctrl_hs|                           compute_tile_Pipeline_Conv1_ky|  return value|
|grp_fu_21203_p_din1                                               |  out|   32|  ap_ctrl_hs|                           compute_tile_Pipeline_Conv1_ky|  return value|
|grp_fu_21203_p_opcode                                             |  out|    2|  ap_ctrl_hs|                           compute_tile_Pipeline_Conv1_ky|  return value|
|grp_fu_21203_p_dout0                                              |   in|   32|  ap_ctrl_hs|                           compute_tile_Pipeline_Conv1_ky|  return value|
|grp_fu_21203_p_ce                                                 |  out|    1|  ap_ctrl_hs|                           compute_tile_Pipeline_Conv1_ky|  return value|
|grp_fu_21207_p_din0                                               |  out|   32|  ap_ctrl_hs|                           compute_tile_Pipeline_Conv1_ky|  return value|
|grp_fu_21207_p_din1                                               |  out|   32|  ap_ctrl_hs|                           compute_tile_Pipeline_Conv1_ky|  return value|
|grp_fu_21207_p_opcode                                             |  out|    2|  ap_ctrl_hs|                           compute_tile_Pipeline_Conv1_ky|  return value|
|grp_fu_21207_p_dout0                                              |   in|   32|  ap_ctrl_hs|                           compute_tile_Pipeline_Conv1_ky|  return value|
|grp_fu_21207_p_ce                                                 |  out|    1|  ap_ctrl_hs|                           compute_tile_Pipeline_Conv1_ky|  return value|
|grp_fu_21211_p_din0                                               |  out|   32|  ap_ctrl_hs|                           compute_tile_Pipeline_Conv1_ky|  return value|
|grp_fu_21211_p_din1                                               |  out|   32|  ap_ctrl_hs|                           compute_tile_Pipeline_Conv1_ky|  return value|
|grp_fu_21211_p_opcode                                             |  out|    2|  ap_ctrl_hs|                           compute_tile_Pipeline_Conv1_ky|  return value|
|grp_fu_21211_p_dout0                                              |   in|   32|  ap_ctrl_hs|                           compute_tile_Pipeline_Conv1_ky|  return value|
|grp_fu_21211_p_ce                                                 |  out|    1|  ap_ctrl_hs|                           compute_tile_Pipeline_Conv1_ky|  return value|
|grp_fu_51944_p_din0                                               |  out|   32|  ap_ctrl_hs|                           compute_tile_Pipeline_Conv1_ky|  return value|
|grp_fu_51944_p_din1                                               |  out|   32|  ap_ctrl_hs|                           compute_tile_Pipeline_Conv1_ky|  return value|
|grp_fu_51944_p_dout0                                              |   in|   32|  ap_ctrl_hs|                           compute_tile_Pipeline_Conv1_ky|  return value|
|grp_fu_51944_p_ce                                                 |  out|    1|  ap_ctrl_hs|                           compute_tile_Pipeline_Conv1_ky|  return value|
|grp_fu_51948_p_din0                                               |  out|   32|  ap_ctrl_hs|                           compute_tile_Pipeline_Conv1_ky|  return value|
|grp_fu_51948_p_din1                                               |  out|   32|  ap_ctrl_hs|                           compute_tile_Pipeline_Conv1_ky|  return value|
|grp_fu_51948_p_dout0                                              |   in|   32|  ap_ctrl_hs|                           compute_tile_Pipeline_Conv1_ky|  return value|
|grp_fu_51948_p_ce                                                 |  out|    1|  ap_ctrl_hs|                           compute_tile_Pipeline_Conv1_ky|  return value|
|grp_fu_51952_p_din0                                               |  out|   32|  ap_ctrl_hs|                           compute_tile_Pipeline_Conv1_ky|  return value|
|grp_fu_51952_p_din1                                               |  out|   32|  ap_ctrl_hs|                           compute_tile_Pipeline_Conv1_ky|  return value|
|grp_fu_51952_p_dout0                                              |   in|   32|  ap_ctrl_hs|                           compute_tile_Pipeline_Conv1_ky|  return value|
|grp_fu_51952_p_ce                                                 |  out|    1|  ap_ctrl_hs|                           compute_tile_Pipeline_Conv1_ky|  return value|
|add_ln172                                                         |   in|   11|     ap_none|                                                add_ln172|        scalar|
|y0_cast_i_i                                                       |   in|    5|     ap_none|                                              y0_cast_i_i|        scalar|
|tmp_24_i_i                                                        |   in|   32|     ap_none|                                               tmp_24_i_i|        scalar|
|tmp_25_i_i                                                        |   in|   32|     ap_none|                                               tmp_25_i_i|        scalar|
|tmp_26_i_i                                                        |   in|   32|     ap_none|                                               tmp_26_i_i|        scalar|
|tmp_27_i_i                                                        |   in|   32|     ap_none|                                               tmp_27_i_i|        scalar|
|tmp_28_i_i                                                        |   in|   32|     ap_none|                                               tmp_28_i_i|        scalar|
|tmp_29_i_i                                                        |   in|   32|     ap_none|                                               tmp_29_i_i|        scalar|
|tmp_30_i_i                                                        |   in|   32|     ap_none|                                               tmp_30_i_i|        scalar|
|tmp_31_i_i                                                        |   in|   32|     ap_none|                                               tmp_31_i_i|        scalar|
|tmp_32_i_i                                                        |   in|   32|     ap_none|                                               tmp_32_i_i|        scalar|
|tmp_33_i_i                                                        |   in|   32|     ap_none|                                               tmp_33_i_i|        scalar|
|tmp_34_i_i                                                        |   in|   32|     ap_none|                                               tmp_34_i_i|        scalar|
|tmp_35_i_i                                                        |   in|   32|     ap_none|                                               tmp_35_i_i|        scalar|
|tmp_36_i_i                                                        |   in|   32|     ap_none|                                               tmp_36_i_i|        scalar|
|tmp_37_i_i                                                        |   in|   32|     ap_none|                                               tmp_37_i_i|        scalar|
|tmp_38_i_i                                                        |   in|   32|     ap_none|                                               tmp_38_i_i|        scalar|
|tmp_39_i_i                                                        |   in|   32|     ap_none|                                               tmp_39_i_i|        scalar|
|tmp_40_i_i                                                        |   in|   32|     ap_none|                                               tmp_40_i_i|        scalar|
|tmp_41_i_i                                                        |   in|   32|     ap_none|                                               tmp_41_i_i|        scalar|
|tmp_42_i_i                                                        |   in|   32|     ap_none|                                               tmp_42_i_i|        scalar|
|tmp_43_i_i                                                        |   in|   32|     ap_none|                                               tmp_43_i_i|        scalar|
|tmp_44_i_i                                                        |   in|   32|     ap_none|                                               tmp_44_i_i|        scalar|
|tmp_45_i_i                                                        |   in|   32|     ap_none|                                               tmp_45_i_i|        scalar|
|tmp_46_i_i                                                        |   in|   32|     ap_none|                                               tmp_46_i_i|        scalar|
|tmp_47_i_i                                                        |   in|   32|     ap_none|                                               tmp_47_i_i|        scalar|
|tmp_48_i_i                                                        |   in|   32|     ap_none|                                               tmp_48_i_i|        scalar|
|tmp_49_i_i                                                        |   in|   32|     ap_none|                                               tmp_49_i_i|        scalar|
|tmp_22_i_i                                                        |   in|   32|     ap_none|                                               tmp_22_i_i|        scalar|
|tmp_23_i_i                                                        |   in|   32|     ap_none|                                               tmp_23_i_i|        scalar|
|tmp_52_i_i                                                        |   in|   32|     ap_none|                                               tmp_52_i_i|        scalar|
|tmp_53_i_i                                                        |   in|   32|     ap_none|                                               tmp_53_i_i|        scalar|
|tmp_54_i_i                                                        |   in|   32|     ap_none|                                               tmp_54_i_i|        scalar|
|tmp_55_i_i                                                        |   in|   32|     ap_none|                                               tmp_55_i_i|        scalar|
|tmp_56_i_i                                                        |   in|   32|     ap_none|                                               tmp_56_i_i|        scalar|
|tmp_57_i_i                                                        |   in|   32|     ap_none|                                               tmp_57_i_i|        scalar|
|tmp_58_i_i                                                        |   in|   32|     ap_none|                                               tmp_58_i_i|        scalar|
|tmp_59_i_i                                                        |   in|   32|     ap_none|                                               tmp_59_i_i|        scalar|
|tmp_60_i_i                                                        |   in|   32|     ap_none|                                               tmp_60_i_i|        scalar|
|tmp_61_i_i                                                        |   in|   32|     ap_none|                                               tmp_61_i_i|        scalar|
|tmp_62_i_i                                                        |   in|   32|     ap_none|                                               tmp_62_i_i|        scalar|
|tmp_63_i_i                                                        |   in|   32|     ap_none|                                               tmp_63_i_i|        scalar|
|tmp_64_i_i                                                        |   in|   32|     ap_none|                                               tmp_64_i_i|        scalar|
|tmp_65_i_i                                                        |   in|   32|     ap_none|                                               tmp_65_i_i|        scalar|
|tmp_66_i_i                                                        |   in|   32|     ap_none|                                               tmp_66_i_i|        scalar|
|tmp_67_i_i                                                        |   in|   32|     ap_none|                                               tmp_67_i_i|        scalar|
|tmp_68_i_i                                                        |   in|   32|     ap_none|                                               tmp_68_i_i|        scalar|
|tmp_69_i_i                                                        |   in|   32|     ap_none|                                               tmp_69_i_i|        scalar|
|tmp_70_i_i                                                        |   in|   32|     ap_none|                                               tmp_70_i_i|        scalar|
|tmp_71_i_i                                                        |   in|   32|     ap_none|                                               tmp_71_i_i|        scalar|
|tmp_72_i_i                                                        |   in|   32|     ap_none|                                               tmp_72_i_i|        scalar|
|tmp_73_i_i                                                        |   in|   32|     ap_none|                                               tmp_73_i_i|        scalar|
|tmp_74_i_i                                                        |   in|   32|     ap_none|                                               tmp_74_i_i|        scalar|
|tmp_75_i_i                                                        |   in|   32|     ap_none|                                               tmp_75_i_i|        scalar|
|tmp_76_i_i                                                        |   in|   32|     ap_none|                                               tmp_76_i_i|        scalar|
|tmp_77_i_i                                                        |   in|   32|     ap_none|                                               tmp_77_i_i|        scalar|
|tmp_50_i_i                                                        |   in|   32|     ap_none|                                               tmp_50_i_i|        scalar|
|tmp_51_i_i                                                        |   in|   32|     ap_none|                                               tmp_51_i_i|        scalar|
|tmp_80_i_i                                                        |   in|   32|     ap_none|                                               tmp_80_i_i|        scalar|
|tmp_81_i_i                                                        |   in|   32|     ap_none|                                               tmp_81_i_i|        scalar|
|tmp_82_i_i                                                        |   in|   32|     ap_none|                                               tmp_82_i_i|        scalar|
|tmp_83_i_i                                                        |   in|   32|     ap_none|                                               tmp_83_i_i|        scalar|
|tmp_84_i_i                                                        |   in|   32|     ap_none|                                               tmp_84_i_i|        scalar|
|tmp_85_i_i                                                        |   in|   32|     ap_none|                                               tmp_85_i_i|        scalar|
|tmp_86_i_i                                                        |   in|   32|     ap_none|                                               tmp_86_i_i|        scalar|
|tmp_87_i_i                                                        |   in|   32|     ap_none|                                               tmp_87_i_i|        scalar|
|tmp_88_i_i                                                        |   in|   32|     ap_none|                                               tmp_88_i_i|        scalar|
|tmp_89_i_i                                                        |   in|   32|     ap_none|                                               tmp_89_i_i|        scalar|
|tmp_90_i_i                                                        |   in|   32|     ap_none|                                               tmp_90_i_i|        scalar|
|tmp_91_i_i                                                        |   in|   32|     ap_none|                                               tmp_91_i_i|        scalar|
|tmp_92_i_i                                                        |   in|   32|     ap_none|                                               tmp_92_i_i|        scalar|
|tmp_93_i_i                                                        |   in|   32|     ap_none|                                               tmp_93_i_i|        scalar|
|tmp_94_i_i                                                        |   in|   32|     ap_none|                                               tmp_94_i_i|        scalar|
|tmp_95_i_i                                                        |   in|   32|     ap_none|                                               tmp_95_i_i|        scalar|
|tmp_96_i_i                                                        |   in|   32|     ap_none|                                               tmp_96_i_i|        scalar|
|tmp_97_i_i                                                        |   in|   32|     ap_none|                                               tmp_97_i_i|        scalar|
|tmp_98_i_i                                                        |   in|   32|     ap_none|                                               tmp_98_i_i|        scalar|
|tmp_99_i_i                                                        |   in|   32|     ap_none|                                               tmp_99_i_i|        scalar|
|tmp_100_i_i                                                       |   in|   32|     ap_none|                                              tmp_100_i_i|        scalar|
|tmp_101_i_i                                                       |   in|   32|     ap_none|                                              tmp_101_i_i|        scalar|
|tmp_102_i_i                                                       |   in|   32|     ap_none|                                              tmp_102_i_i|        scalar|
|tmp_103_i_i                                                       |   in|   32|     ap_none|                                              tmp_103_i_i|        scalar|
|tmp_104_i_i                                                       |   in|   32|     ap_none|                                              tmp_104_i_i|        scalar|
|tmp_105_i_i                                                       |   in|   32|     ap_none|                                              tmp_105_i_i|        scalar|
|tmp_78_i_i                                                        |   in|   32|     ap_none|                                               tmp_78_i_i|        scalar|
|tmp_79_i_i                                                        |   in|   32|     ap_none|                                               tmp_79_i_i|        scalar|
|tmp_108_i_i                                                       |   in|   32|     ap_none|                                              tmp_108_i_i|        scalar|
|tmp_109_i_i                                                       |   in|   32|     ap_none|                                              tmp_109_i_i|        scalar|
|tmp_110_i_i                                                       |   in|   32|     ap_none|                                              tmp_110_i_i|        scalar|
|tmp_111_i_i                                                       |   in|   32|     ap_none|                                              tmp_111_i_i|        scalar|
|tmp_112_i_i                                                       |   in|   32|     ap_none|                                              tmp_112_i_i|        scalar|
|tmp_113_i_i                                                       |   in|   32|     ap_none|                                              tmp_113_i_i|        scalar|
|tmp_114_i_i                                                       |   in|   32|     ap_none|                                              tmp_114_i_i|        scalar|
|tmp_115_i_i                                                       |   in|   32|     ap_none|                                              tmp_115_i_i|        scalar|
|tmp_116_i_i                                                       |   in|   32|     ap_none|                                              tmp_116_i_i|        scalar|
|tmp_117_i_i                                                       |   in|   32|     ap_none|                                              tmp_117_i_i|        scalar|
|tmp_118_i_i                                                       |   in|   32|     ap_none|                                              tmp_118_i_i|        scalar|
|tmp_119_i_i                                                       |   in|   32|     ap_none|                                              tmp_119_i_i|        scalar|
|tmp_120_i_i                                                       |   in|   32|     ap_none|                                              tmp_120_i_i|        scalar|
|tmp_121_i_i                                                       |   in|   32|     ap_none|                                              tmp_121_i_i|        scalar|
|tmp_122_i_i                                                       |   in|   32|     ap_none|                                              tmp_122_i_i|        scalar|
|tmp_123_i_i                                                       |   in|   32|     ap_none|                                              tmp_123_i_i|        scalar|
|tmp_124_i_i                                                       |   in|   32|     ap_none|                                              tmp_124_i_i|        scalar|
|tmp_125_i_i                                                       |   in|   32|     ap_none|                                              tmp_125_i_i|        scalar|
|tmp_126_i_i                                                       |   in|   32|     ap_none|                                              tmp_126_i_i|        scalar|
|tmp_127_i_i                                                       |   in|   32|     ap_none|                                              tmp_127_i_i|        scalar|
|tmp_128_i_i                                                       |   in|   32|     ap_none|                                              tmp_128_i_i|        scalar|
|tmp_129_i_i                                                       |   in|   32|     ap_none|                                              tmp_129_i_i|        scalar|
|tmp_130_i_i                                                       |   in|   32|     ap_none|                                              tmp_130_i_i|        scalar|
|tmp_131_i_i                                                       |   in|   32|     ap_none|                                              tmp_131_i_i|        scalar|
|tmp_132_i_i                                                       |   in|   32|     ap_none|                                              tmp_132_i_i|        scalar|
|tmp_133_i_i                                                       |   in|   32|     ap_none|                                              tmp_133_i_i|        scalar|
|tmp_106_i_i                                                       |   in|   32|     ap_none|                                              tmp_106_i_i|        scalar|
|tmp_107_i_i                                                       |   in|   32|     ap_none|                                              tmp_107_i_i|        scalar|
|tmp_136_i_i                                                       |   in|   32|     ap_none|                                              tmp_136_i_i|        scalar|
|tmp_137_i_i                                                       |   in|   32|     ap_none|                                              tmp_137_i_i|        scalar|
|tmp_138_i_i                                                       |   in|   32|     ap_none|                                              tmp_138_i_i|        scalar|
|tmp_139_i_i                                                       |   in|   32|     ap_none|                                              tmp_139_i_i|        scalar|
|tmp_140_i_i                                                       |   in|   32|     ap_none|                                              tmp_140_i_i|        scalar|
|tmp_141_i_i                                                       |   in|   32|     ap_none|                                              tmp_141_i_i|        scalar|
|tmp_142_i_i                                                       |   in|   32|     ap_none|                                              tmp_142_i_i|        scalar|
|tmp_143_i_i                                                       |   in|   32|     ap_none|                                              tmp_143_i_i|        scalar|
|tmp_144_i_i                                                       |   in|   32|     ap_none|                                              tmp_144_i_i|        scalar|
|tmp_145_i_i                                                       |   in|   32|     ap_none|                                              tmp_145_i_i|        scalar|
|tmp_146_i_i                                                       |   in|   32|     ap_none|                                              tmp_146_i_i|        scalar|
|tmp_147_i_i                                                       |   in|   32|     ap_none|                                              tmp_147_i_i|        scalar|
|tmp_148_i_i                                                       |   in|   32|     ap_none|                                              tmp_148_i_i|        scalar|
|tmp_149_i_i                                                       |   in|   32|     ap_none|                                              tmp_149_i_i|        scalar|
|tmp_150_i_i                                                       |   in|   32|     ap_none|                                              tmp_150_i_i|        scalar|
|tmp_151_i_i                                                       |   in|   32|     ap_none|                                              tmp_151_i_i|        scalar|
|tmp_152_i_i                                                       |   in|   32|     ap_none|                                              tmp_152_i_i|        scalar|
|tmp_153_i_i                                                       |   in|   32|     ap_none|                                              tmp_153_i_i|        scalar|
|tmp_154_i_i                                                       |   in|   32|     ap_none|                                              tmp_154_i_i|        scalar|
|tmp_155_i_i                                                       |   in|   32|     ap_none|                                              tmp_155_i_i|        scalar|
|tmp_156_i_i                                                       |   in|   32|     ap_none|                                              tmp_156_i_i|        scalar|
|tmp_157_i_i                                                       |   in|   32|     ap_none|                                              tmp_157_i_i|        scalar|
|tmp_158_i_i                                                       |   in|   32|     ap_none|                                              tmp_158_i_i|        scalar|
|tmp_159_i_i                                                       |   in|   32|     ap_none|                                              tmp_159_i_i|        scalar|
|tmp_160_i_i                                                       |   in|   32|     ap_none|                                              tmp_160_i_i|        scalar|
|tmp_161_i_i                                                       |   in|   32|     ap_none|                                              tmp_161_i_i|        scalar|
|tmp_134_i_i                                                       |   in|   32|     ap_none|                                              tmp_134_i_i|        scalar|
|tmp_135_i_i                                                       |   in|   32|     ap_none|                                              tmp_135_i_i|        scalar|
|tmp_164_i_i                                                       |   in|   32|     ap_none|                                              tmp_164_i_i|        scalar|
|tmp_165_i_i                                                       |   in|   32|     ap_none|                                              tmp_165_i_i|        scalar|
|tmp_166_i_i                                                       |   in|   32|     ap_none|                                              tmp_166_i_i|        scalar|
|tmp_167_i_i                                                       |   in|   32|     ap_none|                                              tmp_167_i_i|        scalar|
|tmp_168_i_i                                                       |   in|   32|     ap_none|                                              tmp_168_i_i|        scalar|
|tmp_169_i_i                                                       |   in|   32|     ap_none|                                              tmp_169_i_i|        scalar|
|tmp_170_i_i                                                       |   in|   32|     ap_none|                                              tmp_170_i_i|        scalar|
|tmp_171_i_i                                                       |   in|   32|     ap_none|                                              tmp_171_i_i|        scalar|
|tmp_172_i_i                                                       |   in|   32|     ap_none|                                              tmp_172_i_i|        scalar|
|tmp_173_i_i                                                       |   in|   32|     ap_none|                                              tmp_173_i_i|        scalar|
|tmp_174_i_i                                                       |   in|   32|     ap_none|                                              tmp_174_i_i|        scalar|
|tmp_175_i_i                                                       |   in|   32|     ap_none|                                              tmp_175_i_i|        scalar|
|tmp_176_i_i                                                       |   in|   32|     ap_none|                                              tmp_176_i_i|        scalar|
|tmp_177_i_i                                                       |   in|   32|     ap_none|                                              tmp_177_i_i|        scalar|
|tmp_178_i_i                                                       |   in|   32|     ap_none|                                              tmp_178_i_i|        scalar|
|tmp_179_i_i                                                       |   in|   32|     ap_none|                                              tmp_179_i_i|        scalar|
|tmp_180_i_i                                                       |   in|   32|     ap_none|                                              tmp_180_i_i|        scalar|
|tmp_181_i_i                                                       |   in|   32|     ap_none|                                              tmp_181_i_i|        scalar|
|tmp_182_i_i                                                       |   in|   32|     ap_none|                                              tmp_182_i_i|        scalar|
|tmp_183_i_i                                                       |   in|   32|     ap_none|                                              tmp_183_i_i|        scalar|
|tmp_184_i_i                                                       |   in|   32|     ap_none|                                              tmp_184_i_i|        scalar|
|tmp_185_i_i                                                       |   in|   32|     ap_none|                                              tmp_185_i_i|        scalar|
|tmp_186_i_i                                                       |   in|   32|     ap_none|                                              tmp_186_i_i|        scalar|
|tmp_187_i_i                                                       |   in|   32|     ap_none|                                              tmp_187_i_i|        scalar|
|tmp_188_i_i                                                       |   in|   32|     ap_none|                                              tmp_188_i_i|        scalar|
|tmp_189_i_i                                                       |   in|   32|     ap_none|                                              tmp_189_i_i|        scalar|
|tmp_162_i_i                                                       |   in|   32|     ap_none|                                              tmp_162_i_i|        scalar|
|tmp_163_i_i                                                       |   in|   32|     ap_none|                                              tmp_163_i_i|        scalar|
|tmp_192_i_i                                                       |   in|   32|     ap_none|                                              tmp_192_i_i|        scalar|
|tmp_193_i_i                                                       |   in|   32|     ap_none|                                              tmp_193_i_i|        scalar|
|tmp_194_i_i                                                       |   in|   32|     ap_none|                                              tmp_194_i_i|        scalar|
|tmp_195_i_i                                                       |   in|   32|     ap_none|                                              tmp_195_i_i|        scalar|
|tmp_196_i_i                                                       |   in|   32|     ap_none|                                              tmp_196_i_i|        scalar|
|tmp_197_i_i                                                       |   in|   32|     ap_none|                                              tmp_197_i_i|        scalar|
|tmp_198_i_i                                                       |   in|   32|     ap_none|                                              tmp_198_i_i|        scalar|
|tmp_199_i_i                                                       |   in|   32|     ap_none|                                              tmp_199_i_i|        scalar|
|tmp_200_i_i                                                       |   in|   32|     ap_none|                                              tmp_200_i_i|        scalar|
|tmp_201_i_i                                                       |   in|   32|     ap_none|                                              tmp_201_i_i|        scalar|
|tmp_202_i_i                                                       |   in|   32|     ap_none|                                              tmp_202_i_i|        scalar|
|tmp_203_i_i                                                       |   in|   32|     ap_none|                                              tmp_203_i_i|        scalar|
|tmp_204_i_i                                                       |   in|   32|     ap_none|                                              tmp_204_i_i|        scalar|
|tmp_205_i_i                                                       |   in|   32|     ap_none|                                              tmp_205_i_i|        scalar|
|tmp_206_i_i                                                       |   in|   32|     ap_none|                                              tmp_206_i_i|        scalar|
|tmp_207_i_i                                                       |   in|   32|     ap_none|                                              tmp_207_i_i|        scalar|
|tmp_208_i_i                                                       |   in|   32|     ap_none|                                              tmp_208_i_i|        scalar|
|tmp_209_i_i                                                       |   in|   32|     ap_none|                                              tmp_209_i_i|        scalar|
|tmp_210_i_i                                                       |   in|   32|     ap_none|                                              tmp_210_i_i|        scalar|
|tmp_211_i_i                                                       |   in|   32|     ap_none|                                              tmp_211_i_i|        scalar|
|tmp_212_i_i                                                       |   in|   32|     ap_none|                                              tmp_212_i_i|        scalar|
|tmp_213_i_i                                                       |   in|   32|     ap_none|                                              tmp_213_i_i|        scalar|
|tmp_214_i_i                                                       |   in|   32|     ap_none|                                              tmp_214_i_i|        scalar|
|tmp_215_i_i                                                       |   in|   32|     ap_none|                                              tmp_215_i_i|        scalar|
|tmp_216_i_i                                                       |   in|   32|     ap_none|                                              tmp_216_i_i|        scalar|
|tmp_217_i_i                                                       |   in|   32|     ap_none|                                              tmp_217_i_i|        scalar|
|tmp_190_i_i                                                       |   in|   32|     ap_none|                                              tmp_190_i_i|        scalar|
|tmp_191_i_i                                                       |   in|   32|     ap_none|                                              tmp_191_i_i|        scalar|
|tmp_220_i_i                                                       |   in|   32|     ap_none|                                              tmp_220_i_i|        scalar|
|tmp_221_i_i                                                       |   in|   32|     ap_none|                                              tmp_221_i_i|        scalar|
|tmp_222_i_i                                                       |   in|   32|     ap_none|                                              tmp_222_i_i|        scalar|
|tmp_223_i_i                                                       |   in|   32|     ap_none|                                              tmp_223_i_i|        scalar|
|tmp_224_i_i                                                       |   in|   32|     ap_none|                                              tmp_224_i_i|        scalar|
|tmp_225_i_i                                                       |   in|   32|     ap_none|                                              tmp_225_i_i|        scalar|
|tmp_226_i_i                                                       |   in|   32|     ap_none|                                              tmp_226_i_i|        scalar|
|tmp_227_i_i                                                       |   in|   32|     ap_none|                                              tmp_227_i_i|        scalar|
|tmp_228_i_i                                                       |   in|   32|     ap_none|                                              tmp_228_i_i|        scalar|
|tmp_229_i_i                                                       |   in|   32|     ap_none|                                              tmp_229_i_i|        scalar|
|tmp_230_i_i                                                       |   in|   32|     ap_none|                                              tmp_230_i_i|        scalar|
|tmp_231_i_i                                                       |   in|   32|     ap_none|                                              tmp_231_i_i|        scalar|
|tmp_232_i_i                                                       |   in|   32|     ap_none|                                              tmp_232_i_i|        scalar|
|tmp_233_i_i                                                       |   in|   32|     ap_none|                                              tmp_233_i_i|        scalar|
|tmp_234_i_i                                                       |   in|   32|     ap_none|                                              tmp_234_i_i|        scalar|
|tmp_235_i_i                                                       |   in|   32|     ap_none|                                              tmp_235_i_i|        scalar|
|tmp_236_i_i                                                       |   in|   32|     ap_none|                                              tmp_236_i_i|        scalar|
|tmp_237_i_i                                                       |   in|   32|     ap_none|                                              tmp_237_i_i|        scalar|
|tmp_238_i_i                                                       |   in|   32|     ap_none|                                              tmp_238_i_i|        scalar|
|tmp_239_i_i                                                       |   in|   32|     ap_none|                                              tmp_239_i_i|        scalar|
|tmp_240_i_i                                                       |   in|   32|     ap_none|                                              tmp_240_i_i|        scalar|
|tmp_241_i_i                                                       |   in|   32|     ap_none|                                              tmp_241_i_i|        scalar|
|tmp_242_i_i                                                       |   in|   32|     ap_none|                                              tmp_242_i_i|        scalar|
|tmp_243_i_i                                                       |   in|   32|     ap_none|                                              tmp_243_i_i|        scalar|
|tmp_244_i_i                                                       |   in|   32|     ap_none|                                              tmp_244_i_i|        scalar|
|tmp_245_i_i                                                       |   in|   32|     ap_none|                                              tmp_245_i_i|        scalar|
|tmp_218_i_i                                                       |   in|   32|     ap_none|                                              tmp_218_i_i|        scalar|
|tmp_219_i_i                                                       |   in|   32|     ap_none|                                              tmp_219_i_i|        scalar|
|tmp_248_i_i                                                       |   in|   32|     ap_none|                                              tmp_248_i_i|        scalar|
|tmp_249_i_i                                                       |   in|   32|     ap_none|                                              tmp_249_i_i|        scalar|
|tmp_250_i_i                                                       |   in|   32|     ap_none|                                              tmp_250_i_i|        scalar|
|tmp_251_i_i                                                       |   in|   32|     ap_none|                                              tmp_251_i_i|        scalar|
|tmp_252_i_i                                                       |   in|   32|     ap_none|                                              tmp_252_i_i|        scalar|
|tmp_253_i_i                                                       |   in|   32|     ap_none|                                              tmp_253_i_i|        scalar|
|tmp_254_i_i                                                       |   in|   32|     ap_none|                                              tmp_254_i_i|        scalar|
|tmp_255_i_i                                                       |   in|   32|     ap_none|                                              tmp_255_i_i|        scalar|
|tmp_256_i_i                                                       |   in|   32|     ap_none|                                              tmp_256_i_i|        scalar|
|tmp_257_i_i                                                       |   in|   32|     ap_none|                                              tmp_257_i_i|        scalar|
|tmp_258_i_i                                                       |   in|   32|     ap_none|                                              tmp_258_i_i|        scalar|
|tmp_259_i_i                                                       |   in|   32|     ap_none|                                              tmp_259_i_i|        scalar|
|tmp_260_i_i                                                       |   in|   32|     ap_none|                                              tmp_260_i_i|        scalar|
|tmp_261_i_i                                                       |   in|   32|     ap_none|                                              tmp_261_i_i|        scalar|
|tmp_262_i_i                                                       |   in|   32|     ap_none|                                              tmp_262_i_i|        scalar|
|tmp_263_i_i                                                       |   in|   32|     ap_none|                                              tmp_263_i_i|        scalar|
|tmp_264_i_i                                                       |   in|   32|     ap_none|                                              tmp_264_i_i|        scalar|
|tmp_265_i_i                                                       |   in|   32|     ap_none|                                              tmp_265_i_i|        scalar|
|tmp_266_i_i                                                       |   in|   32|     ap_none|                                              tmp_266_i_i|        scalar|
|tmp_267_i_i                                                       |   in|   32|     ap_none|                                              tmp_267_i_i|        scalar|
|tmp_268_i_i                                                       |   in|   32|     ap_none|                                              tmp_268_i_i|        scalar|
|tmp_269_i_i                                                       |   in|   32|     ap_none|                                              tmp_269_i_i|        scalar|
|tmp_270_i_i                                                       |   in|   32|     ap_none|                                              tmp_270_i_i|        scalar|
|tmp_271_i_i                                                       |   in|   32|     ap_none|                                              tmp_271_i_i|        scalar|
|tmp_272_i_i                                                       |   in|   32|     ap_none|                                              tmp_272_i_i|        scalar|
|tmp_273_i_i                                                       |   in|   32|     ap_none|                                              tmp_273_i_i|        scalar|
|tmp_246_i_i                                                       |   in|   32|     ap_none|                                              tmp_246_i_i|        scalar|
|tmp_247_i_i                                                       |   in|   32|     ap_none|                                              tmp_247_i_i|        scalar|
|add51_8250_i_i_out                                                |  out|   32|      ap_vld|                                       add51_8250_i_i_out|       pointer|
|add51_8250_i_i_out_ap_vld                                         |  out|    1|      ap_vld|                                       add51_8250_i_i_out|       pointer|
|add51_7249_i_i_out                                                |  out|   32|      ap_vld|                                       add51_7249_i_i_out|       pointer|
|add51_7249_i_i_out_ap_vld                                         |  out|    1|      ap_vld|                                       add51_7249_i_i_out|       pointer|
|add51_6248_i_i_out                                                |  out|   32|      ap_vld|                                       add51_6248_i_i_out|       pointer|
|add51_6248_i_i_out_ap_vld                                         |  out|    1|      ap_vld|                                       add51_6248_i_i_out|       pointer|
|add51_5247_i_i_out                                                |  out|   32|      ap_vld|                                       add51_5247_i_i_out|       pointer|
|add51_5247_i_i_out_ap_vld                                         |  out|    1|      ap_vld|                                       add51_5247_i_i_out|       pointer|
|add51_4246_i_i_out                                                |  out|   32|      ap_vld|                                       add51_4246_i_i_out|       pointer|
|add51_4246_i_i_out_ap_vld                                         |  out|    1|      ap_vld|                                       add51_4246_i_i_out|       pointer|
|add51_3245_i_i_out                                                |  out|   32|      ap_vld|                                       add51_3245_i_i_out|       pointer|
|add51_3245_i_i_out_ap_vld                                         |  out|    1|      ap_vld|                                       add51_3245_i_i_out|       pointer|
|add51_2244_i_i_out                                                |  out|   32|      ap_vld|                                       add51_2244_i_i_out|       pointer|
|add51_2244_i_i_out_ap_vld                                         |  out|    1|      ap_vld|                                       add51_2244_i_i_out|       pointer|
|add51_1243_i_i_out                                                |  out|   32|      ap_vld|                                       add51_1243_i_i_out|       pointer|
|add51_1243_i_i_out_ap_vld                                         |  out|    1|      ap_vld|                                       add51_1243_i_i_out|       pointer|
|add51242_i_i_out                                                  |  out|   32|      ap_vld|                                         add51242_i_i_out|       pointer|
|add51242_i_i_out_ap_vld                                           |  out|    1|      ap_vld|                                         add51242_i_i_out|       pointer|
|srcnn_float_255_255_float_1_9_9_float_float_64_1_1_f_10_address0  |  out|   11|   ap_stable|  srcnn_float_255_255_float_1_9_9_float_float_64_1_1_f_10|         array|
|srcnn_float_255_255_float_1_9_9_float_float_64_1_1_f_10_ce0       |  out|    1|   ap_stable|  srcnn_float_255_255_float_1_9_9_float_float_64_1_1_f_10|         array|
|srcnn_float_255_255_float_1_9_9_float_float_64_1_1_f_10_q0        |   in|   32|   ap_stable|  srcnn_float_255_255_float_1_9_9_float_float_64_1_1_f_10|         array|
|srcnn_float_255_255_float_1_9_9_float_float_64_1_1_f_9_address0   |  out|   11|   ap_stable|   srcnn_float_255_255_float_1_9_9_float_float_64_1_1_f_9|         array|
|srcnn_float_255_255_float_1_9_9_float_float_64_1_1_f_9_ce0        |  out|    1|   ap_stable|   srcnn_float_255_255_float_1_9_9_float_float_64_1_1_f_9|         array|
|srcnn_float_255_255_float_1_9_9_float_float_64_1_1_f_9_q0         |   in|   32|   ap_stable|   srcnn_float_255_255_float_1_9_9_float_float_64_1_1_f_9|         array|
|srcnn_float_255_255_float_1_9_9_float_float_64_1_1_f_8_address0   |  out|   11|   ap_stable|   srcnn_float_255_255_float_1_9_9_float_float_64_1_1_f_8|         array|
|srcnn_float_255_255_float_1_9_9_float_float_64_1_1_f_8_ce0        |  out|    1|   ap_stable|   srcnn_float_255_255_float_1_9_9_float_float_64_1_1_f_8|         array|
|srcnn_float_255_255_float_1_9_9_float_float_64_1_1_f_8_q0         |   in|   32|   ap_stable|   srcnn_float_255_255_float_1_9_9_float_float_64_1_1_f_8|         array|
+------------------------------------------------------------------+-----+-----+------------+---------------------------------------------------------+--------------+

