

================================================================
== Vitis HLS Report for 'fuse_9x9_1x1_Pipeline_Conv1_ky'
================================================================
* Date:           Tue Oct 21 14:52:40 2025

* Version:        2023.1 (Build 3854077 on May  4 2023)
* Project:        srcnn_hls
* Solution:       solution1 (Vivado IP Flow Target)
* Product family: zynquplus
* Target device:  xck26-sfvc784-2LV-c


================================================================
== Performance Estimates
================================================================
+ Timing: 
    * Summary: 
    +--------+----------+----------+------------+
    |  Clock |  Target  | Estimated| Uncertainty|
    +--------+----------+----------+------------+
    |ap_clk  |  10.00 ns|  7.016 ns|     2.70 ns|
    +--------+----------+----------+------------+

+ Latency: 
    * Summary: 
    +---------+---------+----------+----------+-----+-----+---------+
    |  Latency (cycles) |  Latency (absolute) |  Interval | Pipeline|
    |   min   |   max   |    min   |    max   | min | max |   Type  |
    +---------+---------+----------+----------+-----+-----+---------+
    |       37|       37|  0.370 us|  0.370 us|   37|   37|       no|
    +---------+---------+----------+----------+-----+-----+---------+

    + Detail: 
        * Instance: 
        N/A

        * Loop: 
        +------------+---------+---------+----------+-----------+-----------+------+----------+
        |            |  Latency (cycles) | Iteration|  Initiation Interval  | Trip |          |
        |  Loop Name |   min   |   max   |  Latency |  achieved |   target  | Count| Pipelined|
        +------------+---------+---------+----------+-----------+-----------+------+----------+
        |- Conv1_ky  |       35|       35|        12|          3|          3|     9|       yes|
        +------------+---------+---------+----------+-----------+-----------+------+----------+



================================================================
== Utilization Estimates
================================================================
* Summary: 
+-----------------+---------+------+--------+--------+-----+
|       Name      | BRAM_18K|  DSP |   FF   |   LUT  | URAM|
+-----------------+---------+------+--------+--------+-----+
|DSP              |        -|     -|       -|       -|    -|
|Expression       |        -|     -|       0|     307|    -|
|FIFO             |        -|     -|       -|       -|    -|
|Instance         |        -|     -|       0|      42|    -|
|Memory           |        -|     -|       -|       -|    -|
|Multiplexer      |        -|     -|       -|     689|    -|
|Register         |        -|     -|    1332|      32|    -|
+-----------------+---------+------+--------+--------+-----+
|Total            |        0|     0|    1332|    1070|    0|
+-----------------+---------+------+--------+--------+-----+
|Available        |      288|  1248|  234240|  117120|   64|
+-----------------+---------+------+--------+--------+-----+
|Utilization (%)  |        0|     0|      ~0|      ~0|    0|
+-----------------+---------+------+--------+--------+-----+

+ Detail: 
    * Instance: 
    +---------------------+----------------+---------+----+---+----+-----+
    |       Instance      |     Module     | BRAM_18K| DSP| FF| LUT| URAM|
    +---------------------+----------------+---------+----+---+----+-----+
    |mux_3_2_32_1_1_U316  |mux_3_2_32_1_1  |        0|   0|  0|  14|    0|
    |mux_3_2_32_1_1_U317  |mux_3_2_32_1_1  |        0|   0|  0|  14|    0|
    |mux_3_2_32_1_1_U318  |mux_3_2_32_1_1  |        0|   0|  0|  14|    0|
    +---------------------+----------------+---------+----+---+----+-----+
    |Total                |                |        0|   0|  0|  42|    0|
    +---------------------+----------------+---------+----+---+----+-----+

    * DSP: 
    N/A

    * Memory: 
    N/A

    * FIFO: 
    N/A

    * Expression: 
    +------------------------+----------+----+---+----+------------+------------+
    |      Variable Name     | Operation| DSP| FF| LUT| Bitwidth P0| Bitwidth P1|
    +------------------------+----------+----+---+----+------------+------------+
    |add_ln114_fu_781_p2     |         +|   0|  0|  12|           4|           1|
    |add_ln121_10_fu_941_p2  |         +|   0|  0|  17|          10|          10|
    |add_ln121_11_fu_952_p2  |         +|   0|  0|  17|          10|          10|
    |add_ln121_12_fu_963_p2  |         +|   0|  0|  17|          10|          10|
    |add_ln121_13_fu_974_p2  |         +|   0|  0|  17|          10|          10|
    |add_ln121_14_fu_985_p2  |         +|   0|  0|  17|          10|          10|
    |add_ln121_2_fu_821_p2   |         +|   0|  0|  18|          11|           1|
    |add_ln121_3_fu_918_p2   |         +|   0|  0|  18|          11|           2|
    |add_ln121_4_fu_851_p2   |         +|   0|  0|  14|           7|           7|
    |add_ln121_5_fu_876_p2   |         +|   0|  0|  17|          10|          10|
    |add_ln121_6_fu_882_p2   |         +|   0|  0|  17|          10|          10|
    |add_ln121_7_fu_894_p2   |         +|   0|  0|  17|          10|          10|
    |add_ln121_8_fu_906_p2   |         +|   0|  0|  17|          10|          10|
    |add_ln121_9_fu_930_p2   |         +|   0|  0|  17|          10|          10|
    |add_ln121_fu_791_p2     |         +|   0|  0|  18|          11|          11|
    |empty_fu_842_p2         |         +|   0|  0|  13|           6|           6|
    |tmp_fu_833_p2           |         +|   0|  0|  12|           4|           2|
    |sub_ln121_fu_803_p2     |         -|   0|  0|  18|          11|          11|
    |icmp_ln114_fu_775_p2    |      icmp|   0|  0|  12|           4|           4|
    |ap_enable_pp0           |       xor|   0|  0|   2|           1|           2|
    +------------------------+----------+----+---+----+------------+------------+
    |Total                   |          |   0|  0| 307|         170|         147|
    +------------------------+----------+----+---+----+------------+------------+

    * Multiplexer: 
    +----------------------------------------------------------------------------------------------------------------+----+-----------+-----+-----------+
    |                                                      Name                                                      | LUT| Input Size| Bits| Total Bits|
    +----------------------------------------------------------------------------------------------------------------+----+-----------+-----+-----------+
    |add5129_i_i_fu_122                                                                                              |   9|          2|   32|         64|
    |add51_130_i_i_fu_126                                                                                            |   9|          2|   32|         64|
    |add51_231_i_i_fu_130                                                                                            |   9|          2|   32|         64|
    |add51_332_i_i_fu_134                                                                                            |   9|          2|   32|         64|
    |add51_433_i_i_fu_138                                                                                            |   9|          2|   32|         64|
    |add51_534_i_i_fu_142                                                                                            |   9|          2|   32|         64|
    |add51_635_i_i_fu_146                                                                                            |   9|          2|   32|         64|
    |add51_736_i_i_fu_150                                                                                            |   9|          2|   32|         64|
    |add51_837_i_i_fu_154                                                                                            |   9|          2|   32|         64|
    |ap_NS_fsm                                                                                                       |  20|          4|    1|          4|
    |ap_done_int                                                                                                     |   9|          2|    1|          2|
    |ap_enable_reg_pp0_iter0                                                                                         |   9|          2|    1|          2|
    |ap_enable_reg_pp0_iter1                                                                                         |   9|          2|    1|          2|
    |ap_sig_allocacmp_add5129_i_i_load                                                                               |   9|          2|   32|         64|
    |ap_sig_allocacmp_add51_130_i_i_load                                                                             |   9|          2|   32|         64|
    |ap_sig_allocacmp_add51_231_i_i_load                                                                             |   9|          2|   32|         64|
    |ap_sig_allocacmp_add51_332_i_i_load                                                                             |   9|          2|   32|         64|
    |ap_sig_allocacmp_add51_433_i_i_load                                                                             |   9|          2|   32|         64|
    |ap_sig_allocacmp_add51_534_i_i_load                                                                             |   9|          2|   32|         64|
    |ap_sig_allocacmp_add51_635_i_i_load                                                                             |   9|          2|   32|         64|
    |ap_sig_allocacmp_add51_736_i_i_load                                                                             |   9|          2|   32|         64|
    |ap_sig_allocacmp_add51_837_i_i_load                                                                             |   9|          2|   32|         64|
    |ap_sig_allocacmp_ky_2                                                                                           |   9|          2|    4|          8|
    |grp_fu_621_p0                                                                                                   |  20|          4|   32|        128|
    |grp_fu_621_p1                                                                                                   |  20|          4|   32|        128|
    |grp_fu_625_p0                                                                                                   |  20|          4|   32|        128|
    |grp_fu_625_p1                                                                                                   |  20|          4|   32|        128|
    |grp_fu_629_p0                                                                                                   |  20|          4|   32|        128|
    |grp_fu_629_p1                                                                                                   |  20|          4|   32|        128|
    |grp_fu_633_p0                                                                                                   |  20|          4|   32|        128|
    |grp_fu_633_p1                                                                                                   |  20|          4|   32|        128|
    |grp_fu_637_p0                                                                                                   |  20|          4|   32|        128|
    |grp_fu_637_p1                                                                                                   |  20|          4|   32|        128|
    |grp_fu_641_p0                                                                                                   |  20|          4|   32|        128|
    |grp_fu_641_p1                                                                                                   |  20|          4|   32|        128|
    |ky_fu_158                                                                                                       |   9|          2|    4|          8|
    |srcnn_float_255_255_float_1_9_9_float_float_64_1_1_f_10_address0                                                |  20|          4|   11|         44|
    |srcnn_float_255_255_float_1_9_9_float_float_64_1_1_f_8_address0                                                 |  20|          4|   11|         44|
    |srcnn_float_255_255_float_1_9_9_float_float_64_1_1_f_9_address0                                                 |  20|          4|   11|         44|
    |srcnn_float_255_255_float_1_9_9_float_float_64_1_1_float_float_32_5_5_float_float_255_255_int_inbuf_1_address0  |  54|         10|   10|        100|
    |srcnn_float_255_255_float_1_9_9_float_float_64_1_1_float_float_32_5_5_float_float_255_255_int_inbuf_2_address0  |  54|         10|   10|        100|
    |srcnn_float_255_255_float_1_9_9_float_float_64_1_1_float_float_32_5_5_float_float_255_255_int_inbuf_address0    |  54|         10|   10|        100|
    +----------------------------------------------------------------------------------------------------------------+----+-----------+-----+-----------+
    |Total                                                                                                           | 689|        140| 1035|       3146|
    +----------------------------------------------------------------------------------------------------------------+----+-----------+-----+-----------+

    * Register: 
    +-------------------------------------------------------------------+----+----+-----+-----------+
    |                                Name                               | FF | LUT| Bits| Const Bits|
    +-------------------------------------------------------------------+----+----+-----+-----------+
    |add5129_i_i_fu_122                                                 |  32|   0|   32|          0|
    |add51_130_i_i_fu_126                                               |  32|   0|   32|          0|
    |add51_231_i_i_fu_130                                               |  32|   0|   32|          0|
    |add51_332_i_i_fu_134                                               |  32|   0|   32|          0|
    |add51_433_i_i_fu_138                                               |  32|   0|   32|          0|
    |add51_534_i_i_fu_142                                               |  32|   0|   32|          0|
    |add51_635_i_i_fu_146                                               |  32|   0|   32|          0|
    |add51_736_i_i_fu_150                                               |  32|   0|   32|          0|
    |add51_837_i_i_fu_154                                               |  32|   0|   32|          0|
    |add_ln121_5_reg_1299                                               |   9|   0|   10|          1|
    |ap_CS_fsm                                                          |   3|   0|    3|          0|
    |ap_done_reg                                                        |   1|   0|    1|          0|
    |ap_enable_reg_pp0_iter0_reg                                        |   1|   0|    1|          0|
    |ap_enable_reg_pp0_iter1                                            |   1|   0|    1|          0|
    |ap_enable_reg_pp0_iter2                                            |   1|   0|    1|          0|
    |ap_enable_reg_pp0_iter3                                            |   1|   0|    1|          0|
    |ap_loop_exit_ready_pp0_iter1_reg                                   |   1|   0|    1|          0|
    |ap_loop_exit_ready_pp0_iter2_reg                                   |   1|   0|    1|          0|
    |icmp_ln114_reg_1259                                                |   1|   0|    1|          0|
    |ky_2_reg_1254                                                      |   4|   0|    4|          0|
    |ky_fu_158                                                          |   4|   0|    4|          0|
    |mul_1_i_i_reg_1554                                                 |  32|   0|   32|          0|
    |mul_2_i_i_reg_1559                                                 |  32|   0|   32|          0|
    |mul_3_i_i_reg_1579                                                 |  32|   0|   32|          0|
    |mul_4_i_i_reg_1584                                                 |  32|   0|   32|          0|
    |mul_5_i_i_reg_1589                                                 |  32|   0|   32|          0|
    |mul_6_i_i_reg_1609                                                 |  32|   0|   32|          0|
    |mul_7_i_i_reg_1614                                                 |  32|   0|   32|          0|
    |mul_8_i_i_reg_1619                                                 |  32|   0|   32|          0|
    |mul_i_i_reg_1549                                                   |  32|   0|   32|          0|
    |p_cast10_i_i_cast_reg_1229                                         |   8|   0|   10|          2|
    |p_cast11_i_i_cast_reg_1224                                         |   8|   0|   10|          2|
    |p_cast12_i_i_cast_reg_1219                                         |   8|   0|   10|          2|
    |p_cast13_i_i_cast_reg_1214                                         |   8|   0|   10|          2|
    |p_cast14_i_i_cast_reg_1209                                         |   8|   0|   10|          2|
    |p_cast7_i_i_cast_reg_1244                                          |   8|   0|   10|          2|
    |p_cast8_i_i_cast_reg_1239                                          |   8|   0|   10|          2|
    |p_cast9_i_i_cast_reg_1234                                          |   8|   0|   10|          2|
    |select_ln121_cast_cast_reg_1249                                    |   5|   0|    7|          2|
    |srcnn_float_255_255_float_1_9_9_float_float_64_1_1_f_121_reg_1354  |  32|   0|   32|          0|
    |srcnn_float_255_255_float_1_9_9_float_float_64_1_1_f_125_reg_1359  |  32|   0|   32|          0|
    |srcnn_float_255_255_float_1_9_9_float_float_64_1_1_f_129_reg_1364  |  32|   0|   32|          0|
    |srcnn_float_255_255_float_1_9_9_float_float_64_1_1_f_133_reg_1444  |  32|   0|   32|          0|
    |srcnn_float_255_255_float_1_9_9_float_float_64_1_1_f_137_reg_1449  |  32|   0|   32|          0|
    |srcnn_float_255_255_float_1_9_9_float_float_64_1_1_f_141_reg_1454  |  32|   0|   32|          0|
    |srcnn_float_255_255_float_1_9_9_float_float_64_1_1_f_145_reg_1519  |  32|   0|   32|          0|
    |srcnn_float_255_255_float_1_9_9_float_float_64_1_1_f_149_reg_1524  |  32|   0|   32|          0|
    |srcnn_float_255_255_float_1_9_9_float_float_64_1_1_f_153_reg_1529  |  32|   0|   32|          0|
    |sub_ln121_reg_1263                                                 |  11|   0|   11|          0|
    |tmp_10_i_i_reg_1504                                                |  32|   0|   32|          0|
    |tmp_11_i_i_reg_1509                                                |  32|   0|   32|          0|
    |tmp_12_i_i_reg_1514                                                |  32|   0|   32|          0|
    |tmp_13_i_i_reg_1534                                                |  32|   0|   32|          0|
    |tmp_14_i_i_reg_1539                                                |  32|   0|   32|          0|
    |tmp_15_i_i_reg_1544                                                |  32|   0|   32|          0|
    |tmp_8_i_i_reg_1434                                                 |  32|   0|   32|          0|
    |tmp_9_i_i_reg_1439                                                 |  32|   0|   32|          0|
    |tmp_i_i_reg_1429                                                   |  32|   0|   32|          0|
    |zext_ln103_cast_reg_1204                                           |   8|   0|   10|          2|
    |icmp_ln114_reg_1259                                                |  64|  32|    1|          0|
    +-------------------------------------------------------------------+----+----+-----+-----------+
    |Total                                                              |1332|  32| 1290|         21|
    +-------------------------------------------------------------------+----+----+-----+-----------+



================================================================
== Interface
================================================================
* Summary: 
+----------------------------------------------------------------------------------------------------------------+-----+-----+------------+-------------------------------------------------------------------------------------------------------+--------------+
|                                                    RTL Ports                                                   | Dir | Bits|  Protocol  |                                             Source Object                                             |    C Type    |
+----------------------------------------------------------------------------------------------------------------+-----+-----+------------+-------------------------------------------------------------------------------------------------------+--------------+
|ap_clk                                                                                                          |   in|    1|  ap_ctrl_hs|                                                                         fuse_9x9_1x1_Pipeline_Conv1_ky|  return value|
|ap_rst                                                                                                          |   in|    1|  ap_ctrl_hs|                                                                         fuse_9x9_1x1_Pipeline_Conv1_ky|  return value|
|ap_start                                                                                                        |   in|    1|  ap_ctrl_hs|                                                                         fuse_9x9_1x1_Pipeline_Conv1_ky|  return value|
|ap_done                                                                                                         |  out|    1|  ap_ctrl_hs|                                                                         fuse_9x9_1x1_Pipeline_Conv1_ky|  return value|
|ap_idle                                                                                                         |  out|    1|  ap_ctrl_hs|                                                                         fuse_9x9_1x1_Pipeline_Conv1_ky|  return value|
|ap_ready                                                                                                        |  out|    1|  ap_ctrl_hs|                                                                         fuse_9x9_1x1_Pipeline_Conv1_ky|  return value|
|grp_fu_3060_p_din0                                                                                              |  out|   32|  ap_ctrl_hs|                                                                         fuse_9x9_1x1_Pipeline_Conv1_ky|  return value|
|grp_fu_3060_p_din1                                                                                              |  out|   32|  ap_ctrl_hs|                                                                         fuse_9x9_1x1_Pipeline_Conv1_ky|  return value|
|grp_fu_3060_p_opcode                                                                                            |  out|    2|  ap_ctrl_hs|                                                                         fuse_9x9_1x1_Pipeline_Conv1_ky|  return value|
|grp_fu_3060_p_dout0                                                                                             |   in|   32|  ap_ctrl_hs|                                                                         fuse_9x9_1x1_Pipeline_Conv1_ky|  return value|
|grp_fu_3060_p_ce                                                                                                |  out|    1|  ap_ctrl_hs|                                                                         fuse_9x9_1x1_Pipeline_Conv1_ky|  return value|
|grp_fu_3064_p_din0                                                                                              |  out|   32|  ap_ctrl_hs|                                                                         fuse_9x9_1x1_Pipeline_Conv1_ky|  return value|
|grp_fu_3064_p_din1                                                                                              |  out|   32|  ap_ctrl_hs|                                                                         fuse_9x9_1x1_Pipeline_Conv1_ky|  return value|
|grp_fu_3064_p_opcode                                                                                            |  out|    2|  ap_ctrl_hs|                                                                         fuse_9x9_1x1_Pipeline_Conv1_ky|  return value|
|grp_fu_3064_p_dout0                                                                                             |   in|   32|  ap_ctrl_hs|                                                                         fuse_9x9_1x1_Pipeline_Conv1_ky|  return value|
|grp_fu_3064_p_ce                                                                                                |  out|    1|  ap_ctrl_hs|                                                                         fuse_9x9_1x1_Pipeline_Conv1_ky|  return value|
|grp_fu_3068_p_din0                                                                                              |  out|   32|  ap_ctrl_hs|                                                                         fuse_9x9_1x1_Pipeline_Conv1_ky|  return value|
|grp_fu_3068_p_din1                                                                                              |  out|   32|  ap_ctrl_hs|                                                                         fuse_9x9_1x1_Pipeline_Conv1_ky|  return value|
|grp_fu_3068_p_opcode                                                                                            |  out|    2|  ap_ctrl_hs|                                                                         fuse_9x9_1x1_Pipeline_Conv1_ky|  return value|
|grp_fu_3068_p_dout0                                                                                             |   in|   32|  ap_ctrl_hs|                                                                         fuse_9x9_1x1_Pipeline_Conv1_ky|  return value|
|grp_fu_3068_p_ce                                                                                                |  out|    1|  ap_ctrl_hs|                                                                         fuse_9x9_1x1_Pipeline_Conv1_ky|  return value|
|grp_fu_3072_p_din0                                                                                              |  out|   32|  ap_ctrl_hs|                                                                         fuse_9x9_1x1_Pipeline_Conv1_ky|  return value|
|grp_fu_3072_p_din1                                                                                              |  out|   32|  ap_ctrl_hs|                                                                         fuse_9x9_1x1_Pipeline_Conv1_ky|  return value|
|grp_fu_3072_p_dout0                                                                                             |   in|   32|  ap_ctrl_hs|                                                                         fuse_9x9_1x1_Pipeline_Conv1_ky|  return value|
|grp_fu_3072_p_ce                                                                                                |  out|    1|  ap_ctrl_hs|                                                                         fuse_9x9_1x1_Pipeline_Conv1_ky|  return value|
|grp_fu_3076_p_din0                                                                                              |  out|   32|  ap_ctrl_hs|                                                                         fuse_9x9_1x1_Pipeline_Conv1_ky|  return value|
|grp_fu_3076_p_din1                                                                                              |  out|   32|  ap_ctrl_hs|                                                                         fuse_9x9_1x1_Pipeline_Conv1_ky|  return value|
|grp_fu_3076_p_dout0                                                                                             |   in|   32|  ap_ctrl_hs|                                                                         fuse_9x9_1x1_Pipeline_Conv1_ky|  return value|
|grp_fu_3076_p_ce                                                                                                |  out|    1|  ap_ctrl_hs|                                                                         fuse_9x9_1x1_Pipeline_Conv1_ky|  return value|
|grp_fu_3080_p_din0                                                                                              |  out|   32|  ap_ctrl_hs|                                                                         fuse_9x9_1x1_Pipeline_Conv1_ky|  return value|
|grp_fu_3080_p_din1                                                                                              |  out|   32|  ap_ctrl_hs|                                                                         fuse_9x9_1x1_Pipeline_Conv1_ky|  return value|
|grp_fu_3080_p_dout0                                                                                             |   in|   32|  ap_ctrl_hs|                                                                         fuse_9x9_1x1_Pipeline_Conv1_ky|  return value|
|grp_fu_3080_p_ce                                                                                                |  out|    1|  ap_ctrl_hs|                                                                         fuse_9x9_1x1_Pipeline_Conv1_ky|  return value|
|add_ln121_1                                                                                                     |   in|   11|     ap_none|                                                                                            add_ln121_1|        scalar|
|trunc_ln86_mid2                                                                                                 |   in|    6|     ap_none|                                                                                        trunc_ln86_mid2|        scalar|
|select_ln121                                                                                                    |   in|    3|     ap_none|                                                                                           select_ln121|        scalar|
|p_cast7_i_i                                                                                                     |   in|    8|     ap_none|                                                                                            p_cast7_i_i|        scalar|
|srcnn_float_255_255_float_1_9_9_float_float_64_1_1_float_float_32_5_5_float_float_255_255_int_inbuf_address0    |  out|   10|   ap_memory|    srcnn_float_255_255_float_1_9_9_float_float_64_1_1_float_float_32_5_5_float_float_255_255_int_inbuf|         array|
|srcnn_float_255_255_float_1_9_9_float_float_64_1_1_float_float_32_5_5_float_float_255_255_int_inbuf_ce0         |  out|    1|   ap_memory|    srcnn_float_255_255_float_1_9_9_float_float_64_1_1_float_float_32_5_5_float_float_255_255_int_inbuf|         array|
|srcnn_float_255_255_float_1_9_9_float_float_64_1_1_float_float_32_5_5_float_float_255_255_int_inbuf_q0          |   in|   32|   ap_memory|    srcnn_float_255_255_float_1_9_9_float_float_64_1_1_float_float_32_5_5_float_float_255_255_int_inbuf|         array|
|p_cast8_i_i                                                                                                     |   in|    8|     ap_none|                                                                                            p_cast8_i_i|        scalar|
|p_cast9_i_i                                                                                                     |   in|    8|     ap_none|                                                                                            p_cast9_i_i|        scalar|
|p_cast10_i_i                                                                                                    |   in|    8|     ap_none|                                                                                           p_cast10_i_i|        scalar|
|p_cast11_i_i                                                                                                    |   in|    8|     ap_none|                                                                                           p_cast11_i_i|        scalar|
|p_cast12_i_i                                                                                                    |   in|    8|     ap_none|                                                                                           p_cast12_i_i|        scalar|
|p_cast13_i_i                                                                                                    |   in|    8|     ap_none|                                                                                           p_cast13_i_i|        scalar|
|p_cast14_i_i                                                                                                    |   in|    8|     ap_none|                                                                                           p_cast14_i_i|        scalar|
|zext_ln103                                                                                                      |   in|    8|     ap_none|                                                                                             zext_ln103|        scalar|
|srcnn_float_255_255_float_1_9_9_float_float_64_1_1_float_float_32_5_5_float_float_255_255_int_inbuf_1_address0  |  out|   10|   ap_memory|  srcnn_float_255_255_float_1_9_9_float_float_64_1_1_float_float_32_5_5_float_float_255_255_int_inbuf_1|         array|
|srcnn_float_255_255_float_1_9_9_float_float_64_1_1_float_float_32_5_5_float_float_255_255_int_inbuf_1_ce0       |  out|    1|   ap_memory|  srcnn_float_255_255_float_1_9_9_float_float_64_1_1_float_float_32_5_5_float_float_255_255_int_inbuf_1|         array|
|srcnn_float_255_255_float_1_9_9_float_float_64_1_1_float_float_32_5_5_float_float_255_255_int_inbuf_1_q0        |   in|   32|   ap_memory|  srcnn_float_255_255_float_1_9_9_float_float_64_1_1_float_float_32_5_5_float_float_255_255_int_inbuf_1|         array|
|srcnn_float_255_255_float_1_9_9_float_float_64_1_1_float_float_32_5_5_float_float_255_255_int_inbuf_2_address0  |  out|   10|   ap_memory|  srcnn_float_255_255_float_1_9_9_float_float_64_1_1_float_float_32_5_5_float_float_255_255_int_inbuf_2|         array|
|srcnn_float_255_255_float_1_9_9_float_float_64_1_1_float_float_32_5_5_float_float_255_255_int_inbuf_2_ce0       |  out|    1|   ap_memory|  srcnn_float_255_255_float_1_9_9_float_float_64_1_1_float_float_32_5_5_float_float_255_255_int_inbuf_2|         array|
|srcnn_float_255_255_float_1_9_9_float_float_64_1_1_float_float_32_5_5_float_float_255_255_int_inbuf_2_q0        |   in|   32|   ap_memory|  srcnn_float_255_255_float_1_9_9_float_float_64_1_1_float_float_32_5_5_float_float_255_255_int_inbuf_2|         array|
|p_smodpost_i_i                                                                                                  |   in|    2|     ap_none|                                                                                         p_smodpost_i_i|        scalar|
|add51_837_i_i_out                                                                                               |  out|   32|      ap_vld|                                                                                      add51_837_i_i_out|       pointer|
|add51_837_i_i_out_ap_vld                                                                                        |  out|    1|      ap_vld|                                                                                      add51_837_i_i_out|       pointer|
|add51_736_i_i_out                                                                                               |  out|   32|      ap_vld|                                                                                      add51_736_i_i_out|       pointer|
|add51_736_i_i_out_ap_vld                                                                                        |  out|    1|      ap_vld|                                                                                      add51_736_i_i_out|       pointer|
|add51_635_i_i_out                                                                                               |  out|   32|      ap_vld|                                                                                      add51_635_i_i_out|       pointer|
|add51_635_i_i_out_ap_vld                                                                                        |  out|    1|      ap_vld|                                                                                      add51_635_i_i_out|       pointer|
|add51_534_i_i_out                                                                                               |  out|   32|      ap_vld|                                                                                      add51_534_i_i_out|       pointer|
|add51_534_i_i_out_ap_vld                                                                                        |  out|    1|      ap_vld|                                                                                      add51_534_i_i_out|       pointer|
|add51_433_i_i_out                                                                                               |  out|   32|      ap_vld|                                                                                      add51_433_i_i_out|       pointer|
|add51_433_i_i_out_ap_vld                                                                                        |  out|    1|      ap_vld|                                                                                      add51_433_i_i_out|       pointer|
|add51_332_i_i_out                                                                                               |  out|   32|      ap_vld|                                                                                      add51_332_i_i_out|       pointer|
|add51_332_i_i_out_ap_vld                                                                                        |  out|    1|      ap_vld|                                                                                      add51_332_i_i_out|       pointer|
|add51_231_i_i_out                                                                                               |  out|   32|      ap_vld|                                                                                      add51_231_i_i_out|       pointer|
|add51_231_i_i_out_ap_vld                                                                                        |  out|    1|      ap_vld|                                                                                      add51_231_i_i_out|       pointer|
|add51_130_i_i_out                                                                                               |  out|   32|      ap_vld|                                                                                      add51_130_i_i_out|       pointer|
|add51_130_i_i_out_ap_vld                                                                                        |  out|    1|      ap_vld|                                                                                      add51_130_i_i_out|       pointer|
|add5129_i_i_out                                                                                                 |  out|   32|      ap_vld|                                                                                        add5129_i_i_out|       pointer|
|add5129_i_i_out_ap_vld                                                                                          |  out|    1|      ap_vld|                                                                                        add5129_i_i_out|       pointer|
|srcnn_float_255_255_float_1_9_9_float_float_64_1_1_f_10_address0                                                |  out|   11|   ap_stable|                                                srcnn_float_255_255_float_1_9_9_float_float_64_1_1_f_10|         array|
|srcnn_float_255_255_float_1_9_9_float_float_64_1_1_f_10_ce0                                                     |  out|    1|   ap_stable|                                                srcnn_float_255_255_float_1_9_9_float_float_64_1_1_f_10|         array|
|srcnn_float_255_255_float_1_9_9_float_float_64_1_1_f_10_q0                                                      |   in|   32|   ap_stable|                                                srcnn_float_255_255_float_1_9_9_float_float_64_1_1_f_10|         array|
|srcnn_float_255_255_float_1_9_9_float_float_64_1_1_f_9_address0                                                 |  out|   11|   ap_stable|                                                 srcnn_float_255_255_float_1_9_9_float_float_64_1_1_f_9|         array|
|srcnn_float_255_255_float_1_9_9_float_float_64_1_1_f_9_ce0                                                      |  out|    1|   ap_stable|                                                 srcnn_float_255_255_float_1_9_9_float_float_64_1_1_f_9|         array|
|srcnn_float_255_255_float_1_9_9_float_float_64_1_1_f_9_q0                                                       |   in|   32|   ap_stable|                                                 srcnn_float_255_255_float_1_9_9_float_float_64_1_1_f_9|         array|
|srcnn_float_255_255_float_1_9_9_float_float_64_1_1_f_8_address0                                                 |  out|   11|   ap_stable|                                                 srcnn_float_255_255_float_1_9_9_float_float_64_1_1_f_8|         array|
|srcnn_float_255_255_float_1_9_9_float_float_64_1_1_f_8_ce0                                                      |  out|    1|   ap_stable|                                                 srcnn_float_255_255_float_1_9_9_float_float_64_1_1_f_8|         array|
|srcnn_float_255_255_float_1_9_9_float_float_64_1_1_f_8_q0                                                       |   in|   32|   ap_stable|                                                 srcnn_float_255_255_float_1_9_9_float_float_64_1_1_f_8|         array|
+----------------------------------------------------------------------------------------------------------------+-----+-----+------------+-------------------------------------------------------------------------------------------------------+--------------+

